Archive member included because of file (symbol)

c:/altera/13.0sp1/nios2eds/bin/gnu/h-i686-mingw32/bin/../lib/gcc/nios2-elf/4.1.2/../../../../nios2-elf/lib\libm.a(lib_a-w_sqrt.o)
                              obj/default/geometry.o (sqrt)
c:/altera/13.0sp1/nios2eds/bin/gnu/h-i686-mingw32/bin/../lib/gcc/nios2-elf/4.1.2/../../../../nios2-elf/lib\libm.a(lib_a-e_sqrt.o)
                              c:/altera/13.0sp1/nios2eds/bin/gnu/h-i686-mingw32/bin/../lib/gcc/nios2-elf/4.1.2/../../../../nios2-elf/lib\libm.a(lib_a-w_sqrt.o) (__ieee754_sqrt)
c:/altera/13.0sp1/nios2eds/bin/gnu/h-i686-mingw32/bin/../lib/gcc/nios2-elf/4.1.2/../../../../nios2-elf/lib\libm.a(lib_a-s_isnand.o)
                              c:/altera/13.0sp1/nios2eds/bin/gnu/h-i686-mingw32/bin/../lib/gcc/nios2-elf/4.1.2/../../../../nios2-elf/lib\libm.a(lib_a-w_sqrt.o) (__isnand)
c:/altera/13.0sp1/nios2eds/bin/gnu/h-i686-mingw32/bin/../lib/gcc/nios2-elf/4.1.2/../../../../nios2-elf/lib\libm.a(lib_a-s_lib_ver.o)
                              c:/altera/13.0sp1/nios2eds/bin/gnu/h-i686-mingw32/bin/../lib/gcc/nios2-elf/4.1.2/../../../../nios2-elf/lib\libm.a(lib_a-w_sqrt.o) (__fdlib_version)
c:/altera/13.0sp1/nios2eds/bin/gnu/h-i686-mingw32/bin/../lib/gcc/nios2-elf/4.1.2/../../../../nios2-elf/lib\libm.a(lib_a-s_matherr.o)
                              c:/altera/13.0sp1/nios2eds/bin/gnu/h-i686-mingw32/bin/../lib/gcc/nios2-elf/4.1.2/../../../../nios2-elf/lib\libm.a(lib_a-w_sqrt.o) (matherr)
c:/altera/13.0sp1/nios2eds/bin/gnu/h-i686-mingw32/bin/../lib/gcc/nios2-elf/4.1.2\libgcc.a(_addsub_sf.o)
                              obj/default/gui.o (__addsf3)
c:/altera/13.0sp1/nios2eds/bin/gnu/h-i686-mingw32/bin/../lib/gcc/nios2-elf/4.1.2\libgcc.a(_mul_sf.o)
                              obj/default/gui.o (__mulsf3)
c:/altera/13.0sp1/nios2eds/bin/gnu/h-i686-mingw32/bin/../lib/gcc/nios2-elf/4.1.2\libgcc.a(_div_sf.o)
                              obj/default/gui.o (__divsf3)
c:/altera/13.0sp1/nios2eds/bin/gnu/h-i686-mingw32/bin/../lib/gcc/nios2-elf/4.1.2\libgcc.a(_gt_sf.o)
                              obj/default/gui.o (__gtsf2)
c:/altera/13.0sp1/nios2eds/bin/gnu/h-i686-mingw32/bin/../lib/gcc/nios2-elf/4.1.2\libgcc.a(_si_to_sf.o)
                              obj/default/gui.o (__floatsisf)
c:/altera/13.0sp1/nios2eds/bin/gnu/h-i686-mingw32/bin/../lib/gcc/nios2-elf/4.1.2\libgcc.a(_sf_to_si.o)
                              obj/default/gui.o (__fixsfsi)
c:/altera/13.0sp1/nios2eds/bin/gnu/h-i686-mingw32/bin/../lib/gcc/nios2-elf/4.1.2\libgcc.a(_sf_to_df.o)
                              obj/default/gui.o (__extendsfdf2)
c:/altera/13.0sp1/nios2eds/bin/gnu/h-i686-mingw32/bin/../lib/gcc/nios2-elf/4.1.2\libgcc.a(_thenan_sf.o)
                              c:/altera/13.0sp1/nios2eds/bin/gnu/h-i686-mingw32/bin/../lib/gcc/nios2-elf/4.1.2\libgcc.a(_addsub_sf.o) (__thenan_sf)
c:/altera/13.0sp1/nios2eds/bin/gnu/h-i686-mingw32/bin/../lib/gcc/nios2-elf/4.1.2\libgcc.a(_usi_to_sf.o)
                              obj/default/gui.o (__floatunsisf)
c:/altera/13.0sp1/nios2eds/bin/gnu/h-i686-mingw32/bin/../lib/gcc/nios2-elf/4.1.2\libgcc.a(_addsub_df.o)
                              c:/altera/13.0sp1/nios2eds/bin/gnu/h-i686-mingw32/bin/../lib/gcc/nios2-elf/4.1.2/../../../../nios2-elf/lib\libm.a(lib_a-e_sqrt.o) (__subdf3)
c:/altera/13.0sp1/nios2eds/bin/gnu/h-i686-mingw32/bin/../lib/gcc/nios2-elf/4.1.2\libgcc.a(_mul_df.o)
                              c:/altera/13.0sp1/nios2eds/bin/gnu/h-i686-mingw32/bin/../lib/gcc/nios2-elf/4.1.2/../../../../nios2-elf/lib\libm.a(lib_a-e_sqrt.o) (__muldf3)
c:/altera/13.0sp1/nios2eds/bin/gnu/h-i686-mingw32/bin/../lib/gcc/nios2-elf/4.1.2\libgcc.a(_div_df.o)
                              obj/default/gui.o (__divdf3)
c:/altera/13.0sp1/nios2eds/bin/gnu/h-i686-mingw32/bin/../lib/gcc/nios2-elf/4.1.2\libgcc.a(_gt_df.o)
                              obj/default/gui.o (__gtdf2)
c:/altera/13.0sp1/nios2eds/bin/gnu/h-i686-mingw32/bin/../lib/gcc/nios2-elf/4.1.2\libgcc.a(_lt_df.o)
                              c:/altera/13.0sp1/nios2eds/bin/gnu/h-i686-mingw32/bin/../lib/gcc/nios2-elf/4.1.2/../../../../nios2-elf/lib\libm.a(lib_a-w_sqrt.o) (__ltdf2)
c:/altera/13.0sp1/nios2eds/bin/gnu/h-i686-mingw32/bin/../lib/gcc/nios2-elf/4.1.2\libgcc.a(_si_to_df.o)
                              obj/default/geometry.o (__floatsidf)
c:/altera/13.0sp1/nios2eds/bin/gnu/h-i686-mingw32/bin/../lib/gcc/nios2-elf/4.1.2\libgcc.a(_df_to_si.o)
                              obj/default/geometry.o (__fixdfsi)
c:/altera/13.0sp1/nios2eds/bin/gnu/h-i686-mingw32/bin/../lib/gcc/nios2-elf/4.1.2\libgcc.a(_make_df.o)
                              c:/altera/13.0sp1/nios2eds/bin/gnu/h-i686-mingw32/bin/../lib/gcc/nios2-elf/4.1.2\libgcc.a(_sf_to_df.o) (__make_dp)
c:/altera/13.0sp1/nios2eds/bin/gnu/h-i686-mingw32/bin/../lib/gcc/nios2-elf/4.1.2\libgcc.a(_df_to_sf.o)
                              obj/default/gui.o (__truncdfsf2)
[...]
Memory Configuration

Name             Origin             Length             Attributes
sdram            0x02000000         0x00800000
reset            0x02c00000         0x00000020
cfi_flash        0x02c00020         0x003fffe0
sram_BEFORE_EXCEPTION 0x03080000         0x00000020
sram             0x03080020         0x0007ffe0
epcs_flash_controller 0x03101000         0x00000800
*default*        0x00000000         0xffffffff

Linker script and memory map

LOAD ../integrated_v1_bsp//obj/HAL/src/crt0.o
LOAD obj/default/I2C.o
LOAD obj/default/LCD.o
LOAD obj/default/debug.o
LOAD obj/default/flash.o
LOAD obj/default/geometry.o
LOAD obj/default/gesture.o
LOAD obj/default/gui.o
LOAD obj/default/gui_vpg.o
LOAD obj/default/main.o
LOAD obj/default/multi_touch.o
LOAD obj/default/plotter.o
LOAD obj/default/queue.o
LOAD obj/default/sensor.o
LOAD obj/default/simple_graphics.o
LOAD obj/default/simple_text.o
LOAD obj/default/tahomabold_20.o
LOAD obj/default/tahomabold_32.o
LOAD obj/default/vip_fr.o
LOAD c:/altera/13.0sp1/nios2eds/bin/gnu/h-i686-mingw32/bin/../lib/gcc/nios2-elf/4.1.2/../../../../nios2-elf/lib\libstdc++.a
LOAD c:/altera/13.0sp1/nios2eds/bin/gnu/h-i686-mingw32/bin/../lib/gcc/nios2-elf/4.1.2/../../../../nios2-elf/lib\libm.a
LOAD c:/altera/13.0sp1/nios2eds/bin/gnu/h-i686-mingw32/bin/../lib/gcc/nios2-elf/4.1.2\libgcc.a
START GROUP
LOAD c:/altera/13.0sp1/nios2eds/bin/gnu/h-i686-mingw32/bin/../lib/gcc/nios2-elf/4.1.2/../../../../nios2-elf/lib\libc.a
LOAD c:/altera/13.0sp1/nios2eds/bin/gnu/h-i686-mingw32/bin/../lib/gcc/nios2-elf/4.1.2\libgcc.a
LOAD ../integrated_v1_bsp/\libhal_bsp.a
END GROUP
LOAD c:/altera/13.0sp1/nios2eds/bin/gnu/h-i686-mingw32/bin/../lib/gcc/nios2-elf/4.1.2\libgcc.a
                0x02000000                __alt_mem_sdram = 0x2000000
                0x02c00000                __alt_mem_cfi_flash = 0x2c00000
                0x03080000                __alt_mem_sram = 0x3080000
                0x03101000                __alt_mem_epcs_flash_controller = 0x3101000

.entry          0x02c00000        0x0
 *(.entry)
 .entry         0x02c00000        0x0 ../integrated_v1_bsp//obj/HAL/src/crt0.o
                0x02c00000                __reset

.exceptions     0x03080020      0x198
                0x03080020                PROVIDE (__ram_exceptions_start, ABSOLUTE (.))
                0x03080020                . = ALIGN (0x20)
 *(.irq)
 *(.exceptions.entry.label)
 .exceptions.entry.label
                0x03080020        0x0 ../integrated_v1_bsp/\libhal_bsp.a(alt_irq_entry.o)
                0x03080020                alt_irq_entry
 .exceptions.entry.label
                0x03080020        0x0 ../integrated_v1_bsp/\libhal_bsp.a(alt_exception_entry.o)
                0x03080020                alt_exception
 *(.exceptions.entry.user)
 *(.exceptions.entry)
 .exceptions.entry
                0x03080020       0x54 ../integrated_v1_bsp/\libhal_bsp.a(alt_exception_entry.o)
 *(.exceptions.irqtest.user)
 *(.exceptions.irqtest)
 .exceptions.irqtest
                0x03080074       0x10 ../integrated_v1_bsp/\libhal_bsp.a(alt_irq_entry.o)
 *(.exceptions.irqhandler.user)
 *(.exceptions.irqhandler)
 .exceptions.irqhandler
                0x03080084        0x4 ../integrated_v1_bsp/\libhal_bsp.a(alt_irq_entry.o)
 *(.exceptions.irqreturn.user)
 *(.exceptions.irqreturn)
 .exceptions.irqreturn
                0x03080088        0x4 ../integrated_v1_bsp/\libhal_bsp.a(alt_irq_entry.o)
 *(.exceptions.notirq.label)
 .exceptions.notirq.label
                0x0308008c        0x0 ../integrated_v1_bsp/\libhal_bsp.a(alt_irq_entry.o)
 *(.exceptions.notirq.user)
 *(.exceptions.notirq)
 .exceptions.notirq
                0x0308008c        0x8 ../integrated_v1_bsp/\libhal_bsp.a(alt_exception_entry.o)
 *(.exceptions.soft.user)
 *(.exceptions.soft)
 *(.exceptions.unknown.user)
 *(.exceptions.unknown)
 .exceptions.unknown
                0x03080094        0x4 ../integrated_v1_bsp/\libhal_bsp.a(alt_exception_entry.o)
 *(.exceptions.exit.label)
 .exceptions.exit.label
                0x03080098        0x0 ../integrated_v1_bsp/\libhal_bsp.a(alt_irq_entry.o)
 .exceptions.exit.label
                0x03080098        0x0 ../integrated_v1_bsp/\libhal_bsp.a(alt_exception_entry.o)
 *(.exceptions.exit.user)
 *(.exceptions.exit)
 .exceptions.exit
                0x03080098       0x54 ../integrated_v1_bsp/\libhal_bsp.a(alt_exception_entry.o)
 *(.exceptions)
 .exceptions    0x030800ec       0xcc ../integrated_v1_bsp/\libhal_bsp.a(alt_irq_handler.o)
                0x030800ec                alt_irq_handler
                0x030801b8                PROVIDE (__ram_exceptions_end, ABSOLUTE (.))
                0x03080020                PROVIDE (__flash_exceptions_start, LOADADDR (.exceptions))

.text           0x030801b8    0x1d1cc
                0x030801b8                PROVIDE (stext, ABSOLUTE (.))
 *(.interp)
 *(.hash)
 *(.dynsym)
 *(.dynstr)
 *(.gnu.version)
 *(.gnu.version_d)
 *(.gnu.version_r)
 *(.rel.init)
 *(.rela.init)
 *(.rel.text .rel.text.* .rel.gnu.linkonce.t.*)
 *(.rela.text .rela.text.* .rela.gnu.linkonce.t.*)
 *(.rel.fini)
 *(.rela.fini)
 *(.rel.rodata .rel.rodata.* .rel.gnu.linkonce.r.*)
 *(.rela.rodata .rela.rodata.* .rela.gnu.linkonce.r.*)
 *(.rel.data .rel.data.* .rel.gnu.linkonce.d.*)
 *(.rela.data .rela.data.* .rela.gnu.linkonce.d.*)
 *(.rel.tdata .rel.tdata.* .rel.gnu.linkonce.td.*)
 *(.rela.tdata .rela.tdata.* .rela.gnu.linkonce.td.*)
 *(.rel.tbss .rel.tbss.* .rel.gnu.linkonce.tb.*)
 *(.rela.tbss .rela.tbss.* .rela.gnu.linkonce.tb.*)
 *(.rel.ctors)
 *(.rela.ctors)
 *(.rel.dtors)
 *(.rela.dtors)
 *(.rel.got)
 *(.rela.got)
 *(.rel.sdata .rel.sdata.* .rel.gnu.linkonce.s.*)
 *(.rela.sdata .rela.sdata.* .rela.gnu.linkonce.s.*)
 *(.rel.sbss .rel.sbss.* .rel.gnu.linkonce.sb.*)
 *(.rela.sbss .rela.sbss.* .rela.gnu.linkonce.sb.*)
 *(.rel.sdata2 .rel.sdata2.* .rel.gnu.linkonce.s2.*)
 *(.rela.sdata2 .rela.sdata2.* .rela.gnu.linkonce.s2.*)
 *(.rel.sbss2 .rel.sbss2.* .rel.gnu.linkonce.sb2.*)
 *(.rela.sbss2 .rela.sbss2.* .rela.gnu.linkonce.sb2.*)
 *(.rel.bss .rel.bss.* .rel.gnu.linkonce.b.*)
 *(.rela.bss .rela.bss.* .rela.gnu.linkonce.b.*)
 *(.rel.plt)
 *(.rela.plt)
 *(.rel.dyn)
 *(.init)
 *(.plt)
 *(.text .stub .text.* .gnu.linkonce.t.*)
 .text          0x030801b8       0x48 ../integrated_v1_bsp//obj/HAL/src/crt0.o
                0x030801b8                _start
 .text          0x03080200     0x1200 obj/default/I2C.o
                0x03080200                my_wait
                0x03080240                I2C_Write
                0x0308033c                I2C_Write16
                0x03080498                I2C_Read
                0x030805c0                I2C_Read16
                0x0308073c                I2C_MultipleRead
                0x030808bc                i2c_start
                0x03080944                i2c_stop
                0x030809bc                i2c_write
                0x03080b28                i2c_read
                0x03080c74                I2CL_Write
                0x03080dd0                I2CL_Read
                0x03080f58                I2CL_MultipleRead
                0x03081138                I2CL_MultipleWrite
                0x030812d8                I2CL_Read16
                0x0308136c                I2CL_Write16
 .text          0x03081400      0x184 obj/default/LCD.o
                0x03081400                LCD_Open
                0x0308145c                LCD_TextOut
                0x030814c0                LCD_Clear
                0x03081548                LCD_Close
 .text          0x03081584      0x194 obj/default/debug.o
                0x03081584                debug_output
                0x030815b4                myprintf
                0x03081614                myprintf_hexarray
                0x03081694                myprintf_dwordarray
 .text          0x03081718      0xf10 obj/default/flash.o
                0x03081718                Flash_InfoDump
                0x0308189c                Flash_Open
                0x0308196c                Flash_Close
                0x030819c4                Flash_GetBlockInfo
                0x03081b00                Flash_Read
                0x03081bb8                Flash_Write
                0x03081e18                Flash_Erase
                0x03081f0c                Flash_GetBlockCount
                0x03081f90                Flash_Size
                0x03082078                FLASH_Verify
 .text          0x03082628      0x3f4 obj/default/geometry.o
                0x03082628                IsPtInRect
                0x030826ac                PtSet
                0x030826ec                RectSet
                0x03082748                RectInflate
                0x030827d0                RectOffset
                0x03082858                RectCopy
                0x030828bc                RectWidth
                0x030828f0                RectHeight
                0x03082924                PtDistance
                0x030829d8                PtCopy
 .text          0x03082a1c        0x0 obj/default/gesture.o
 .text          0x03082a1c     0x1a84 obj/default/gui.o
                0x03082a1c                current_alarm_callback
                0x03082a88                get_max
                0x03082b24                my_alarm_callback
                0x03082b80                get_scale_factor
                0x03082bd4                add_sample
                0x03082c64                add_samples_long
                0x03082ce0                plot
                0x03082e80                sliding_plot
                0x030830a4                draw_options
                0x03083324                GUI_CheckButton
                0x03083378                drawStats
                0x030834b0                GUI_DeskDraw
                0x0308374c                GUI
 .text          0x030844a0      0x820 obj/default/gui_vpg.o
                0x030844a0                ShowInfo
                0x03084500                VPG_XLine
                0x030845b8                VPG_ColorPanel
                0x03084654                VPG_Grid
                0x03084748                VPG_VGrid
                0x03084828                VPG_HGrid
                0x03084908                VPG_ColorBar
                0x03084a7c                GUI_VPG
 .text          0x03084cc0       0xf0 obj/default/main.o
                0x03084cc0                main
 .text          0x03084db0     0x130c obj/default/multi_touch.o
                0x030850e8                MTC_Init
                0x030851b8                MTC_UnInit
                0x03085200                MTC_GetStatus
                0x030852e0                MTC_ShowEventText
                0x030856b4                MTC_ClearEvent
                0x030856e8                MTC_QueryEventText
 .text          0x030860bc        0x0 obj/default/plotter.o
 .text          0x030860bc      0x2a8 obj/default/queue.o
                0x030860bc                QUEUE_New
                0x0308612c                QUEUE_Delete
                0x0308615c                QUEUE_IsEmpty
                0x030861a4                QUEUE_IsFull
                0x03086208                QUEUE_Push
                0x030862a0                QUEUE_Pop
                0x03086334                QUEUE_Empty
 .text          0x03086364      0x5d8 obj/default/sensor.o
                0x03086364                initSensorVars
                0x0308638c                initializePorts
                0x03086420                readadc
                0x030865e0                toggleClock
                0x03086644                vin
                0x03086690                estimateV
                0x0308677c                iin
                0x030867cc                estimateI
 .text          0x0308693c     0x2df0 obj/default/simple_graphics.o
                0x0308693c                vid_clean_screen
                0x03086994                vid_draw_line
                0x03086a50                vid_scroll_string_quit
                0x03086a8c                vid_scroll_string_init
                0x03086bd8                vid_scroll_string
                0x03086f90                vid_move_block
                0x030870ac                vid_print_string
                0x030871c0                vid_draw_box
                0x030872fc                vid_print_char
                0x030873e4                vid_set_pixel
                0x03087558                vid_get_pixel
                0x030875cc                vid_paint_block
                0x03087840                vid_draw_horiz_line
                0x03087b18                vid_merge_colors
                0x03087b64                vid_color_convert24_16
                0x03087c04                vid_color_convert16_24
                0x03087c6c                vid_copy_line_to_frame_buffer
                0x03087f28                vid_draw_sloped_line
                0x030881a4                vid_draw_circle
                0x03088310                vid_draw_round_corner_box
                0x030886dc                vid_round_corner_points
                0x03088d64                max3
                0x03088db8                min3
                0x03088e0c                max_diff3
                0x03088e70                vid_put_pixel_in_span_map
                0x03088f7c                vid_bres_scan_edges
                0x030891dc                vid_draw_triangle
                0x03089524                CopyImage16
                0x03089600                CropImage16
 .text          0x0308972c      0xc74 obj/default/simple_text.o
                0x0308972c                vid_print_string_alpha
                0x030899a4                seperate_color_channels
                0x03089af8                merge_color_channels
                0x03089c50                read_from_frame
                0x03089e6c                alpha_blending
                0x0308a100                vid_print_char_alpha
                0x0308a2ac                vid_string_pixel_length_alpha
 .text          0x0308a3a0        0x0 obj/default/tahomabold_20.o
 .text          0x0308a3a0        0x0 obj/default/tahomabold_32.o
 .text          0x0308a3a0      0x5e8 obj/default/vip_fr.o
                0x0308a3a0                VIPFR_Init
                0x0308a46c                VIPFR_UnInit
                0x0308a4a8                VIPFR_SetFrameSize
                0x0308a5b8                VIPFR_Go
                0x0308a5f8                VIPFR_GetDrawFrame
                0x0308a64c                VIPFR_ActiveDrawFrame
                0x0308a6f4                DRAW_EraseScreen
                0x0308a758                FrameReader_SetFrame0
                0x0308a7e4                FrameReader_SetFrame1
                0x0308a870                FrameReader_SelectFrame
                0x0308a8a4                FrameReader_Go
                0x0308a8dc                VIPFR_ReserveBackground
 .text          0x0308a988      0x130 c:/altera/13.0sp1/nios2eds/bin/gnu/h-i686-mingw32/bin/../lib/gcc/nios2-elf/4.1.2/../../../../nios2-elf/lib\libm.a(lib_a-w_sqrt.o)
                0x0308a988                sqrt
 .text          0x0308aab8      0x2c8 c:/altera/13.0sp1/nios2eds/bin/gnu/h-i686-mingw32/bin/../lib/gcc/nios2-elf/4.1.2/../../../../nios2-elf/lib\libm.a(lib_a-e_sqrt.o)
                0x0308aab8                __ieee754_sqrt
 .text          0x0308ad80       0x30 c:/altera/13.0sp1/nios2eds/bin/gnu/h-i686-mingw32/bin/../lib/gcc/nios2-elf/4.1.2/../../../../nios2-elf/lib\libm.a(lib_a-s_isnand.o)
                0x0308ad80                __isnand
 .text          0x0308adb0        0x0 c:/altera/13.0sp1/nios2eds/bin/gnu/h-i686-mingw32/bin/../lib/gcc/nios2-elf/4.1.2/../../../../nios2-elf/lib\libm.a(lib_a-s_lib_ver.o)
 .text          0x0308adb0        0x8 c:/altera/13.0sp1/nios2eds/bin/gnu/h-i686-mingw32/bin/../lib/gcc/nios2-elf/4.1.2/../../../../nios2-elf/lib\libm.a(lib_a-s_matherr.o)
                0x0308adb0                matherr
 .text          0x0308adb8      0x2b8 c:/altera/13.0sp1/nios2eds/bin/gnu/h-i686-mingw32/bin/../lib/gcc/nios2-elf/4.1.2\libgcc.a(_addsub_sf.o)
                0x0308af9c                __subsf3
                0x0308b00c                __addsf3
 .text          0x0308b070      0x1e0 c:/altera/13.0sp1/nios2eds/bin/gnu/h-i686-mingw32/bin/../lib/gcc/nios2-elf/4.1.2\libgcc.a(_mul_sf.o)
                0x0308b070                __mulsf3
 .text          0x0308b250      0x174 c:/altera/13.0sp1/nios2eds/bin/gnu/h-i686-mingw32/bin/../lib/gcc/nios2-elf/4.1.2\libgcc.a(_div_sf.o)
                0x0308b250                __divsf3
 .text          0x0308b3c4       0x78 c:/altera/13.0sp1/nios2eds/bin/gnu/h-i686-mingw32/bin/../lib/gcc/nios2-elf/4.1.2\libgcc.a(_gt_sf.o)
                0x0308b3c4                __gtsf2
 .text          0x0308b43c       0x98 c:/altera/13.0sp1/nios2eds/bin/gnu/h-i686-mingw32/bin/../lib/gcc/nios2-elf/4.1.2\libgcc.a(_si_to_sf.o)
                0x0308b43c                __floatsisf
 .text          0x0308b4d4       0x94 c:/altera/13.0sp1/nios2eds/bin/gnu/h-i686-mingw32/bin/../lib/gcc/nios2-elf/4.1.2\libgcc.a(_sf_to_si.o)
                0x0308b4d4                __fixsfsi
 .text          0x0308b568       0x54 c:/altera/13.0sp1/nios2eds/bin/gnu/h-i686-mingw32/bin/../lib/gcc/nios2-elf/4.1.2\libgcc.a(_sf_to_df.o)
                0x0308b568                __extendsfdf2
 .text          0x0308b5bc        0x0 c:/altera/13.0sp1/nios2eds/bin/gnu/h-i686-mingw32/bin/../lib/gcc/nios2-elf/4.1.2\libgcc.a(_thenan_sf.o)
 .text          0x0308b5bc       0xc0 c:/altera/13.0sp1/nios2eds/bin/gnu/h-i686-mingw32/bin/../lib/gcc/nios2-elf/4.1.2\libgcc.a(_usi_to_sf.o)
                0x0308b5bc                __floatunsisf
 .text          0x0308b67c      0x504 c:/altera/13.0sp1/nios2eds/bin/gnu/h-i686-mingw32/bin/../lib/gcc/nios2-elf/4.1.2\libgcc.a(_addsub_df.o)
                0x0308ba8c                __subdf3
                0x0308bb0c                __adddf3
 .text          0x0308bb80      0x3c4 c:/altera/13.0sp1/nios2eds/bin/gnu/h-i686-mingw32/bin/../lib/gcc/nios2-elf/4.1.2\libgcc.a(_mul_df.o)
                0x0308bb80                __muldf3
 .text          0x0308bf44      0x258 c:/altera/13.0sp1/nios2eds/bin/gnu/h-i686-mingw32/bin/../lib/gcc/nios2-elf/4.1.2\libgcc.a(_div_df.o)
                0x0308bf44                __divdf3
 .text          0x0308c19c       0x88 c:/altera/13.0sp1/nios2eds/bin/gnu/h-i686-mingw32/bin/../lib/gcc/nios2-elf/4.1.2\libgcc.a(_gt_df.o)
                0x0308c19c                __gtdf2
 .text          0x0308c224       0x88 c:/altera/13.0sp1/nios2eds/bin/gnu/h-i686-mingw32/bin/../lib/gcc/nios2-elf/4.1.2\libgcc.a(_lt_df.o)
                0x0308c224                __ltdf2
 .text          0x0308c2ac       0xf8 c:/altera/13.0sp1/nios2eds/bin/gnu/h-i686-mingw32/bin/../lib/gcc/nios2-elf/4.1.2\libgcc.a(_si_to_df.o)
                0x0308c2ac                __floatsidf
 .text          0x0308c3a4       0xd8 c:/altera/13.0sp1/nios2eds/bin/gnu/h-i686-mingw32/bin/../lib/gcc/nios2-elf/4.1.2\libgcc.a(_df_to_si.o)
                0x0308c3a4                __fixdfsi
 .text          0x0308c47c       0x38 c:/altera/13.0sp1/nios2eds/bin/gnu/h-i686-mingw32/bin/../lib/gcc/nios2-elf/4.1.2\libgcc.a(_make_df.o)
                0x0308c47c                __make_dp
 .text          0x0308c4b4       0x74 c:/altera/13.0sp1/nios2eds/bin/gnu/h-i686-mingw32/bin/../lib/gcc/nios2-elf/4.1.2\libgcc.a(_df_to_sf.o)
                0x0308c4b4                __truncdfsf2
 .text          0x0308c528        0x0 c:/altera/13.0sp1/nios2eds/bin/gnu/h-i686-mingw32/bin/../lib/gcc/nios2-elf/4.1.2\libgcc.a(_thenan_df.o)
 .text          0x0308c528      0x14c c:/altera/13.0sp1/nios2eds/bin/gnu/h-i686-mingw32/bin/../lib/gcc/nios2-elf/4.1.2\libgcc.a(lib2-divmod.o)
                0x0308c5a4                __divsi3
                0x0308c604                __modsi3
                0x0308c664                __udivsi3
                0x0308c66c                __umodsi3
 .text          0x0308c674       0x98 c:/altera/13.0sp1/nios2eds/bin/gnu/h-i686-mingw32/bin/../lib/gcc/nios2-elf/4.1.2\libgcc.a(_muldi3.o)
                0x0308c674                __muldi3
 .text          0x0308c70c       0x80 c:/altera/13.0sp1/nios2eds/bin/gnu/h-i686-mingw32/bin/../lib/gcc/nios2-elf/4.1.2\libgcc.a(_clzsi2.o)
                0x0308c70c                __clzsi2
 .text          0x0308c78c      0x160 c:/altera/13.0sp1/nios2eds/bin/gnu/h-i686-mingw32/bin/../lib/gcc/nios2-elf/4.1.2\libgcc.a(_pack_sf.o)
                0x0308c78c                __pack_f
 .text          0x0308c8ec       0xc8 c:/altera/13.0sp1/nios2eds/bin/gnu/h-i686-mingw32/bin/../lib/gcc/nios2-elf/4.1.2\libgcc.a(_unpack_sf.o)
                0x0308c8ec                __unpack_f
 .text          0x0308c9b4       0xa8 c:/altera/13.0sp1/nios2eds/bin/gnu/h-i686-mingw32/bin/../lib/gcc/nios2-elf/4.1.2\libgcc.a(_fpcmp_parts_sf.o)
                0x0308c9b4                __fpcmp_parts_f
 .text          0x0308ca5c       0x2c c:/altera/13.0sp1/nios2eds/bin/gnu/h-i686-mingw32/bin/../lib/gcc/nios2-elf/4.1.2\libgcc.a(_make_sf.o)
                0x0308ca5c                __make_fp
 .text          0x0308ca88      0x314 c:/altera/13.0sp1/nios2eds/bin/gnu/h-i686-mingw32/bin/../lib/gcc/nios2-elf/4.1.2\libgcc.a(_pack_df.o)
                0x0308ca88                __pack_d
 .text          0x0308cd9c      0x138 c:/altera/13.0sp1/nios2eds/bin/gnu/h-i686-mingw32/bin/../lib/gcc/nios2-elf/4.1.2\libgcc.a(_unpack_df.o)
                0x0308cd9c                __unpack_d
 .text          0x0308ced4       0xc8 c:/altera/13.0sp1/nios2eds/bin/gnu/h-i686-mingw32/bin/../lib/gcc/nios2-elf/4.1.2\libgcc.a(_fpcmp_parts_df.o)
                0x0308ced4                __fpcmp_parts_d
 .text          0x0308cf9c        0x0 c:/altera/13.0sp1/nios2eds/bin/gnu/h-i686-mingw32/bin/../lib/gcc/nios2-elf/4.1.2\libgcc.a(_clz.o)
 .text          0x0308cf9c       0x10 c:/altera/13.0sp1/nios2eds/bin/gnu/h-i686-mingw32/bin/../lib/gcc/nios2-elf/4.1.2/../../../../nios2-elf/lib\libc.a(lib_a-errno.o)
                0x0308cf9c                __errno
 .text          0x0308cfac      0x124 c:/altera/13.0sp1/nios2eds/bin/gnu/h-i686-mingw32/bin/../lib/gcc/nios2-elf/4.1.2/../../../../nios2-elf/lib\libc.a(lib_a-fclose.o)
                0x0308cfac                _fclose_r
                0x0308d0bc                fclose
 .text          0x0308d0d0      0x230 c:/altera/13.0sp1/nios2eds/bin/gnu/h-i686-mingw32/bin/../lib/gcc/nios2-elf/4.1.2/../../../../nios2-elf/lib\libc.a(lib_a-fflush.o)
                0x0308d0d0                _fflush_r
                0x0308d2cc                fflush
 .text          0x0308d300      0x2c0 c:/altera/13.0sp1/nios2eds/bin/gnu/h-i686-mingw32/bin/../lib/gcc/nios2-elf/4.1.2/../../../../nios2-elf/lib\libc.a(lib_a-findfp.o)
                0x0308d358                __sfp_lock_acquire
                0x0308d35c                __sfp_lock_release
                0x0308d360                __sinit_lock_acquire
                0x0308d364                __sinit_lock_release
                0x0308d368                __sinit
                0x0308d41c                __fp_unlock_all
                0x0308d434                __fp_lock_all
                0x0308d44c                _cleanup_r
                0x0308d458                _cleanup
                0x0308d468                __sfmoreglue
                0x0308d4d0                __sfp
 .text          0x0308d5c0      0x110 c:/altera/13.0sp1/nios2eds/bin/gnu/h-i686-mingw32/bin/../lib/gcc/nios2-elf/4.1.2/../../../../nios2-elf/lib\libc.a(lib_a-fopen.o)
                0x0308d5c0                _fopen_r
                0x0308d6b4                fopen
 .text          0x0308d6d0      0x440 c:/altera/13.0sp1/nios2eds/bin/gnu/h-i686-mingw32/bin/../lib/gcc/nios2-elf/4.1.2/../../../../nios2-elf/lib\libc.a(lib_a-freer.o)
                0x0308d6d0                _malloc_trim_r
                0x0308d7fc                _free_r
 .text          0x0308db10      0x460 c:/altera/13.0sp1/nios2eds/bin/gnu/h-i686-mingw32/bin/../lib/gcc/nios2-elf/4.1.2/../../../../nios2-elf/lib\libc.a(lib_a-fseek.o)
                0x0308db10                _fseek_r
                0x0308df4c                fseek
 .text          0x0308df70       0x74 c:/altera/13.0sp1/nios2eds/bin/gnu/h-i686-mingw32/bin/../lib/gcc/nios2-elf/4.1.2/../../../../nios2-elf/lib\libc.a(lib_a-fstatr.o)
                0x0308df70                _fstat_r
 .text          0x0308dfe4      0x180 c:/altera/13.0sp1/nios2eds/bin/gnu/h-i686-mingw32/bin/../lib/gcc/nios2-elf/4.1.2/../../../../nios2-elf/lib\libc.a(lib_a-fwalk.o)
                0x0308dfe4                _fwalk_reent
                0x0308e0ac                _fwalk
 .text          0x0308e164       0xdc c:/altera/13.0sp1/nios2eds/bin/gnu/h-i686-mingw32/bin/../lib/gcc/nios2-elf/4.1.2/../../../../nios2-elf/lib\libc.a(lib_a-fwrite.o)
                0x0308e164                _fwrite_r
                0x0308e200                fwrite
 .text          0x0308e240        0x0 c:/altera/13.0sp1/nios2eds/bin/gnu/h-i686-mingw32/bin/../lib/gcc/nios2-elf/4.1.2/../../../../nios2-elf/lib\libc.a(lib_a-impure.o)
 .text          0x0308e240        0x0 c:/altera/13.0sp1/nios2eds/bin/gnu/h-i686-mingw32/bin/../lib/gcc/nios2-elf/4.1.2/../../../../nios2-elf/lib\libc.a(lib_a-int_errno.o)
 .text          0x0308e240      0x194 c:/altera/13.0sp1/nios2eds/bin/gnu/h-i686-mingw32/bin/../lib/gcc/nios2-elf/4.1.2/../../../../nios2-elf/lib\libc.a(lib_a-makebuf.o)
                0x0308e240                __smakebuf_r
 .text          0x0308e3d4       0x28 c:/altera/13.0sp1/nios2eds/bin/gnu/h-i686-mingw32/bin/../lib/gcc/nios2-elf/4.1.2/../../../../nios2-elf/lib\libc.a(lib_a-malloc.o)
                0x0308e3d4                free
                0x0308e3e8                malloc
 .text          0x0308e3fc      0x740 c:/altera/13.0sp1/nios2eds/bin/gnu/h-i686-mingw32/bin/../lib/gcc/nios2-elf/4.1.2/../../../../nios2-elf/lib\libc.a(lib_a-mallocr.o)
                0x0308e3fc                _malloc_r
 .text          0x0308eb3c       0xa0 c:/altera/13.0sp1/nios2eds/bin/gnu/h-i686-mingw32/bin/../lib/gcc/nios2-elf/4.1.2/../../../../nios2-elf/lib\libc.a(lib_a-memcpy.o)
                0x0308eb3c                memcpy
 .text          0x0308ebdc       0x98 c:/altera/13.0sp1/nios2eds/bin/gnu/h-i686-mingw32/bin/../lib/gcc/nios2-elf/4.1.2/../../../../nios2-elf/lib\libc.a(lib_a-memset.o)
                0x0308ebdc                memset
 .text          0x0308ec74       0x78 c:/altera/13.0sp1/nios2eds/bin/gnu/h-i686-mingw32/bin/../lib/gcc/nios2-elf/4.1.2/../../../../nios2-elf/lib\libc.a(lib_a-openr.o)
                0x0308ec74                _open_r
 .text          0x0308ecec       0x78 c:/altera/13.0sp1/nios2eds/bin/gnu/h-i686-mingw32/bin/../lib/gcc/nios2-elf/4.1.2/../../../../nios2-elf/lib\libc.a(lib_a-printf.o)
                0x0308ecec                printf
                0x0308ed30                _printf_r
 .text          0x0308ed64       0x24 c:/altera/13.0sp1/nios2eds/bin/gnu/h-i686-mingw32/bin/../lib/gcc/nios2-elf/4.1.2/../../../../nios2-elf/lib\libc.a(lib_a-putchar.o)
                0x0308ed64                putchar
                0x0308ed80                _putchar_r
 .text          0x0308ed88       0xb4 c:/altera/13.0sp1/nios2eds/bin/gnu/h-i686-mingw32/bin/../lib/gcc/nios2-elf/4.1.2/../../../../nios2-elf/lib\libc.a(lib_a-puts.o)
                0x0308ed88                _puts_r
                0x0308ee28                puts
 .text          0x0308ee3c      0x1e0 c:/altera/13.0sp1/nios2eds/bin/gnu/h-i686-mingw32/bin/../lib/gcc/nios2-elf/4.1.2/../../../../nios2-elf/lib\libc.a(lib_a-refill.o)
                0x0308ee3c                __srefill_r
 .text          0x0308f01c       0x70 c:/altera/13.0sp1/nios2eds/bin/gnu/h-i686-mingw32/bin/../lib/gcc/nios2-elf/4.1.2/../../../../nios2-elf/lib\libc.a(lib_a-sbrkr.o)
                0x0308f01c                _sbrk_r
 .text          0x0308f08c       0xd4 c:/altera/13.0sp1/nios2eds/bin/gnu/h-i686-mingw32/bin/../lib/gcc/nios2-elf/4.1.2/../../../../nios2-elf/lib\libc.a(lib_a-sprintf.o)
                0x0308f08c                sprintf
                0x0308f100                _sprintf_r
 .text          0x0308f160      0x14c c:/altera/13.0sp1/nios2eds/bin/gnu/h-i686-mingw32/bin/../lib/gcc/nios2-elf/4.1.2/../../../../nios2-elf/lib\libc.a(lib_a-stdio.o)
                0x0308f160                __sclose
                0x0308f168                __sseek
                0x0308f1d0                __swrite
                0x0308f24c                __sread
 .text          0x0308f2ac       0x8c c:/altera/13.0sp1/nios2eds/bin/gnu/h-i686-mingw32/bin/../lib/gcc/nios2-elf/4.1.2/../../../../nios2-elf/lib\libc.a(lib_a-strcpy.o)
                0x0308f2ac                strcpy
 .text          0x0308f338       0x74 c:/altera/13.0sp1/nios2eds/bin/gnu/h-i686-mingw32/bin/../lib/gcc/nios2-elf/4.1.2/../../../../nios2-elf/lib\libc.a(lib_a-strlen.o)
                0x0308f338                strlen
 .text          0x0308f3ac     0x1f28 c:/altera/13.0sp1/nios2eds/bin/gnu/h-i686-mingw32/bin/../lib/gcc/nios2-elf/4.1.2/../../../../nios2-elf/lib\libc.a(lib_a-vfprintf.o)
                0x0308f404                ___vfprintf_internal_r
                0x030912b0                __vfprintf_internal
 .text          0x030912d4       0xf4 c:/altera/13.0sp1/nios2eds/bin/gnu/h-i686-mingw32/bin/../lib/gcc/nios2-elf/4.1.2/../../../../nios2-elf/lib\libc.a(lib_a-vsnprintf.o)
                0x030912d4                _vsnprintf_r
                0x03091388                vsnprintf
 .text          0x030913c8       0x78 c:/altera/13.0sp1/nios2eds/bin/gnu/h-i686-mingw32/bin/../lib/gcc/nios2-elf/4.1.2/../../../../nios2-elf/lib\libc.a(lib_a-writer.o)
                0x030913c8                _write_r
 .text          0x03091440      0x13c c:/altera/13.0sp1/nios2eds/bin/gnu/h-i686-mingw32/bin/../lib/gcc/nios2-elf/4.1.2/../../../../nios2-elf/lib\libc.a(lib_a-wsetup.o)
                0x03091440                __swsetup_r
 .text          0x0309157c       0x70 c:/altera/13.0sp1/nios2eds/bin/gnu/h-i686-mingw32/bin/../lib/gcc/nios2-elf/4.1.2/../../../../nios2-elf/lib\libc.a(lib_a-closer.o)
                0x0309157c                _close_r
 .text          0x030915ec     0x17cc c:/altera/13.0sp1/nios2eds/bin/gnu/h-i686-mingw32/bin/../lib/gcc/nios2-elf/4.1.2/../../../../nios2-elf/lib\libc.a(lib_a-dtoa.o)
                0x03091804                _dtoa_r
 .text          0x03092db8       0xa0 c:/altera/13.0sp1/nios2eds/bin/gnu/h-i686-mingw32/bin/../lib/gcc/nios2-elf/4.1.2/../../../../nios2-elf/lib\libc.a(lib_a-flags.o)
                0x03092db8                __sflags
 .text          0x03092e58      0x49c c:/altera/13.0sp1/nios2eds/bin/gnu/h-i686-mingw32/bin/../lib/gcc/nios2-elf/4.1.2/../../../../nios2-elf/lib\libc.a(lib_a-fvwrite.o)
                0x03092e58                __sfvwrite_r
 .text          0x030932f4       0x70 c:/altera/13.0sp1/nios2eds/bin/gnu/h-i686-mingw32/bin/../lib/gcc/nios2-elf/4.1.2/../../../../nios2-elf/lib\libc.a(lib_a-isattyr.o)
                0x030932f4                _isatty_r
 .text          0x03093364       0xc4 c:/altera/13.0sp1/nios2eds/bin/gnu/h-i686-mingw32/bin/../lib/gcc/nios2-elf/4.1.2/../../../../nios2-elf/lib\libc.a(lib_a-locale.o)
                0x03093364                __locale_charset
                0x0309336c                _localeconv_r
                0x03093378                localeconv
                0x03093388                _setlocale_r
                0x0309340c                setlocale
 .text          0x03093428       0x78 c:/altera/13.0sp1/nios2eds/bin/gnu/h-i686-mingw32/bin/../lib/gcc/nios2-elf/4.1.2/../../../../nios2-elf/lib\libc.a(lib_a-lseekr.o)
                0x03093428                _lseek_r
 .text          0x030934a0       0xe4 c:/altera/13.0sp1/nios2eds/bin/gnu/h-i686-mingw32/bin/../lib/gcc/nios2-elf/4.1.2/../../../../nios2-elf/lib\libc.a(lib_a-memchr.o)
                0x030934a0                memchr
 .text          0x03093584       0xe0 c:/altera/13.0sp1/nios2eds/bin/gnu/h-i686-mingw32/bin/../lib/gcc/nios2-elf/4.1.2/../../../../nios2-elf/lib\libc.a(lib_a-memmove.o)
                0x03093584                memmove
 .text          0x03093664      0xff4 c:/altera/13.0sp1/nios2eds/bin/gnu/h-i686-mingw32/bin/../lib/gcc/nios2-elf/4.1.2/../../../../nios2-elf/lib\libc.a(lib_a-mprec.o)
                0x03093664                _Bfree
                0x0309368c                __hi0bits
                0x030936fc                __lo0bits
                0x030937c0                __mcmp
                0x03093820                __ulp
                0x030938a0                __b2d
                0x030939c0                __ratio
                0x03093a70                _mprec_log10
                0x03093b04                __copybits
                0x03093b5c                __any_on
                0x03093be4                _Balloc
                0x03093ca0                __d2b
                0x03093e1c                __mdiff
                0x03093fa8                __lshift
                0x030940f4                __multiply
                0x030942dc                __i2b
                0x03094318                __multadd
                0x03094418                __pow5mult
                0x03094538                __s2b
 .text          0x03094658      0x1ec c:/altera/13.0sp1/nios2eds/bin/gnu/h-i686-mingw32/bin/../lib/gcc/nios2-elf/4.1.2/../../../../nios2-elf/lib\libc.a(lib_a-putc.o)
                0x03094658                putc
                0x0309475c                _putc_r
 .text          0x03094844       0x78 c:/altera/13.0sp1/nios2eds/bin/gnu/h-i686-mingw32/bin/../lib/gcc/nios2-elf/4.1.2/../../../../nios2-elf/lib\libc.a(lib_a-readr.o)
                0x03094844                _read_r
 .text          0x030948bc      0x5f4 c:/altera/13.0sp1/nios2eds/bin/gnu/h-i686-mingw32/bin/../lib/gcc/nios2-elf/4.1.2/../../../../nios2-elf/lib\libc.a(lib_a-reallocr.o)
                0x030948bc                _realloc_r
 .text          0x03094eb0       0x40 c:/altera/13.0sp1/nios2eds/bin/gnu/h-i686-mingw32/bin/../lib/gcc/nios2-elf/4.1.2/../../../../nios2-elf/lib\libc.a(lib_a-s_isinfd.o)
                0x03094eb0                __isinfd
 .text          0x03094ef0       0xbc c:/altera/13.0sp1/nios2eds/bin/gnu/h-i686-mingw32/bin/../lib/gcc/nios2-elf/4.1.2/../../../../nios2-elf/lib\libc.a(lib_a-strcmp.o)
                0x03094ef0                strcmp
 .text          0x03094fac      0x14c c:/altera/13.0sp1/nios2eds/bin/gnu/h-i686-mingw32/bin/../lib/gcc/nios2-elf/4.1.2/../../../../nios2-elf/lib\libc.a(lib_a-wbuf.o)
                0x03094fac                __swbuf_r
                0x030950dc                __swbuf
 .text          0x030950f8       0xb4 c:/altera/13.0sp1/nios2eds/bin/gnu/h-i686-mingw32/bin/../lib/gcc/nios2-elf/4.1.2/../../../../nios2-elf/lib\libc.a(lib_a-callocr.o)
                0x030950f8                _calloc_r
 .text          0x030951ac      0x5dc c:/altera/13.0sp1/nios2eds/bin/gnu/h-i686-mingw32/bin/../lib/gcc/nios2-elf/4.1.2\libgcc.a(_udivdi3.o)
                0x030951ac                __udivdi3
 .text          0x03095788      0x5b0 c:/altera/13.0sp1/nios2eds/bin/gnu/h-i686-mingw32/bin/../lib/gcc/nios2-elf/4.1.2\libgcc.a(_umoddi3.o)
                0x03095788                __umoddi3
 .text          0x03095d38       0x88 c:/altera/13.0sp1/nios2eds/bin/gnu/h-i686-mingw32/bin/../lib/gcc/nios2-elf/4.1.2\libgcc.a(_eq_df.o)
                0x03095d38                __eqdf2
 .text          0x03095dc0       0x88 c:/altera/13.0sp1/nios2eds/bin/gnu/h-i686-mingw32/bin/../lib/gcc/nios2-elf/4.1.2\libgcc.a(_ne_df.o)
                0x03095dc0                __nedf2
 .text          0x03095e48       0x88 c:/altera/13.0sp1/nios2eds/bin/gnu/h-i686-mingw32/bin/../lib/gcc/nios2-elf/4.1.2\libgcc.a(_ge_df.o)
                0x03095e48                __gedf2
 .text          0x03095ed0      0x194 c:/altera/13.0sp1/nios2eds/bin/gnu/h-i686-mingw32/bin/../lib/gcc/nios2-elf/4.1.2\libgcc.a(_usi_to_df.o)
                0x03095ed0                __floatunsidf
 .text          0x03096064      0x154 ../integrated_v1_bsp/\libhal_bsp.a(alt_alarm_start.o)
                0x03096064                alt_alarm_start
 .text          0x030961b8      0x15c ../integrated_v1_bsp/\libhal_bsp.a(alt_close.o)
                0x030961b8                close
 .text          0x03096314       0x78 ../integrated_v1_bsp/\libhal_bsp.a(alt_dcache_flush.o)
                0x03096314                alt_dcache_flush
 .text          0x0309638c       0x44 ../integrated_v1_bsp/\libhal_bsp.a(alt_dcache_flush_all.o)
                0x0309638c                alt_dcache_flush_all
 .text          0x030963d0       0x2c ../integrated_v1_bsp/\libhal_bsp.a(alt_dev.o)
 .text          0x030963fc        0x0 ../integrated_v1_bsp/\libhal_bsp.a(alt_errno.o)
 .text          0x030963fc       0xd0 ../integrated_v1_bsp/\libhal_bsp.a(alt_flash_dev.o)
                0x030963fc                alt_flash_open_dev
                0x03096478                alt_flash_close_dev
 .text          0x030964cc      0x134 ../integrated_v1_bsp/\libhal_bsp.a(alt_fstat.o)
                0x030964cc                fstat
 .text          0x03096600      0x1c0 ../integrated_v1_bsp/\libhal_bsp.a(alt_irq_register.o)
                0x03096600                alt_irq_register
 .text          0x030967c0        0x0 ../integrated_v1_bsp/\libhal_bsp.a(alt_irq_vars.o)
 .text          0x030967c0      0x120 ../integrated_v1_bsp/\libhal_bsp.a(alt_isatty.o)
                0x030967c0                isatty
 .text          0x030968e0      0x150 ../integrated_v1_bsp/\libhal_bsp.a(alt_lseek.o)
                0x030968e0                lseek
 .text          0x03096a30       0x6c ../integrated_v1_bsp/\libhal_bsp.a(alt_main.o)
                0x03096a30                alt_main
 .text          0x03096a9c       0x40 ../integrated_v1_bsp/\libhal_bsp.a(alt_malloc_lock.o)
                0x03096a9c                __malloc_lock
                0x03096abc                __malloc_unlock
 .text          0x03096adc      0x2c4 ../integrated_v1_bsp/\libhal_bsp.a(alt_open.o)
                0x03096bb8                open
 .text          0x03096da0      0x180 ../integrated_v1_bsp/\libhal_bsp.a(alt_read.o)
                0x03096da0                read
 .text          0x03096f20       0x60 ../integrated_v1_bsp/\libhal_bsp.a(alt_release_fd.o)
                0x03096f20                alt_release_fd
 .text          0x03096f80       0xbc ../integrated_v1_bsp/\libhal_bsp.a(alt_sbrk.o)
                0x03096f80                sbrk
 .text          0x0309703c      0x1a4 ../integrated_v1_bsp/\libhal_bsp.a(alt_tick.o)
                0x0309703c                alt_alarm_stop
                0x030970d4                alt_tick
 .text          0x030971e0       0x30 ../integrated_v1_bsp/\libhal_bsp.a(alt_usleep.o)
                0x030971e0                usleep
 .text          0x03097210      0x180 ../integrated_v1_bsp/\libhal_bsp.a(alt_write.o)
                0x03097210                write
 .text          0x03097390       0xf4 ../integrated_v1_bsp/\libhal_bsp.a(alt_sys_init.o)
                0x03097390                alt_irq_init
                0x030973c4                alt_sys_init
 .text          0x03097484      0x8c8 ../integrated_v1_bsp/\libhal_bsp.a(altera_avalon_cfi_flash.o)
                0x03097484                alt_flash_cfi_init
                0x03097558                alt_flash_cfi_write
                0x03097818                alt_flash_cfi_get_info
                0x030978a8                alt_flash_cfi_read
                0x03097910                alt_write_value_to_flash
                0x03097a74                alt_flash_program_block
 .text          0x03097d4c     0x14a8 ../integrated_v1_bsp/\libhal_bsp.a(altera_avalon_cfi_flash_table.o)
                0x03097d4c                alt_read_query_entry_8bit
                0x03097d8c                alt_read_query_entry_16bit
                0x03097dd0                alt_read_query_entry_32bit
                0x03097e18                alt_write_flash_command_8bit_device_8bit_mode
                0x03097e54                alt_write_flash_command_16bit_device_8bit_mode
                0x03097ed0                alt_write_flash_command_32bit_device_8bit_mode
                0x03097f18                alt_write_flash_command_16bit_device_16bit_mode
                0x03097f5c                alt_write_flash_command_32bit_device_16bit_mode
                0x03097fa4                alt_write_flash_command_32bit_device_32bit_mode
                0x03097fec                alt_write_native_8bit
                0x03098020                alt_write_native_16bit
                0x03098054                alt_write_native_32bit
                0x03098084                alt_set_flash_width_func
                0x03098264                alt_set_flash_algorithm_func
                0x0309838c                alt_read_cfi_table
                0x0309896c                alt_read_cfi_width
                0x03099118                alt_check_primary_table
 .text          0x030991f4      0x9e4 ../integrated_v1_bsp/\libhal_bsp.a(altera_avalon_epcs_flash_controller.o)
                0x030991f4                alt_epcs_flash_init
                0x03099610                alt_epcs_flash_write
                0x03099890                alt_epcs_flash_get_info
                0x03099920                alt_epcs_flash_erase_block
                0x03099a24                alt_epcs_flash_write_block
                0x03099b40                alt_epcs_flash_read
 .text          0x03099bd8      0x148 ../integrated_v1_bsp/\libhal_bsp.a(altera_avalon_jtag_uart_fd.o)
                0x03099bd8                altera_avalon_jtag_uart_read_fd
                0x03099c30                altera_avalon_jtag_uart_write_fd
                0x03099c88                altera_avalon_jtag_uart_close_fd
                0x03099cd0                altera_avalon_jtag_uart_ioctl_fd
 .text          0x03099d20      0x408 ../integrated_v1_bsp/\libhal_bsp.a(altera_avalon_jtag_uart_init.o)
                0x03099d20                altera_avalon_jtag_uart_init
                0x0309a0b4                altera_avalon_jtag_uart_close
 .text          0x0309a128       0xf4 ../integrated_v1_bsp/\libhal_bsp.a(altera_avalon_jtag_uart_ioctl.o)
                0x0309a128                altera_avalon_jtag_uart_ioctl
 .text          0x0309a21c      0x224 ../integrated_v1_bsp/\libhal_bsp.a(altera_avalon_jtag_uart_read.o)
                0x0309a21c                altera_avalon_jtag_uart_read
 .text          0x0309a440      0x240 ../integrated_v1_bsp/\libhal_bsp.a(altera_avalon_jtag_uart_write.o)
                0x0309a440                altera_avalon_jtag_uart_write
 .text          0x0309a680      0xee8 ../integrated_v1_bsp/\libhal_bsp.a(altera_avalon_lcd_16207.o)
                0x0309ae54                altera_avalon_lcd_16207_write
                0x0309b42c                altera_avalon_lcd_16207_init
 .text          0x0309b568       0x58 ../integrated_v1_bsp/\libhal_bsp.a(altera_avalon_lcd_16207_fd.o)
                0x0309b568                altera_avalon_lcd_16207_write_fd
 .text          0x0309b5c0       0xfc ../integrated_v1_bsp/\libhal_bsp.a(altera_avalon_timer_sc.o)
                0x0309b634                alt_avalon_timer_sc_init
 .text          0x0309b6bc      0x6d4 ../integrated_v1_bsp/\libhal_bsp.a(epcs_commands.o)
                0x0309b6bc                epcs_read_status_register
                0x0309b71c                epcs_sector_erase
                0x0309b884                epcs_read_buffer
                0x0309b9d0                epcs_write_enable
                0x0309ba20                epcs_write_status_register
                0x0309ba84                epcs_write_buffer
                0x0309bbf4                epcs_read_electronic_signature
                0x0309bc60                epcs_read_device_id
                0x0309bce0                epcs_enter_4_bytes_mode
                0x0309bd38                epcs_exit_4_bytes_mode
 .text          0x0309bd90      0x14c ../integrated_v1_bsp/\libhal_bsp.a(alt_busy_sleep.o)
                0x0309bd90                alt_busy_sleep
 .text          0x0309bedc      0x114 ../integrated_v1_bsp/\libhal_bsp.a(alt_dev_llist_insert.o)
                0x0309bedc                alt_dev_llist_insert
 .text          0x0309bff0       0x64 ../integrated_v1_bsp/\libhal_bsp.a(alt_do_ctors.o)
                0x0309bff0                _do_ctors
 .text          0x0309c054       0x64 ../integrated_v1_bsp/\libhal_bsp.a(alt_do_dtors.o)
                0x0309c054                _do_dtors
 .text          0x0309c0b8       0x94 ../integrated_v1_bsp/\libhal_bsp.a(alt_find_dev.o)
                0x0309c0b8                alt_find_dev
 .text          0x0309c14c      0x120 ../integrated_v1_bsp/\libhal_bsp.a(alt_find_file.o)
                0x0309c14c                alt_find_file
 .text          0x0309c26c       0xb8 ../integrated_v1_bsp/\libhal_bsp.a(alt_get_fd.o)
                0x0309c26c                alt_get_fd
 .text          0x0309c324      0x13c ../integrated_v1_bsp/\libhal_bsp.a(alt_io_redirect.o)
                0x0309c3e8                alt_io_redirect
 .text          0x0309c460        0x0 ../integrated_v1_bsp/\libhal_bsp.a(alt_irq_entry.o)
 .text          0x0309c460        0x0 ../integrated_v1_bsp/\libhal_bsp.a(alt_irq_handler.o)
 .text          0x0309c460       0x20 ../integrated_v1_bsp/\libhal_bsp.a(altera_nios2_qsys_irq.o)
                0x0309c460                altera_nios2_qsys_irq_init
 .text          0x0309c480      0x460 ../integrated_v1_bsp/\libhal_bsp.a(altera_avalon_cfi_flash_amd.o)
                0x0309c480                alt_program_amd
                0x0309c4e8                alt_erase_block_amd
 .text          0x0309c8e0      0x460 ../integrated_v1_bsp/\libhal_bsp.a(altera_avalon_cfi_flash_intel.o)
                0x0309c8e0                alt_program_intel
                0x0309c964                alt_erase_block_intel
 .text          0x0309cd40      0x238 ../integrated_v1_bsp/\libhal_bsp.a(altera_avalon_spi.o)
                0x0309cd40                alt_avalon_spi_command
 .text          0x0309cf78        0x0 ../integrated_v1_bsp/\libhal_bsp.a(alt_exception_entry.o)
 .text          0x0309cf78       0x14 c:/altera/13.0sp1/nios2eds/bin/gnu/h-i686-mingw32/bin/../lib/gcc/nios2-elf/4.1.2/../../../../nios2-elf/lib\libc.a(lib_a-atexit.o)
                0x0309cf78                atexit
 .text          0x0309cf8c        0x0 c:/altera/13.0sp1/nios2eds/bin/gnu/h-i686-mingw32/bin/../lib/gcc/nios2-elf/4.1.2/../../../../nios2-elf/lib\libc.a(lib_a-ctype_.o)
 .text          0x0309cf8c       0x38 c:/altera/13.0sp1/nios2eds/bin/gnu/h-i686-mingw32/bin/../lib/gcc/nios2-elf/4.1.2/../../../../nios2-elf/lib\libc.a(lib_a-exit.o)
                0x0309cf8c                exit
 .text          0x0309cfc4       0x74 c:/altera/13.0sp1/nios2eds/bin/gnu/h-i686-mingw32/bin/../lib/gcc/nios2-elf/4.1.2/../../../../nios2-elf/lib\libc.a(lib_a-memcmp.o)
                0x0309cfc4                memcmp
 .text          0x0309d038      0x134 c:/altera/13.0sp1/nios2eds/bin/gnu/h-i686-mingw32/bin/../lib/gcc/nios2-elf/4.1.2/../../../../nios2-elf/lib\libc.a(lib_a-__atexit.o)
                0x0309d038                __register_exitproc
 .text          0x0309d16c      0x1b4 c:/altera/13.0sp1/nios2eds/bin/gnu/h-i686-mingw32/bin/../lib/gcc/nios2-elf/4.1.2/../../../../nios2-elf/lib\libc.a(lib_a-__call_atexit.o)
                0x0309d170                __call_exitprocs
 .text          0x0309d320       0x60 ../integrated_v1_bsp/\libhal_bsp.a(alt_exit.o)
                0x0309d360                _exit
 *(.gnu.warning.*)
 *(.fini)
                0x0309d380                PROVIDE (__etext, ABSOLUTE (.))
                0x0309d380                PROVIDE (_etext, ABSOLUTE (.))
                0x0309d380                PROVIDE (etext, ABSOLUTE (.))
 *(.eh_frame_hdr)
                0x0309d380                . = ALIGN (0x4)
                0x0309d380                PROVIDE (__preinit_array_start, ABSOLUTE (.))
 *(.preinit_array)
                0x0309d380                PROVIDE (__preinit_array_end, ABSOLUTE (.))
                0x0309d380                PROVIDE (__init_array_start, ABSOLUTE (.))
 *(.init_array)
                0x0309d380                PROVIDE (__init_array_end, ABSOLUTE (.))
                0x0309d380                PROVIDE (__fini_array_start, ABSOLUTE (.))
 *(.fini_array)
                0x0309d380                PROVIDE (__fini_array_end, ABSOLUTE (.))
 *(.eh_frame)
 *(.gcc_except_table)
 *(.dynamic)
                0x0309d380                PROVIDE (__CTOR_LIST__, ABSOLUTE (.))
 *(.ctors)
 *(SORT(.ctors.*))
 .ctors.65535   0x0309d380        0x4 c:/altera/13.0sp1/nios2eds/bin/gnu/h-i686-mingw32/bin/../lib/gcc/nios2-elf/4.1.2/../../../../nios2-elf/lib\libc.a(lib_a-__call_atexit.o)
                0x0309d384                PROVIDE (__CTOR_END__, ABSOLUTE (.))
                0x0309d384                PROVIDE (__DTOR_LIST__, ABSOLUTE (.))
 *(.dtors)
 *(SORT(.dtors.*))
                0x0309d384                PROVIDE (__DTOR_END__, ABSOLUTE (.))
 *(.jcr)
                0x0309d384                . = ALIGN (0x4)

.rodata         0x02000000    0x5f54c
                0x02000000                PROVIDE (__ram_rodata_start, ABSOLUTE (.))
                0x02000000                . = ALIGN (0x4)
 *(.rodata .rodata.* .gnu.linkonce.r.*)
 .rodata        0x02000000      0x1f4 obj/default/I2C.o
 .rodata        0x020001f4       0x30 obj/default/LCD.o
 .rodata        0x02000224       0x10 obj/default/debug.o
 .rodata        0x02000234      0x2b4 obj/default/flash.o
 .rodata        0x020004e8    0x448f0 obj/default/gesture.o
                0x020004e8                gesture_bmp
 .rodata        0x02044dd8      0x174 obj/default/gui.o
                0x02044dd8                wind_opts
                0x02044de4                res_opts
 .rodata        0x02044f4c       0x30 obj/default/gui_vpg.o
 .rodata        0x02044f7c       0x78 obj/default/main.o
 .rodata        0x02044ff4      0x14c obj/default/multi_touch.o
 .rodata        0x02045140       0xe8 obj/default/sensor.o
                0x02045140                voltageTable
                0x02045160                reffVTable
                0x02045180                currentTable
                0x020451c4                reffITable
                0x02045208                testTable
 .rodata        0x02045228     0x77f2 obj/default/tahomabold_20.o
 .rodata        0x0204ca1a    0x12520 obj/default/tahomabold_32.o
 *fill*         0x0205ef3a        0x2 00
 .rodata.str1.4
                0x0205ef3c        0x5 c:/altera/13.0sp1/nios2eds/bin/gnu/h-i686-mingw32/bin/../lib/gcc/nios2-elf/4.1.2/../../../../nios2-elf/lib\libm.a(lib_a-w_sqrt.o)
                                  0x8 (size before relaxing)
 *fill*         0x0205ef41        0x3 00
 .rodata        0x0205ef44       0x10 c:/altera/13.0sp1/nios2eds/bin/gnu/h-i686-mingw32/bin/../lib/gcc/nios2-elf/4.1.2\libgcc.a(_thenan_sf.o)
                0x0205ef44                __thenan_sf
 .rodata        0x0205ef54       0x14 c:/altera/13.0sp1/nios2eds/bin/gnu/h-i686-mingw32/bin/../lib/gcc/nios2-elf/4.1.2\libgcc.a(_thenan_df.o)
                0x0205ef54                __thenan_df
 .rodata        0x0205ef68      0x100 c:/altera/13.0sp1/nios2eds/bin/gnu/h-i686-mingw32/bin/../lib/gcc/nios2-elf/4.1.2\libgcc.a(_clz.o)
                0x0205ef68                __clz_tab
 .rodata.str1.4
                0x0205f068        0x2 c:/altera/13.0sp1/nios2eds/bin/gnu/h-i686-mingw32/bin/../lib/gcc/nios2-elf/4.1.2/../../../../nios2-elf/lib\libc.a(lib_a-impure.o)
                                  0x4 (size before relaxing)
 *fill*         0x0205f06a        0x2 00
 .rodata.str1.4
                0x0205f06c        0x2 c:/altera/13.0sp1/nios2eds/bin/gnu/h-i686-mingw32/bin/../lib/gcc/nios2-elf/4.1.2/../../../../nios2-elf/lib\libc.a(lib_a-puts.o)
                                  0x4 (size before relaxing)
 *fill*         0x0205f06e        0x2 00
 .rodata.str1.4
                0x0205f070       0x5e c:/altera/13.0sp1/nios2eds/bin/gnu/h-i686-mingw32/bin/../lib/gcc/nios2-elf/4.1.2/../../../../nios2-elf/lib\libc.a(lib_a-vfprintf.o)
                                 0x60 (size before relaxing)
 .rodata        0x0205f0ce       0x20 c:/altera/13.0sp1/nios2eds/bin/gnu/h-i686-mingw32/bin/../lib/gcc/nios2-elf/4.1.2/../../../../nios2-elf/lib\libc.a(lib_a-vfprintf.o)
 *fill*         0x0205f0ee        0x2 00
 .rodata.str1.4
                0x0205f0f0       0x10 c:/altera/13.0sp1/nios2eds/bin/gnu/h-i686-mingw32/bin/../lib/gcc/nios2-elf/4.1.2/../../../../nios2-elf/lib\libc.a(lib_a-dtoa.o)
                                 0x14 (size before relaxing)
 .rodata.str1.4
                0x0205f100       0x10 c:/altera/13.0sp1/nios2eds/bin/gnu/h-i686-mingw32/bin/../lib/gcc/nios2-elf/4.1.2/../../../../nios2-elf/lib\libc.a(lib_a-locale.o)
                                 0x18 (size before relaxing)
 .rodata        0x0205f110       0x30 c:/altera/13.0sp1/nios2eds/bin/gnu/h-i686-mingw32/bin/../lib/gcc/nios2-elf/4.1.2/../../../../nios2-elf/lib\libc.a(lib_a-locale.o)
 .rodata        0x0205f140      0x124 c:/altera/13.0sp1/nios2eds/bin/gnu/h-i686-mingw32/bin/../lib/gcc/nios2-elf/4.1.2/../../../../nios2-elf/lib\libc.a(lib_a-mprec.o)
                0x0205f140                __mprec_tens
                0x0205f208                __mprec_bigtens
                0x0205f230                __mprec_tinytens
 .rodata        0x0205f264        0xc ../integrated_v1_bsp/\libhal_bsp.a(alt_dev.o)
 .rodata        0x0205f270       0x10 ../integrated_v1_bsp/\libhal_bsp.a(alt_main.o)
 .rodata        0x0205f280       0x48 ../integrated_v1_bsp/\libhal_bsp.a(alt_sys_init.o)
 .rodata        0x0205f2c8      0x281 c:/altera/13.0sp1/nios2eds/bin/gnu/h-i686-mingw32/bin/../lib/gcc/nios2-elf/4.1.2/../../../../nios2-elf/lib\libc.a(lib_a-ctype_.o)
                0x0205f2c8                _ctype_
 *(.rodata1)
                0x0205f54c                . = ALIGN (0x4)
 *fill*         0x0205f549        0x3 00
                0x0205f54c                PROVIDE (__ram_rodata_end, ABSOLUTE (.))
                0x02000000                PROVIDE (__flash_rodata_start, LOADADDR (.rodata))

.rwdata         0x0205f54c     0x3944
                0x0205f54c                PROVIDE (__ram_rwdata_start, ABSOLUTE (.))
                0x0205f54c                . = ALIGN (0x4)
 *(.got.plt)
 *(.got)
 *(.data1)
 *(.data .data.* .gnu.linkonce.d.*)
 .data          0x0205f54c        0x0 ../integrated_v1_bsp//obj/HAL/src/crt0.o
 .data          0x0205f54c        0x0 obj/default/I2C.o
 .data          0x0205f54c        0x0 obj/default/LCD.o
 .data          0x0205f54c        0x0 obj/default/debug.o
 .data          0x0205f54c        0x0 obj/default/flash.o
 .data          0x0205f54c        0x0 obj/default/geometry.o
 .data          0x0205f54c        0x0 obj/default/gesture.o
 .data          0x0205f54c       0x34 obj/default/gui.o
                0x0205f54c                char_res_opts
                0x0205f558                char_wind_opts
                0x0205f564                charge_state
                0x0205f570                char_data
 .data          0x0205f580        0x0 obj/default/gui_vpg.o
 .data          0x0205f580        0x0 obj/default/main.o
 .data          0x0205f580        0x0 obj/default/multi_touch.o
 .data          0x0205f580        0x0 obj/default/plotter.o
 .data          0x0205f580        0x0 obj/default/queue.o
 .data          0x0205f580        0x0 obj/default/sensor.o
 .data          0x0205f580      0x415 obj/default/simple_graphics.o
                0x0205f580                cour10_font_array
 .data          0x0205f995        0x0 obj/default/simple_text.o
 *fill*         0x0205f995        0x3 00
 .data          0x0205f998      0xbc0 obj/default/tahomabold_20.o
                0x0205f998                tahomabold_20
 .data          0x02060558      0xbc0 obj/default/tahomabold_32.o
                0x02060558                tahomabold_32
 .data          0x02061118        0x0 obj/default/vip_fr.o
 .data          0x02061118        0x0 c:/altera/13.0sp1/nios2eds/bin/gnu/h-i686-mingw32/bin/../lib/gcc/nios2-elf/4.1.2/../../../../nios2-elf/lib\libm.a(lib_a-w_sqrt.o)
 .data          0x02061118        0x0 c:/altera/13.0sp1/nios2eds/bin/gnu/h-i686-mingw32/bin/../lib/gcc/nios2-elf/4.1.2/../../../../nios2-elf/lib\libm.a(lib_a-e_sqrt.o)
 .data          0x02061118        0x0 c:/altera/13.0sp1/nios2eds/bin/gnu/h-i686-mingw32/bin/../lib/gcc/nios2-elf/4.1.2/../../../../nios2-elf/lib\libm.a(lib_a-s_isnand.o)
 .data          0x02061118        0x0 c:/altera/13.0sp1/nios2eds/bin/gnu/h-i686-mingw32/bin/../lib/gcc/nios2-elf/4.1.2/../../../../nios2-elf/lib\libm.a(lib_a-s_lib_ver.o)
 .data          0x02061118        0x0 c:/altera/13.0sp1/nios2eds/bin/gnu/h-i686-mingw32/bin/../lib/gcc/nios2-elf/4.1.2/../../../../nios2-elf/lib\libm.a(lib_a-s_matherr.o)
 .data          0x02061118        0x0 c:/altera/13.0sp1/nios2eds/bin/gnu/h-i686-mingw32/bin/../lib/gcc/nios2-elf/4.1.2\libgcc.a(_addsub_sf.o)
 .data          0x02061118        0x0 c:/altera/13.0sp1/nios2eds/bin/gnu/h-i686-mingw32/bin/../lib/gcc/nios2-elf/4.1.2\libgcc.a(_mul_sf.o)
 .data          0x02061118        0x0 c:/altera/13.0sp1/nios2eds/bin/gnu/h-i686-mingw32/bin/../lib/gcc/nios2-elf/4.1.2\libgcc.a(_div_sf.o)
 .data          0x02061118        0x0 c:/altera/13.0sp1/nios2eds/bin/gnu/h-i686-mingw32/bin/../lib/gcc/nios2-elf/4.1.2\libgcc.a(_gt_sf.o)
 .data          0x02061118        0x0 c:/altera/13.0sp1/nios2eds/bin/gnu/h-i686-mingw32/bin/../lib/gcc/nios2-elf/4.1.2\libgcc.a(_si_to_sf.o)
 .data          0x02061118        0x0 c:/altera/13.0sp1/nios2eds/bin/gnu/h-i686-mingw32/bin/../lib/gcc/nios2-elf/4.1.2\libgcc.a(_sf_to_si.o)
 .data          0x02061118        0x0 c:/altera/13.0sp1/nios2eds/bin/gnu/h-i686-mingw32/bin/../lib/gcc/nios2-elf/4.1.2\libgcc.a(_sf_to_df.o)
 .data          0x02061118        0x0 c:/altera/13.0sp1/nios2eds/bin/gnu/h-i686-mingw32/bin/../lib/gcc/nios2-elf/4.1.2\libgcc.a(_thenan_sf.o)
 .data          0x02061118        0x0 c:/altera/13.0sp1/nios2eds/bin/gnu/h-i686-mingw32/bin/../lib/gcc/nios2-elf/4.1.2\libgcc.a(_usi_to_sf.o)
 .data          0x02061118        0x0 c:/altera/13.0sp1/nios2eds/bin/gnu/h-i686-mingw32/bin/../lib/gcc/nios2-elf/4.1.2\libgcc.a(_addsub_df.o)
 .data          0x02061118        0x0 c:/altera/13.0sp1/nios2eds/bin/gnu/h-i686-mingw32/bin/../lib/gcc/nios2-elf/4.1.2\libgcc.a(_mul_df.o)
 .data          0x02061118        0x0 c:/altera/13.0sp1/nios2eds/bin/gnu/h-i686-mingw32/bin/../lib/gcc/nios2-elf/4.1.2\libgcc.a(_div_df.o)
 .data          0x02061118        0x0 c:/altera/13.0sp1/nios2eds/bin/gnu/h-i686-mingw32/bin/../lib/gcc/nios2-elf/4.1.2\libgcc.a(_gt_df.o)
 .data          0x02061118        0x0 c:/altera/13.0sp1/nios2eds/bin/gnu/h-i686-mingw32/bin/../lib/gcc/nios2-elf/4.1.2\libgcc.a(_lt_df.o)
 .data          0x02061118        0x0 c:/altera/13.0sp1/nios2eds/bin/gnu/h-i686-mingw32/bin/../lib/gcc/nios2-elf/4.1.2\libgcc.a(_si_to_df.o)
 .data          0x02061118        0x0 c:/altera/13.0sp1/nios2eds/bin/gnu/h-i686-mingw32/bin/../lib/gcc/nios2-elf/4.1.2\libgcc.a(_df_to_si.o)
 .data          0x02061118        0x0 c:/altera/13.0sp1/nios2eds/bin/gnu/h-i686-mingw32/bin/../lib/gcc/nios2-elf/4.1.2\libgcc.a(_make_df.o)
 .data          0x02061118        0x0 c:/altera/13.0sp1/nios2eds/bin/gnu/h-i686-mingw32/bin/../lib/gcc/nios2-elf/4.1.2\libgcc.a(_df_to_sf.o)
 .data          0x02061118        0x0 c:/altera/13.0sp1/nios2eds/bin/gnu/h-i686-mingw32/bin/../lib/gcc/nios2-elf/4.1.2\libgcc.a(_thenan_df.o)
 .data          0x02061118        0x0 c:/altera/13.0sp1/nios2eds/bin/gnu/h-i686-mingw32/bin/../lib/gcc/nios2-elf/4.1.2\libgcc.a(lib2-divmod.o)
 .data          0x02061118        0x0 c:/altera/13.0sp1/nios2eds/bin/gnu/h-i686-mingw32/bin/../lib/gcc/nios2-elf/4.1.2\libgcc.a(_muldi3.o)
 .data          0x02061118        0x0 c:/altera/13.0sp1/nios2eds/bin/gnu/h-i686-mingw32/bin/../lib/gcc/nios2-elf/4.1.2\libgcc.a(_clzsi2.o)
 .data          0x02061118        0x0 c:/altera/13.0sp1/nios2eds/bin/gnu/h-i686-mingw32/bin/../lib/gcc/nios2-elf/4.1.2\libgcc.a(_pack_sf.o)
 .data          0x02061118        0x0 c:/altera/13.0sp1/nios2eds/bin/gnu/h-i686-mingw32/bin/../lib/gcc/nios2-elf/4.1.2\libgcc.a(_unpack_sf.o)
 .data          0x02061118        0x0 c:/altera/13.0sp1/nios2eds/bin/gnu/h-i686-mingw32/bin/../lib/gcc/nios2-elf/4.1.2\libgcc.a(_fpcmp_parts_sf.o)
 .data          0x02061118        0x0 c:/altera/13.0sp1/nios2eds/bin/gnu/h-i686-mingw32/bin/../lib/gcc/nios2-elf/4.1.2\libgcc.a(_make_sf.o)
 .data          0x02061118        0x0 c:/altera/13.0sp1/nios2eds/bin/gnu/h-i686-mingw32/bin/../lib/gcc/nios2-elf/4.1.2\libgcc.a(_pack_df.o)
 .data          0x02061118        0x0 c:/altera/13.0sp1/nios2eds/bin/gnu/h-i686-mingw32/bin/../lib/gcc/nios2-elf/4.1.2\libgcc.a(_unpack_df.o)
 .data          0x02061118        0x0 c:/altera/13.0sp1/nios2eds/bin/gnu/h-i686-mingw32/bin/../lib/gcc/nios2-elf/4.1.2\libgcc.a(_fpcmp_parts_df.o)
 .data          0x02061118        0x0 c:/altera/13.0sp1/nios2eds/bin/gnu/h-i686-mingw32/bin/../lib/gcc/nios2-elf/4.1.2\libgcc.a(_clz.o)
 .data          0x02061118        0x0 c:/altera/13.0sp1/nios2eds/bin/gnu/h-i686-mingw32/bin/../lib/gcc/nios2-elf/4.1.2/../../../../nios2-elf/lib\libc.a(lib_a-errno.o)
 .data          0x02061118        0x0 c:/altera/13.0sp1/nios2eds/bin/gnu/h-i686-mingw32/bin/../lib/gcc/nios2-elf/4.1.2/../../../../nios2-elf/lib\libc.a(lib_a-fclose.o)
 .data          0x02061118        0x0 c:/altera/13.0sp1/nios2eds/bin/gnu/h-i686-mingw32/bin/../lib/gcc/nios2-elf/4.1.2/../../../../nios2-elf/lib\libc.a(lib_a-fflush.o)
 .data          0x02061118        0x0 c:/altera/13.0sp1/nios2eds/bin/gnu/h-i686-mingw32/bin/../lib/gcc/nios2-elf/4.1.2/../../../../nios2-elf/lib\libc.a(lib_a-findfp.o)
 .data          0x02061118        0x0 c:/altera/13.0sp1/nios2eds/bin/gnu/h-i686-mingw32/bin/../lib/gcc/nios2-elf/4.1.2/../../../../nios2-elf/lib\libc.a(lib_a-fopen.o)
 .data          0x02061118        0x0 c:/altera/13.0sp1/nios2eds/bin/gnu/h-i686-mingw32/bin/../lib/gcc/nios2-elf/4.1.2/../../../../nios2-elf/lib\libc.a(lib_a-freer.o)
 .data          0x02061118        0x0 c:/altera/13.0sp1/nios2eds/bin/gnu/h-i686-mingw32/bin/../lib/gcc/nios2-elf/4.1.2/../../../../nios2-elf/lib\libc.a(lib_a-fseek.o)
 .data          0x02061118        0x0 c:/altera/13.0sp1/nios2eds/bin/gnu/h-i686-mingw32/bin/../lib/gcc/nios2-elf/4.1.2/../../../../nios2-elf/lib\libc.a(lib_a-fstatr.o)
 .data          0x02061118        0x0 c:/altera/13.0sp1/nios2eds/bin/gnu/h-i686-mingw32/bin/../lib/gcc/nios2-elf/4.1.2/../../../../nios2-elf/lib\libc.a(lib_a-fwalk.o)
 .data          0x02061118        0x0 c:/altera/13.0sp1/nios2eds/bin/gnu/h-i686-mingw32/bin/../lib/gcc/nios2-elf/4.1.2/../../../../nios2-elf/lib\libc.a(lib_a-fwrite.o)
 .data          0x02061118      0x400 c:/altera/13.0sp1/nios2eds/bin/gnu/h-i686-mingw32/bin/../lib/gcc/nios2-elf/4.1.2/../../../../nios2-elf/lib\libc.a(lib_a-impure.o)
 .data          0x02061518        0x0 c:/altera/13.0sp1/nios2eds/bin/gnu/h-i686-mingw32/bin/../lib/gcc/nios2-elf/4.1.2/../../../../nios2-elf/lib\libc.a(lib_a-int_errno.o)
 .data          0x02061518        0x0 c:/altera/13.0sp1/nios2eds/bin/gnu/h-i686-mingw32/bin/../lib/gcc/nios2-elf/4.1.2/../../../../nios2-elf/lib\libc.a(lib_a-makebuf.o)
 .data          0x02061518        0x0 c:/altera/13.0sp1/nios2eds/bin/gnu/h-i686-mingw32/bin/../lib/gcc/nios2-elf/4.1.2/../../../../nios2-elf/lib\libc.a(lib_a-malloc.o)
 .data          0x02061518      0x408 c:/altera/13.0sp1/nios2eds/bin/gnu/h-i686-mingw32/bin/../lib/gcc/nios2-elf/4.1.2/../../../../nios2-elf/lib\libc.a(lib_a-mallocr.o)
                0x02061518                __malloc_av_
 .data          0x02061920        0x0 c:/altera/13.0sp1/nios2eds/bin/gnu/h-i686-mingw32/bin/../lib/gcc/nios2-elf/4.1.2/../../../../nios2-elf/lib\libc.a(lib_a-memcpy.o)
 .data          0x02061920        0x0 c:/altera/13.0sp1/nios2eds/bin/gnu/h-i686-mingw32/bin/../lib/gcc/nios2-elf/4.1.2/../../../../nios2-elf/lib\libc.a(lib_a-memset.o)
 .data          0x02061920        0x0 c:/altera/13.0sp1/nios2eds/bin/gnu/h-i686-mingw32/bin/../lib/gcc/nios2-elf/4.1.2/../../../../nios2-elf/lib\libc.a(lib_a-openr.o)
 .data          0x02061920        0x0 c:/altera/13.0sp1/nios2eds/bin/gnu/h-i686-mingw32/bin/../lib/gcc/nios2-elf/4.1.2/../../../../nios2-elf/lib\libc.a(lib_a-printf.o)
 .data          0x02061920        0x0 c:/altera/13.0sp1/nios2eds/bin/gnu/h-i686-mingw32/bin/../lib/gcc/nios2-elf/4.1.2/../../../../nios2-elf/lib\libc.a(lib_a-putchar.o)
 .data          0x02061920        0x0 c:/altera/13.0sp1/nios2eds/bin/gnu/h-i686-mingw32/bin/../lib/gcc/nios2-elf/4.1.2/../../../../nios2-elf/lib\libc.a(lib_a-puts.o)
 .data          0x02061920        0x0 c:/altera/13.0sp1/nios2eds/bin/gnu/h-i686-mingw32/bin/../lib/gcc/nios2-elf/4.1.2/../../../../nios2-elf/lib\libc.a(lib_a-refill.o)
 .data          0x02061920        0x0 c:/altera/13.0sp1/nios2eds/bin/gnu/h-i686-mingw32/bin/../lib/gcc/nios2-elf/4.1.2/../../../../nios2-elf/lib\libc.a(lib_a-sbrkr.o)
 .data          0x02061920        0x0 c:/altera/13.0sp1/nios2eds/bin/gnu/h-i686-mingw32/bin/../lib/gcc/nios2-elf/4.1.2/../../../../nios2-elf/lib\libc.a(lib_a-sprintf.o)
 .data          0x02061920        0x0 c:/altera/13.0sp1/nios2eds/bin/gnu/h-i686-mingw32/bin/../lib/gcc/nios2-elf/4.1.2/../../../../nios2-elf/lib\libc.a(lib_a-stdio.o)
 .data          0x02061920        0x0 c:/altera/13.0sp1/nios2eds/bin/gnu/h-i686-mingw32/bin/../lib/gcc/nios2-elf/4.1.2/../../../../nios2-elf/lib\libc.a(lib_a-strcpy.o)
 .data          0x02061920        0x0 c:/altera/13.0sp1/nios2eds/bin/gnu/h-i686-mingw32/bin/../lib/gcc/nios2-elf/4.1.2/../../../../nios2-elf/lib\libc.a(lib_a-strlen.o)
 .data          0x02061920        0x0 c:/altera/13.0sp1/nios2eds/bin/gnu/h-i686-mingw32/bin/../lib/gcc/nios2-elf/4.1.2/../../../../nios2-elf/lib\libc.a(lib_a-vfprintf.o)
 .data          0x02061920        0x0 c:/altera/13.0sp1/nios2eds/bin/gnu/h-i686-mingw32/bin/../lib/gcc/nios2-elf/4.1.2/../../../../nios2-elf/lib\libc.a(lib_a-vsnprintf.o)
 .data          0x02061920        0x0 c:/altera/13.0sp1/nios2eds/bin/gnu/h-i686-mingw32/bin/../lib/gcc/nios2-elf/4.1.2/../../../../nios2-elf/lib\libc.a(lib_a-writer.o)
 .data          0x02061920        0x0 c:/altera/13.0sp1/nios2eds/bin/gnu/h-i686-mingw32/bin/../lib/gcc/nios2-elf/4.1.2/../../../../nios2-elf/lib\libc.a(lib_a-wsetup.o)
 .data          0x02061920        0x0 c:/altera/13.0sp1/nios2eds/bin/gnu/h-i686-mingw32/bin/../lib/gcc/nios2-elf/4.1.2/../../../../nios2-elf/lib\libc.a(lib_a-closer.o)
 .data          0x02061920        0x0 c:/altera/13.0sp1/nios2eds/bin/gnu/h-i686-mingw32/bin/../lib/gcc/nios2-elf/4.1.2/../../../../nios2-elf/lib\libc.a(lib_a-dtoa.o)
 .data          0x02061920        0x0 c:/altera/13.0sp1/nios2eds/bin/gnu/h-i686-mingw32/bin/../lib/gcc/nios2-elf/4.1.2/../../../../nios2-elf/lib\libc.a(lib_a-flags.o)
 .data          0x02061920        0x0 c:/altera/13.0sp1/nios2eds/bin/gnu/h-i686-mingw32/bin/../lib/gcc/nios2-elf/4.1.2/../../../../nios2-elf/lib\libc.a(lib_a-fvwrite.o)
 .data          0x02061920        0x0 c:/altera/13.0sp1/nios2eds/bin/gnu/h-i686-mingw32/bin/../lib/gcc/nios2-elf/4.1.2/../../../../nios2-elf/lib\libc.a(lib_a-isattyr.o)
 .data          0x02061920        0xc c:/altera/13.0sp1/nios2eds/bin/gnu/h-i686-mingw32/bin/../lib/gcc/nios2-elf/4.1.2/../../../../nios2-elf/lib\libc.a(lib_a-locale.o)
                0x02061920                __lc_ctype
 .data          0x0206192c        0x0 c:/altera/13.0sp1/nios2eds/bin/gnu/h-i686-mingw32/bin/../lib/gcc/nios2-elf/4.1.2/../../../../nios2-elf/lib\libc.a(lib_a-lseekr.o)
 .data          0x0206192c        0x0 c:/altera/13.0sp1/nios2eds/bin/gnu/h-i686-mingw32/bin/../lib/gcc/nios2-elf/4.1.2/../../../../nios2-elf/lib\libc.a(lib_a-memchr.o)
 .data          0x0206192c        0x0 c:/altera/13.0sp1/nios2eds/bin/gnu/h-i686-mingw32/bin/../lib/gcc/nios2-elf/4.1.2/../../../../nios2-elf/lib\libc.a(lib_a-memmove.o)
 .data          0x0206192c        0x0 c:/altera/13.0sp1/nios2eds/bin/gnu/h-i686-mingw32/bin/../lib/gcc/nios2-elf/4.1.2/../../../../nios2-elf/lib\libc.a(lib_a-mprec.o)
 .data          0x0206192c        0x0 c:/altera/13.0sp1/nios2eds/bin/gnu/h-i686-mingw32/bin/../lib/gcc/nios2-elf/4.1.2/../../../../nios2-elf/lib\libc.a(lib_a-putc.o)
 .data          0x0206192c        0x0 c:/altera/13.0sp1/nios2eds/bin/gnu/h-i686-mingw32/bin/../lib/gcc/nios2-elf/4.1.2/../../../../nios2-elf/lib\libc.a(lib_a-readr.o)
 .data          0x0206192c        0x0 c:/altera/13.0sp1/nios2eds/bin/gnu/h-i686-mingw32/bin/../lib/gcc/nios2-elf/4.1.2/../../../../nios2-elf/lib\libc.a(lib_a-reallocr.o)
 .data          0x0206192c        0x0 c:/altera/13.0sp1/nios2eds/bin/gnu/h-i686-mingw32/bin/../lib/gcc/nios2-elf/4.1.2/../../../../nios2-elf/lib\libc.a(lib_a-s_isinfd.o)
 .data          0x0206192c        0x0 c:/altera/13.0sp1/nios2eds/bin/gnu/h-i686-mingw32/bin/../lib/gcc/nios2-elf/4.1.2/../../../../nios2-elf/lib\libc.a(lib_a-strcmp.o)
 .data          0x0206192c        0x0 c:/altera/13.0sp1/nios2eds/bin/gnu/h-i686-mingw32/bin/../lib/gcc/nios2-elf/4.1.2/../../../../nios2-elf/lib\libc.a(lib_a-wbuf.o)
 .data          0x0206192c        0x0 c:/altera/13.0sp1/nios2eds/bin/gnu/h-i686-mingw32/bin/../lib/gcc/nios2-elf/4.1.2/../../../../nios2-elf/lib\libc.a(lib_a-callocr.o)
 .data          0x0206192c        0x0 c:/altera/13.0sp1/nios2eds/bin/gnu/h-i686-mingw32/bin/../lib/gcc/nios2-elf/4.1.2\libgcc.a(_udivdi3.o)
 .data          0x0206192c        0x0 c:/altera/13.0sp1/nios2eds/bin/gnu/h-i686-mingw32/bin/../lib/gcc/nios2-elf/4.1.2\libgcc.a(_umoddi3.o)
 .data          0x0206192c        0x0 c:/altera/13.0sp1/nios2eds/bin/gnu/h-i686-mingw32/bin/../lib/gcc/nios2-elf/4.1.2\libgcc.a(_eq_df.o)
 .data          0x0206192c        0x0 c:/altera/13.0sp1/nios2eds/bin/gnu/h-i686-mingw32/bin/../lib/gcc/nios2-elf/4.1.2\libgcc.a(_ne_df.o)
 .data          0x0206192c        0x0 c:/altera/13.0sp1/nios2eds/bin/gnu/h-i686-mingw32/bin/../lib/gcc/nios2-elf/4.1.2\libgcc.a(_ge_df.o)
 .data          0x0206192c        0x0 c:/altera/13.0sp1/nios2eds/bin/gnu/h-i686-mingw32/bin/../lib/gcc/nios2-elf/4.1.2\libgcc.a(_usi_to_df.o)
 .data          0x0206192c        0x0 ../integrated_v1_bsp/\libhal_bsp.a(alt_alarm_start.o)
 .data          0x0206192c        0x0 ../integrated_v1_bsp/\libhal_bsp.a(alt_close.o)
 .data          0x0206192c        0x0 ../integrated_v1_bsp/\libhal_bsp.a(alt_dcache_flush.o)
 .data          0x0206192c        0x0 ../integrated_v1_bsp/\libhal_bsp.a(alt_dcache_flush_all.o)
 .data          0x0206192c      0x1a8 ../integrated_v1_bsp/\libhal_bsp.a(alt_dev.o)
                0x0206192c                alt_dev_null
                0x02061954                alt_fd_list
 .data          0x02061ad4        0x0 ../integrated_v1_bsp/\libhal_bsp.a(alt_errno.o)
 .data          0x02061ad4        0x0 ../integrated_v1_bsp/\libhal_bsp.a(alt_flash_dev.o)
 .data          0x02061ad4        0x0 ../integrated_v1_bsp/\libhal_bsp.a(alt_fstat.o)
 .data          0x02061ad4        0x0 ../integrated_v1_bsp/\libhal_bsp.a(alt_irq_register.o)
 .data          0x02061ad4        0x0 ../integrated_v1_bsp/\libhal_bsp.a(alt_irq_vars.o)
 .data          0x02061ad4        0x0 ../integrated_v1_bsp/\libhal_bsp.a(alt_isatty.o)
 .data          0x02061ad4        0x0 ../integrated_v1_bsp/\libhal_bsp.a(alt_lseek.o)
 .data          0x02061ad4        0x0 ../integrated_v1_bsp/\libhal_bsp.a(alt_main.o)
 .data          0x02061ad4        0x0 ../integrated_v1_bsp/\libhal_bsp.a(alt_malloc_lock.o)
 .data          0x02061ad4        0x0 ../integrated_v1_bsp/\libhal_bsp.a(alt_open.o)
 .data          0x02061ad4        0x0 ../integrated_v1_bsp/\libhal_bsp.a(alt_read.o)
 .data          0x02061ad4        0x0 ../integrated_v1_bsp/\libhal_bsp.a(alt_release_fd.o)
 .data          0x02061ad4        0x0 ../integrated_v1_bsp/\libhal_bsp.a(alt_sbrk.o)
 .data          0x02061ad4        0x0 ../integrated_v1_bsp/\libhal_bsp.a(alt_tick.o)
 .data          0x02061ad4        0x0 ../integrated_v1_bsp/\libhal_bsp.a(alt_usleep.o)
 .data          0x02061ad4        0x0 ../integrated_v1_bsp/\libhal_bsp.a(alt_write.o)
 .data          0x02061ad4     0x1320 ../integrated_v1_bsp/\libhal_bsp.a(alt_sys_init.o)
 .data          0x02062df4        0x0 ../integrated_v1_bsp/\libhal_bsp.a(altera_avalon_cfi_flash.o)
 .data          0x02062df4        0x0 ../integrated_v1_bsp/\libhal_bsp.a(altera_avalon_cfi_flash_table.o)
 .data          0x02062df4        0x0 ../integrated_v1_bsp/\libhal_bsp.a(altera_avalon_epcs_flash_controller.o)
 .data          0x02062df4        0x0 ../integrated_v1_bsp/\libhal_bsp.a(altera_avalon_jtag_uart_fd.o)
 .data          0x02062df4        0x0 ../integrated_v1_bsp/\libhal_bsp.a(altera_avalon_jtag_uart_init.o)
 .data          0x02062df4        0x0 ../integrated_v1_bsp/\libhal_bsp.a(altera_avalon_jtag_uart_ioctl.o)
 .data          0x02062df4        0x0 ../integrated_v1_bsp/\libhal_bsp.a(altera_avalon_jtag_uart_read.o)
 .data          0x02062df4        0x0 ../integrated_v1_bsp/\libhal_bsp.a(altera_avalon_jtag_uart_write.o)
 .data          0x02062df4        0x0 ../integrated_v1_bsp/\libhal_bsp.a(altera_avalon_lcd_16207.o)
 .data          0x02062df4        0x0 ../integrated_v1_bsp/\libhal_bsp.a(altera_avalon_lcd_16207_fd.o)
 .data          0x02062df4        0x0 ../integrated_v1_bsp/\libhal_bsp.a(altera_avalon_timer_sc.o)
 .data          0x02062df4        0x0 ../integrated_v1_bsp/\libhal_bsp.a(epcs_commands.o)
 .data          0x02062df4        0x0 ../integrated_v1_bsp/\libhal_bsp.a(alt_busy_sleep.o)
 .data          0x02062df4        0x0 ../integrated_v1_bsp/\libhal_bsp.a(alt_dev_llist_insert.o)
 .data          0x02062df4        0x0 ../integrated_v1_bsp/\libhal_bsp.a(alt_do_ctors.o)
 .data          0x02062df4        0x0 ../integrated_v1_bsp/\libhal_bsp.a(alt_do_dtors.o)
 .data          0x02062df4        0x0 ../integrated_v1_bsp/\libhal_bsp.a(alt_find_dev.o)
 .data          0x02062df4        0x0 ../integrated_v1_bsp/\libhal_bsp.a(alt_find_file.o)
 .data          0x02062df4        0x0 ../integrated_v1_bsp/\libhal_bsp.a(alt_get_fd.o)
 .data          0x02062df4        0x0 ../integrated_v1_bsp/\libhal_bsp.a(alt_io_redirect.o)
 .data          0x02062df4        0x0 ../integrated_v1_bsp/\libhal_bsp.a(alt_irq_entry.o)
 .data          0x02062df4        0x0 ../integrated_v1_bsp/\libhal_bsp.a(alt_irq_handler.o)
 .data          0x02062df4        0x0 ../integrated_v1_bsp/\libhal_bsp.a(altera_nios2_qsys_irq.o)
 .data          0x02062df4        0x0 ../integrated_v1_bsp/\libhal_bsp.a(altera_avalon_cfi_flash_amd.o)
 .data          0x02062df4        0x0 ../integrated_v1_bsp/\libhal_bsp.a(altera_avalon_cfi_flash_intel.o)
 .data          0x02062df4        0x0 ../integrated_v1_bsp/\libhal_bsp.a(altera_avalon_spi.o)
 .data          0x02062df4        0x0 ../integrated_v1_bsp/\libhal_bsp.a(alt_exception_entry.o)
 .data          0x02062df4        0x0 c:/altera/13.0sp1/nios2eds/bin/gnu/h-i686-mingw32/bin/../lib/gcc/nios2-elf/4.1.2/../../../../nios2-elf/lib\libc.a(lib_a-atexit.o)
 .data          0x02062df4        0x0 c:/altera/13.0sp1/nios2eds/bin/gnu/h-i686-mingw32/bin/../lib/gcc/nios2-elf/4.1.2/../../../../nios2-elf/lib\libc.a(lib_a-ctype_.o)
 .data          0x02062df4        0x0 c:/altera/13.0sp1/nios2eds/bin/gnu/h-i686-mingw32/bin/../lib/gcc/nios2-elf/4.1.2/../../../../nios2-elf/lib\libc.a(lib_a-exit.o)
 .data          0x02062df4        0x0 c:/altera/13.0sp1/nios2eds/bin/gnu/h-i686-mingw32/bin/../lib/gcc/nios2-elf/4.1.2/../../../../nios2-elf/lib\libc.a(lib_a-memcmp.o)
 .data          0x02062df4        0x0 c:/altera/13.0sp1/nios2eds/bin/gnu/h-i686-mingw32/bin/../lib/gcc/nios2-elf/4.1.2/../../../../nios2-elf/lib\libc.a(lib_a-__atexit.o)
 .data          0x02062df4        0x0 c:/altera/13.0sp1/nios2eds/bin/gnu/h-i686-mingw32/bin/../lib/gcc/nios2-elf/4.1.2/../../../../nios2-elf/lib\libc.a(lib_a-__call_atexit.o)
 .data          0x02062df4        0x0 ../integrated_v1_bsp/\libhal_bsp.a(alt_exit.o)
                0x0206adf4                _gp = ABSOLUTE ((. + 0x8000))
                0x0206adf4                PROVIDE (gp, _gp)
 *(.rwdata .rwdata.*)
 *(.sdata .sdata.* .gnu.linkonce.s.*)
 .sdata         0x02062df4       0x44 obj/default/gui.o
                0x02062df4                res_opts_count
                0x02062df8                wind_opts_count
                0x02062dfc                current_resolution
                0x02062e00                current_window_duration
                0x02062e04                old_current_resolution
                0x02062e08                old_current_window_duration
                0x02062e0c                battery_capacity
                0x02062e14                battery_level
                0x02062e1c                panel_voltage
                0x02062e24                battery_time_left
                0x02062e2c                current_sample_frequency
                0x02062e30                sliding_size
                0x02062e34                current_charge
 .sdata         0x02062e38        0x4 obj/default/simple_graphics.o
                0x02062e38                cour10_font
 .sdata         0x02062e3c        0x4 c:/altera/13.0sp1/nios2eds/bin/gnu/h-i686-mingw32/bin/../lib/gcc/nios2-elf/4.1.2/../../../../nios2-elf/lib\libm.a(lib_a-s_lib_ver.o)
                0x02062e3c                __fdlib_version
 .sdata         0x02062e40        0x8 c:/altera/13.0sp1/nios2eds/bin/gnu/h-i686-mingw32/bin/../lib/gcc/nios2-elf/4.1.2/../../../../nios2-elf/lib\libc.a(lib_a-impure.o)
                0x02062e40                _impure_ptr
                0x02062e44                _global_impure_ptr
 .sdata         0x02062e48        0x8 c:/altera/13.0sp1/nios2eds/bin/gnu/h-i686-mingw32/bin/../lib/gcc/nios2-elf/4.1.2/../../../../nios2-elf/lib\libc.a(lib_a-mallocr.o)
                0x02062e48                __malloc_trim_threshold
                0x02062e4c                __malloc_sbrk_base
 .sdata         0x02062e50        0x8 c:/altera/13.0sp1/nios2eds/bin/gnu/h-i686-mingw32/bin/../lib/gcc/nios2-elf/4.1.2/../../../../nios2-elf/lib\libc.a(lib_a-locale.o)
                0x02062e50                __mb_cur_max
 .sdata         0x02062e58       0x14 ../integrated_v1_bsp/\libhal_bsp.a(alt_dev.o)
                0x02062e58                alt_fs_list
                0x02062e60                alt_dev_list
                0x02062e68                alt_max_fd
 .sdata         0x02062e6c        0x4 ../integrated_v1_bsp/\libhal_bsp.a(alt_errno.o)
                0x02062e6c                alt_errno
 .sdata         0x02062e70        0x8 ../integrated_v1_bsp/\libhal_bsp.a(alt_flash_dev.o)
                0x02062e70                alt_flash_dev_list
 .sdata         0x02062e78        0x4 ../integrated_v1_bsp/\libhal_bsp.a(alt_irq_vars.o)
                0x02062e78                alt_priority_mask
 .sdata         0x02062e7c        0x4 ../integrated_v1_bsp/\libhal_bsp.a(alt_sbrk.o)
 .sdata         0x02062e80        0x8 ../integrated_v1_bsp/\libhal_bsp.a(alt_tick.o)
                0x02062e80                alt_alarm_list
 .sdata         0x02062e88        0x4 ../integrated_v1_bsp/\libhal_bsp.a(altera_avalon_lcd_16207.o)
 .sdata         0x02062e8c        0x4 c:/altera/13.0sp1/nios2eds/bin/gnu/h-i686-mingw32/bin/../lib/gcc/nios2-elf/4.1.2/../../../../nios2-elf/lib\libc.a(lib_a-ctype_.o)
                0x02062e8c                __ctype_ptr
 *(.sdata2 .sdata2.* .gnu.linkonce.s2.*)
                0x02062e90                . = ALIGN (0x4)
                0x02062e90                _edata = ABSOLUTE (.)
                0x02062e90                PROVIDE (edata, ABSOLUTE (.))
                0x02062e90                PROVIDE (__ram_rwdata_end, ABSOLUTE (.))
                0x0205f54c                PROVIDE (__flash_rwdata_start, LOADADDR (.rwdata))

.bss            0x02062e90      0x73c
                0x02062e90                __bss_start = ABSOLUTE (.)
                0x02062e90                PROVIDE (__sbss_start, ABSOLUTE (.))
                0x02062e90                PROVIDE (___sbss_start, ABSOLUTE (.))
 *(.dynsbss)
 *(.sbss .sbss.* .gnu.linkonce.sb.*)
 .sbss          0x02062e90        0x4 obj/default/LCD.o
 .sbss          0x02062e94       0x20 obj/default/gui.o
                0x02062e94                curr_sample_index
                0x02062e98                curr_current_index
                0x02062e9c                UPDATE_GRAPH_FLAG
                0x02062ea0                floating_bat_level
                0x02062ea4                update_array
                0x02062ea8                UPDATE_CURRENT_FLAG
                0x02062eac                updated_once
                0x02062eb0                average_current
 .sbss          0x02062eb4        0x4 obj/default/gui.o
                0x02062eb4                isHigh
 .sbss          0x02062eb8        0x4 c:/altera/13.0sp1/nios2eds/bin/gnu/h-i686-mingw32/bin/../lib/gcc/nios2-elf/4.1.2/../../../../nios2-elf/lib\libc.a(lib_a-int_errno.o)
                0x02062eb8                errno
 .sbss          0x02062ebc        0xc c:/altera/13.0sp1/nios2eds/bin/gnu/h-i686-mingw32/bin/../lib/gcc/nios2-elf/4.1.2/../../../../nios2-elf/lib\libc.a(lib_a-mallocr.o)
                0x02062ebc                __malloc_top_pad
                0x02062ec0                __malloc_max_sbrked_mem
                0x02062ec4                __malloc_max_total_mem
 .sbss          0x02062ec8        0xc c:/altera/13.0sp1/nios2eds/bin/gnu/h-i686-mingw32/bin/../lib/gcc/nios2-elf/4.1.2/../../../../nios2-elf/lib\libc.a(lib_a-locale.o)
                0x02062ec8                __nlocale_changed
                0x02062ecc                __mlocale_changed
                0x02062ed0                _PathLocale
 .sbss          0x02062ed4        0x4 ../integrated_v1_bsp/\libhal_bsp.a(alt_irq_vars.o)
                0x02062ed4                alt_irq_active
 .sbss          0x02062ed8        0xc ../integrated_v1_bsp/\libhal_bsp.a(alt_main.o)
                0x02062ed8                alt_argc
                0x02062edc                alt_argv
                0x02062ee0                alt_envp
 .sbss          0x02062ee4        0x8 ../integrated_v1_bsp/\libhal_bsp.a(alt_tick.o)
                0x02062ee4                _alt_tick_rate
                0x02062ee8                _alt_nticks
 *(.sbss2 .sbss2.* .gnu.linkonce.sb2.*)
 *(.scommon)
                0x02062eec                PROVIDE (__sbss_end, ABSOLUTE (.))
                0x02062eec                PROVIDE (___sbss_end, ABSOLUTE (.))
 *(.dynbss)
 *(.bss .bss.* .gnu.linkonce.b.*)
 .bss           0x02062eec        0x0 ../integrated_v1_bsp//obj/HAL/src/crt0.o
 .bss           0x02062eec        0x0 obj/default/I2C.o
 .bss           0x02062eec        0x0 obj/default/LCD.o
 .bss           0x02062eec        0x0 obj/default/debug.o
 .bss           0x02062eec        0x0 obj/default/flash.o
 .bss           0x02062eec        0x0 obj/default/geometry.o
 .bss           0x02062eec        0x0 obj/default/gesture.o
 .bss           0x02062eec       0x44 obj/default/gui.o
                0x02062eec                current_samples
 .bss           0x02062f30        0x0 obj/default/gui_vpg.o
 .bss           0x02062f30        0x0 obj/default/main.o
 .bss           0x02062f30        0x0 obj/default/multi_touch.o
 .bss           0x02062f30        0x0 obj/default/plotter.o
 .bss           0x02062f30        0x0 obj/default/queue.o
 .bss           0x02062f30        0x0 obj/default/sensor.o
 .bss           0x02062f30        0x0 obj/default/simple_graphics.o
 .bss           0x02062f30        0x0 obj/default/simple_text.o
 .bss           0x02062f30        0x0 obj/default/tahomabold_20.o
 .bss           0x02062f30        0x0 obj/default/tahomabold_32.o
 .bss           0x02062f30        0x0 obj/default/vip_fr.o
 .bss           0x02062f30        0x0 c:/altera/13.0sp1/nios2eds/bin/gnu/h-i686-mingw32/bin/../lib/gcc/nios2-elf/4.1.2/../../../../nios2-elf/lib\libm.a(lib_a-w_sqrt.o)
 .bss           0x02062f30        0x0 c:/altera/13.0sp1/nios2eds/bin/gnu/h-i686-mingw32/bin/../lib/gcc/nios2-elf/4.1.2/../../../../nios2-elf/lib\libm.a(lib_a-e_sqrt.o)
 .bss           0x02062f30        0x0 c:/altera/13.0sp1/nios2eds/bin/gnu/h-i686-mingw32/bin/../lib/gcc/nios2-elf/4.1.2/../../../../nios2-elf/lib\libm.a(lib_a-s_isnand.o)
 .bss           0x02062f30        0x0 c:/altera/13.0sp1/nios2eds/bin/gnu/h-i686-mingw32/bin/../lib/gcc/nios2-elf/4.1.2/../../../../nios2-elf/lib\libm.a(lib_a-s_lib_ver.o)
 .bss           0x02062f30        0x0 c:/altera/13.0sp1/nios2eds/bin/gnu/h-i686-mingw32/bin/../lib/gcc/nios2-elf/4.1.2/../../../../nios2-elf/lib\libm.a(lib_a-s_matherr.o)
 .bss           0x02062f30        0x0 c:/altera/13.0sp1/nios2eds/bin/gnu/h-i686-mingw32/bin/../lib/gcc/nios2-elf/4.1.2\libgcc.a(_addsub_sf.o)
 .bss           0x02062f30        0x0 c:/altera/13.0sp1/nios2eds/bin/gnu/h-i686-mingw32/bin/../lib/gcc/nios2-elf/4.1.2\libgcc.a(_mul_sf.o)
 .bss           0x02062f30        0x0 c:/altera/13.0sp1/nios2eds/bin/gnu/h-i686-mingw32/bin/../lib/gcc/nios2-elf/4.1.2\libgcc.a(_div_sf.o)
 .bss           0x02062f30        0x0 c:/altera/13.0sp1/nios2eds/bin/gnu/h-i686-mingw32/bin/../lib/gcc/nios2-elf/4.1.2\libgcc.a(_gt_sf.o)
 .bss           0x02062f30        0x0 c:/altera/13.0sp1/nios2eds/bin/gnu/h-i686-mingw32/bin/../lib/gcc/nios2-elf/4.1.2\libgcc.a(_si_to_sf.o)
 .bss           0x02062f30        0x0 c:/altera/13.0sp1/nios2eds/bin/gnu/h-i686-mingw32/bin/../lib/gcc/nios2-elf/4.1.2\libgcc.a(_sf_to_si.o)
 .bss           0x02062f30        0x0 c:/altera/13.0sp1/nios2eds/bin/gnu/h-i686-mingw32/bin/../lib/gcc/nios2-elf/4.1.2\libgcc.a(_sf_to_df.o)
 .bss           0x02062f30        0x0 c:/altera/13.0sp1/nios2eds/bin/gnu/h-i686-mingw32/bin/../lib/gcc/nios2-elf/4.1.2\libgcc.a(_thenan_sf.o)
 .bss           0x02062f30        0x0 c:/altera/13.0sp1/nios2eds/bin/gnu/h-i686-mingw32/bin/../lib/gcc/nios2-elf/4.1.2\libgcc.a(_usi_to_sf.o)
 .bss           0x02062f30        0x0 c:/altera/13.0sp1/nios2eds/bin/gnu/h-i686-mingw32/bin/../lib/gcc/nios2-elf/4.1.2\libgcc.a(_addsub_df.o)
 .bss           0x02062f30        0x0 c:/altera/13.0sp1/nios2eds/bin/gnu/h-i686-mingw32/bin/../lib/gcc/nios2-elf/4.1.2\libgcc.a(_mul_df.o)
 .bss           0x02062f30        0x0 c:/altera/13.0sp1/nios2eds/bin/gnu/h-i686-mingw32/bin/../lib/gcc/nios2-elf/4.1.2\libgcc.a(_div_df.o)
 .bss           0x02062f30        0x0 c:/altera/13.0sp1/nios2eds/bin/gnu/h-i686-mingw32/bin/../lib/gcc/nios2-elf/4.1.2\libgcc.a(_gt_df.o)
 .bss           0x02062f30        0x0 c:/altera/13.0sp1/nios2eds/bin/gnu/h-i686-mingw32/bin/../lib/gcc/nios2-elf/4.1.2\libgcc.a(_lt_df.o)
 .bss           0x02062f30        0x0 c:/altera/13.0sp1/nios2eds/bin/gnu/h-i686-mingw32/bin/../lib/gcc/nios2-elf/4.1.2\libgcc.a(_si_to_df.o)
 .bss           0x02062f30        0x0 c:/altera/13.0sp1/nios2eds/bin/gnu/h-i686-mingw32/bin/../lib/gcc/nios2-elf/4.1.2\libgcc.a(_df_to_si.o)
 .bss           0x02062f30        0x0 c:/altera/13.0sp1/nios2eds/bin/gnu/h-i686-mingw32/bin/../lib/gcc/nios2-elf/4.1.2\libgcc.a(_make_df.o)
 .bss           0x02062f30        0x0 c:/altera/13.0sp1/nios2eds/bin/gnu/h-i686-mingw32/bin/../lib/gcc/nios2-elf/4.1.2\libgcc.a(_df_to_sf.o)
 .bss           0x02062f30        0x0 c:/altera/13.0sp1/nios2eds/bin/gnu/h-i686-mingw32/bin/../lib/gcc/nios2-elf/4.1.2\libgcc.a(_thenan_df.o)
 .bss           0x02062f30        0x0 c:/altera/13.0sp1/nios2eds/bin/gnu/h-i686-mingw32/bin/../lib/gcc/nios2-elf/4.1.2\libgcc.a(lib2-divmod.o)
 .bss           0x02062f30        0x0 c:/altera/13.0sp1/nios2eds/bin/gnu/h-i686-mingw32/bin/../lib/gcc/nios2-elf/4.1.2\libgcc.a(_muldi3.o)
 .bss           0x02062f30        0x0 c:/altera/13.0sp1/nios2eds/bin/gnu/h-i686-mingw32/bin/../lib/gcc/nios2-elf/4.1.2\libgcc.a(_clzsi2.o)
 .bss           0x02062f30        0x0 c:/altera/13.0sp1/nios2eds/bin/gnu/h-i686-mingw32/bin/../lib/gcc/nios2-elf/4.1.2\libgcc.a(_pack_sf.o)
 .bss           0x02062f30        0x0 c:/altera/13.0sp1/nios2eds/bin/gnu/h-i686-mingw32/bin/../lib/gcc/nios2-elf/4.1.2\libgcc.a(_unpack_sf.o)
 .bss           0x02062f30        0x0 c:/altera/13.0sp1/nios2eds/bin/gnu/h-i686-mingw32/bin/../lib/gcc/nios2-elf/4.1.2\libgcc.a(_fpcmp_parts_sf.o)
 .bss           0x02062f30        0x0 c:/altera/13.0sp1/nios2eds/bin/gnu/h-i686-mingw32/bin/../lib/gcc/nios2-elf/4.1.2\libgcc.a(_make_sf.o)
 .bss           0x02062f30        0x0 c:/altera/13.0sp1/nios2eds/bin/gnu/h-i686-mingw32/bin/../lib/gcc/nios2-elf/4.1.2\libgcc.a(_pack_df.o)
 .bss           0x02062f30        0x0 c:/altera/13.0sp1/nios2eds/bin/gnu/h-i686-mingw32/bin/../lib/gcc/nios2-elf/4.1.2\libgcc.a(_unpack_df.o)
 .bss           0x02062f30        0x0 c:/altera/13.0sp1/nios2eds/bin/gnu/h-i686-mingw32/bin/../lib/gcc/nios2-elf/4.1.2\libgcc.a(_fpcmp_parts_df.o)
 .bss           0x02062f30        0x0 c:/altera/13.0sp1/nios2eds/bin/gnu/h-i686-mingw32/bin/../lib/gcc/nios2-elf/4.1.2\libgcc.a(_clz.o)
 .bss           0x02062f30        0x0 c:/altera/13.0sp1/nios2eds/bin/gnu/h-i686-mingw32/bin/../lib/gcc/nios2-elf/4.1.2/../../../../nios2-elf/lib\libc.a(lib_a-errno.o)
 .bss           0x02062f30        0x0 c:/altera/13.0sp1/nios2eds/bin/gnu/h-i686-mingw32/bin/../lib/gcc/nios2-elf/4.1.2/../../../../nios2-elf/lib\libc.a(lib_a-fclose.o)
 .bss           0x02062f30        0x0 c:/altera/13.0sp1/nios2eds/bin/gnu/h-i686-mingw32/bin/../lib/gcc/nios2-elf/4.1.2/../../../../nios2-elf/lib\libc.a(lib_a-fflush.o)
 .bss           0x02062f30        0x0 c:/altera/13.0sp1/nios2eds/bin/gnu/h-i686-mingw32/bin/../lib/gcc/nios2-elf/4.1.2/../../../../nios2-elf/lib\libc.a(lib_a-findfp.o)
 .bss           0x02062f30        0x0 c:/altera/13.0sp1/nios2eds/bin/gnu/h-i686-mingw32/bin/../lib/gcc/nios2-elf/4.1.2/../../../../nios2-elf/lib\libc.a(lib_a-fopen.o)
 .bss           0x02062f30        0x0 c:/altera/13.0sp1/nios2eds/bin/gnu/h-i686-mingw32/bin/../lib/gcc/nios2-elf/4.1.2/../../../../nios2-elf/lib\libc.a(lib_a-freer.o)
 .bss           0x02062f30        0x0 c:/altera/13.0sp1/nios2eds/bin/gnu/h-i686-mingw32/bin/../lib/gcc/nios2-elf/4.1.2/../../../../nios2-elf/lib\libc.a(lib_a-fseek.o)
 .bss           0x02062f30        0x0 c:/altera/13.0sp1/nios2eds/bin/gnu/h-i686-mingw32/bin/../lib/gcc/nios2-elf/4.1.2/../../../../nios2-elf/lib\libc.a(lib_a-fstatr.o)
 .bss           0x02062f30        0x0 c:/altera/13.0sp1/nios2eds/bin/gnu/h-i686-mingw32/bin/../lib/gcc/nios2-elf/4.1.2/../../../../nios2-elf/lib\libc.a(lib_a-fwalk.o)
 .bss           0x02062f30        0x0 c:/altera/13.0sp1/nios2eds/bin/gnu/h-i686-mingw32/bin/../lib/gcc/nios2-elf/4.1.2/../../../../nios2-elf/lib\libc.a(lib_a-fwrite.o)
 .bss           0x02062f30        0x0 c:/altera/13.0sp1/nios2eds/bin/gnu/h-i686-mingw32/bin/../lib/gcc/nios2-elf/4.1.2/../../../../nios2-elf/lib\libc.a(lib_a-impure.o)
 .bss           0x02062f30        0x0 c:/altera/13.0sp1/nios2eds/bin/gnu/h-i686-mingw32/bin/../lib/gcc/nios2-elf/4.1.2/../../../../nios2-elf/lib\libc.a(lib_a-int_errno.o)
 .bss           0x02062f30        0x0 c:/altera/13.0sp1/nios2eds/bin/gnu/h-i686-mingw32/bin/../lib/gcc/nios2-elf/4.1.2/../../../../nios2-elf/lib\libc.a(lib_a-makebuf.o)
 .bss           0x02062f30        0x0 c:/altera/13.0sp1/nios2eds/bin/gnu/h-i686-mingw32/bin/../lib/gcc/nios2-elf/4.1.2/../../../../nios2-elf/lib\libc.a(lib_a-malloc.o)
 .bss           0x02062f30       0x28 c:/altera/13.0sp1/nios2eds/bin/gnu/h-i686-mingw32/bin/../lib/gcc/nios2-elf/4.1.2/../../../../nios2-elf/lib\libc.a(lib_a-mallocr.o)
                0x02062f30                __malloc_current_mallinfo
 .bss           0x02062f58        0x0 c:/altera/13.0sp1/nios2eds/bin/gnu/h-i686-mingw32/bin/../lib/gcc/nios2-elf/4.1.2/../../../../nios2-elf/lib\libc.a(lib_a-memcpy.o)
 .bss           0x02062f58        0x0 c:/altera/13.0sp1/nios2eds/bin/gnu/h-i686-mingw32/bin/../lib/gcc/nios2-elf/4.1.2/../../../../nios2-elf/lib\libc.a(lib_a-memset.o)
 .bss           0x02062f58        0x0 c:/altera/13.0sp1/nios2eds/bin/gnu/h-i686-mingw32/bin/../lib/gcc/nios2-elf/4.1.2/../../../../nios2-elf/lib\libc.a(lib_a-openr.o)
 .bss           0x02062f58        0x0 c:/altera/13.0sp1/nios2eds/bin/gnu/h-i686-mingw32/bin/../lib/gcc/nios2-elf/4.1.2/../../../../nios2-elf/lib\libc.a(lib_a-printf.o)
 .bss           0x02062f58        0x0 c:/altera/13.0sp1/nios2eds/bin/gnu/h-i686-mingw32/bin/../lib/gcc/nios2-elf/4.1.2/../../../../nios2-elf/lib\libc.a(lib_a-putchar.o)
 .bss           0x02062f58        0x0 c:/altera/13.0sp1/nios2eds/bin/gnu/h-i686-mingw32/bin/../lib/gcc/nios2-elf/4.1.2/../../../../nios2-elf/lib\libc.a(lib_a-puts.o)
 .bss           0x02062f58        0x0 c:/altera/13.0sp1/nios2eds/bin/gnu/h-i686-mingw32/bin/../lib/gcc/nios2-elf/4.1.2/../../../../nios2-elf/lib\libc.a(lib_a-refill.o)
 .bss           0x02062f58        0x0 c:/altera/13.0sp1/nios2eds/bin/gnu/h-i686-mingw32/bin/../lib/gcc/nios2-elf/4.1.2/../../../../nios2-elf/lib\libc.a(lib_a-sbrkr.o)
 .bss           0x02062f58        0x0 c:/altera/13.0sp1/nios2eds/bin/gnu/h-i686-mingw32/bin/../lib/gcc/nios2-elf/4.1.2/../../../../nios2-elf/lib\libc.a(lib_a-sprintf.o)
 .bss           0x02062f58        0x0 c:/altera/13.0sp1/nios2eds/bin/gnu/h-i686-mingw32/bin/../lib/gcc/nios2-elf/4.1.2/../../../../nios2-elf/lib\libc.a(lib_a-stdio.o)
 .bss           0x02062f58        0x0 c:/altera/13.0sp1/nios2eds/bin/gnu/h-i686-mingw32/bin/../lib/gcc/nios2-elf/4.1.2/../../../../nios2-elf/lib\libc.a(lib_a-strcpy.o)
 .bss           0x02062f58        0x0 c:/altera/13.0sp1/nios2eds/bin/gnu/h-i686-mingw32/bin/../lib/gcc/nios2-elf/4.1.2/../../../../nios2-elf/lib\libc.a(lib_a-strlen.o)
 .bss           0x02062f58        0x0 c:/altera/13.0sp1/nios2eds/bin/gnu/h-i686-mingw32/bin/../lib/gcc/nios2-elf/4.1.2/../../../../nios2-elf/lib\libc.a(lib_a-vfprintf.o)
 .bss           0x02062f58        0x0 c:/altera/13.0sp1/nios2eds/bin/gnu/h-i686-mingw32/bin/../lib/gcc/nios2-elf/4.1.2/../../../../nios2-elf/lib\libc.a(lib_a-vsnprintf.o)
 .bss           0x02062f58        0x0 c:/altera/13.0sp1/nios2eds/bin/gnu/h-i686-mingw32/bin/../lib/gcc/nios2-elf/4.1.2/../../../../nios2-elf/lib\libc.a(lib_a-writer.o)
 .bss           0x02062f58        0x0 c:/altera/13.0sp1/nios2eds/bin/gnu/h-i686-mingw32/bin/../lib/gcc/nios2-elf/4.1.2/../../../../nios2-elf/lib\libc.a(lib_a-wsetup.o)
 .bss           0x02062f58        0x0 c:/altera/13.0sp1/nios2eds/bin/gnu/h-i686-mingw32/bin/../lib/gcc/nios2-elf/4.1.2/../../../../nios2-elf/lib\libc.a(lib_a-closer.o)
 .bss           0x02062f58        0x0 c:/altera/13.0sp1/nios2eds/bin/gnu/h-i686-mingw32/bin/../lib/gcc/nios2-elf/4.1.2/../../../../nios2-elf/lib\libc.a(lib_a-dtoa.o)
 .bss           0x02062f58        0x0 c:/altera/13.0sp1/nios2eds/bin/gnu/h-i686-mingw32/bin/../lib/gcc/nios2-elf/4.1.2/../../../../nios2-elf/lib\libc.a(lib_a-flags.o)