Archive member included because of file (symbol)

c:/altera/13.0sp1/nios2eds/bin/gnu/h-i686-mingw32/bin/../lib/gcc/nios2-elf/4.1.2/../../../../nios2-elf/lib\libm.a(lib_a-w_sqrt.o)
                              obj/default/geometry.o (sqrt)
c:/altera/13.0sp1/nios2eds/bin/gnu/h-i686-mingw32/bin/../lib/gcc/nios2-elf/4.1.2/../../../../nios2-elf/lib\libm.a(lib_a-e_sqrt.o)
                              c:/altera/13.0sp1/nios2eds/bin/gnu/h-i686-mingw32/bin/../lib/gcc/nios2-elf/4.1.2/../../../../nios2-elf/lib\libm.a(lib_a-w_sqrt.o) (__ieee754_sqrt)
c:/altera/13.0sp1/nios2eds/bin/gnu/h-i686-mingw32/bin/../lib/gcc/nios2-elf/4.1.2/../../../../nios2-elf/lib\libm.a(lib_a-s_isnand.o)
                              c:/altera/13.0sp1/nios2eds/bin/gnu/h-i686-mingw32/bin/../lib/gcc/nios2-elf/4.1.2/../../../../nios2-elf/lib\libm.a(lib_a-w_sqrt.o) (__isnand)
c:/altera/13.0sp1/nios2eds/bin/gnu/h-i686-mingw32/bin/../lib/gcc/nios2-elf/4.1.2/../../../../nios2-elf/lib\libm.a(lib_a-s_lib_ver.o)
                              c:/altera/13.0sp1/nios2eds/bin/gnu/h-i686-mingw32/bin/../lib/gcc/nios2-elf/4.1.2/../../../../nios2-elf/lib\libm.a(lib_a-w_sqrt.o) (__fdlib_version)
c:/altera/13.0sp1/nios2eds/bin/gnu/h-i686-mingw32/bin/../lib/gcc/nios2-elf/4.1.2/../../../../nios2-elf/lib\libm.a(lib_a-s_matherr.o)
                              c:/altera/13.0sp1/nios2eds/bin/gnu/h-i686-mingw32/bin/../lib/gcc/nios2-elf/4.1.2/../../../../nios2-elf/lib\libm.a(lib_a-w_sqrt.o) (matherr)
c:/altera/13.0sp1/nios2eds/bin/gnu/h-i686-mingw32/bin/../lib/gcc/nios2-elf/4.1.2\libgcc.a(_mul_sf.o)
                              obj/default/gui.o (__mulsf3)
c:/altera/13.0sp1/nios2eds/bin/gnu/h-i686-mingw32/bin/../lib/gcc/nios2-elf/4.1.2\libgcc.a(_div_sf.o)
                              obj/default/gui.o (__divsf3)
c:/altera/13.0sp1/nios2eds/bin/gnu/h-i686-mingw32/bin/../lib/gcc/nios2-elf/4.1.2\libgcc.a(_si_to_sf.o)
                              obj/default/gui.o (__floatsisf)
c:/altera/13.0sp1/nios2eds/bin/gnu/h-i686-mingw32/bin/../lib/gcc/nios2-elf/4.1.2\libgcc.a(_sf_to_si.o)
                              obj/default/gui.o (__fixsfsi)
c:/altera/13.0sp1/nios2eds/bin/gnu/h-i686-mingw32/bin/../lib/gcc/nios2-elf/4.1.2\libgcc.a(_thenan_sf.o)
                              c:/altera/13.0sp1/nios2eds/bin/gnu/h-i686-mingw32/bin/../lib/gcc/nios2-elf/4.1.2\libgcc.a(_mul_sf.o) (__thenan_sf)
c:/altera/13.0sp1/nios2eds/bin/gnu/h-i686-mingw32/bin/../lib/gcc/nios2-elf/4.1.2\libgcc.a(_addsub_df.o)
                              c:/altera/13.0sp1/nios2eds/bin/gnu/h-i686-mingw32/bin/../lib/gcc/nios2-elf/4.1.2/../../../../nios2-elf/lib\libm.a(lib_a-e_sqrt.o) (__subdf3)
c:/altera/13.0sp1/nios2eds/bin/gnu/h-i686-mingw32/bin/../lib/gcc/nios2-elf/4.1.2\libgcc.a(_mul_df.o)
                              c:/altera/13.0sp1/nios2eds/bin/gnu/h-i686-mingw32/bin/../lib/gcc/nios2-elf/4.1.2/../../../../nios2-elf/lib\libm.a(lib_a-e_sqrt.o) (__muldf3)
c:/altera/13.0sp1/nios2eds/bin/gnu/h-i686-mingw32/bin/../lib/gcc/nios2-elf/4.1.2\libgcc.a(_div_df.o)
                              obj/default/gui.o (__divdf3)
c:/altera/13.0sp1/nios2eds/bin/gnu/h-i686-mingw32/bin/../lib/gcc/nios2-elf/4.1.2\libgcc.a(_lt_df.o)
                              c:/altera/13.0sp1/nios2eds/bin/gnu/h-i686-mingw32/bin/../lib/gcc/nios2-elf/4.1.2/../../../../nios2-elf/lib\libm.a(lib_a-w_sqrt.o) (__ltdf2)
c:/altera/13.0sp1/nios2eds/bin/gnu/h-i686-mingw32/bin/../lib/gcc/nios2-elf/4.1.2\libgcc.a(_si_to_df.o)
                              obj/default/geometry.o (__floatsidf)
c:/altera/13.0sp1/nios2eds/bin/gnu/h-i686-mingw32/bin/../lib/gcc/nios2-elf/4.1.2\libgcc.a(_df_to_si.o)
                              obj/default/geometry.o (__fixdfsi)
c:/altera/13.0sp1/nios2eds/bin/gnu/h-i686-mingw32/bin/../lib/gcc/nios2-elf/4.1.2\libgcc.a(_thenan_df.o)
                              c:/altera/13.0sp1/nios2eds/bin/gnu/h-i686-mingw32/bin/../lib/gcc/nios2-elf/4.1.2\libgcc.a(_addsub_df.o) (__thenan_df)
c:/altera/13.0sp1/nios2eds/bin/gnu/h-i686-mingw32/bin/../lib/gcc/nios2-elf/4.1.2\libgcc.a(lib2-divmod.o)
                              obj/default/simple_text.o (__divsi3)
c:/altera/13.0sp1/nios2eds/bin/gnu/h-i686-mingw32/bin/../lib/gcc/nios2-elf/4.1.2\libgcc.a(_muldi3.o)
                              c:/altera/13.0sp1/nios2eds/bin/gnu/h-i686-mingw32/bin/../lib/gcc/nios2-elf/4.1.2\libgcc.a(_mul_sf.o) (__muldi3)
c:/altera/13.0sp1/nios2eds/bin/gnu/h-i686-mingw32/bin/../lib/gcc/nios2-elf/4.1.2\libgcc.a(_clzsi2.o)
                              c:/altera/13.0sp1/nios2eds/bin/gnu/h-i686-mingw32/bin/../lib/gcc/nios2-elf/4.1.2\libgcc.a(_si_to_sf.o) (__clzsi2)
c:/altera/13.0sp1/nios2eds/bin/gnu/h-i686-mingw32/bin/../lib/gcc/nios2-elf/4.1.2\libgcc.a(_pack_sf.o)
                              c:/altera/13.0sp1/nios2eds/bin/gnu/h-i686-mingw32/bin/../lib/gcc/nios2-elf/4.1.2\libgcc.a(_mul_sf.o) (__pack_f)
c:/altera/13.0sp1/nios2eds/bin/gnu/h-i686-mingw32/bin/../lib/gcc/nios2-elf/4.1.2\libgcc.a(_unpack_sf.o)
[...]
Memory Configuration

Name             Origin             Length             Attributes
reset            0x00000000         0x00000020
cfi_flash        0x00000020         0x003fffe0
sram_BEFORE_EXCEPTION 0x00480000         0x00000020
sram             0x00480020         0x0007ffe0
epcs_flash_controller 0x00501800         0x00000800
sdram            0x00800000         0x00800000
*default*        0x00000000         0xffffffff

Linker script and memory map

LOAD ../atest_bsp//obj/HAL/src/crt0.o
LOAD obj/default/I2C.o
LOAD obj/default/LCD.o
LOAD obj/default/debug.o
LOAD obj/default/flash.o
LOAD obj/default/geometry.o
LOAD obj/default/gesture.o
LOAD obj/default/gui.o
LOAD obj/default/gui_vpg.o
LOAD obj/default/main.o
LOAD obj/default/multi_touch.o
LOAD obj/default/plotter.o
LOAD obj/default/queue.o
LOAD obj/default/simple_graphics.o
LOAD obj/default/simple_text.o
LOAD obj/default/tahomabold_20.o
LOAD obj/default/tahomabold_32.o
LOAD obj/default/vip_fr.o
LOAD c:/altera/13.0sp1/nios2eds/bin/gnu/h-i686-mingw32/bin/../lib/gcc/nios2-elf/4.1.2/../../../../nios2-elf/lib\libstdc++.a
LOAD c:/altera/13.0sp1/nios2eds/bin/gnu/h-i686-mingw32/bin/../lib/gcc/nios2-elf/4.1.2/../../../../nios2-elf/lib\libm.a
LOAD c:/altera/13.0sp1/nios2eds/bin/gnu/h-i686-mingw32/bin/../lib/gcc/nios2-elf/4.1.2\libgcc.a
START GROUP
LOAD c:/altera/13.0sp1/nios2eds/bin/gnu/h-i686-mingw32/bin/../lib/gcc/nios2-elf/4.1.2/../../../../nios2-elf/lib\libc.a
LOAD c:/altera/13.0sp1/nios2eds/bin/gnu/h-i686-mingw32/bin/../lib/gcc/nios2-elf/4.1.2\libgcc.a
LOAD ../atest_bsp/\libhal_bsp.a
END GROUP
LOAD c:/altera/13.0sp1/nios2eds/bin/gnu/h-i686-mingw32/bin/../lib/gcc/nios2-elf/4.1.2\libgcc.a
                0x00000000                __alt_mem_cfi_flash = 0x0
                0x00480000                __alt_mem_sram = 0x480000
                0x00501800                __alt_mem_epcs_flash_controller = 0x501800
                0x00800000                __alt_mem_sdram = 0x800000

.entry          0x00000000        0x0
 *(.entry)
 .entry         0x00000000        0x0 ../atest_bsp//obj/HAL/src/crt0.o
                0x00000000                __reset

.exceptions     0x00480020      0x198
                0x00480020                PROVIDE (__ram_exceptions_start, ABSOLUTE (.))
                0x00480020                . = ALIGN (0x20)
 *(.irq)
 *(.exceptions.entry.label)
 .exceptions.entry.label
                0x00480020        0x0 ../atest_bsp/\libhal_bsp.a(alt_irq_entry.o)
                0x00480020                alt_irq_entry
 .exceptions.entry.label
                0x00480020        0x0 ../atest_bsp/\libhal_bsp.a(alt_exception_entry.o)
                0x00480020                alt_exception
 *(.exceptions.entry.user)
 *(.exceptions.entry)
 .exceptions.entry
                0x00480020       0x54 ../atest_bsp/\libhal_bsp.a(alt_exception_entry.o)
 *(.exceptions.irqtest.user)
 *(.exceptions.irqtest)
 .exceptions.irqtest
                0x00480074       0x10 ../atest_bsp/\libhal_bsp.a(alt_irq_entry.o)
 *(.exceptions.irqhandler.user)
 *(.exceptions.irqhandler)
 .exceptions.irqhandler
                0x00480084        0x4 ../atest_bsp/\libhal_bsp.a(alt_irq_entry.o)
 *(.exceptions.irqreturn.user)
 *(.exceptions.irqreturn)
 .exceptions.irqreturn
                0x00480088        0x4 ../atest_bsp/\libhal_bsp.a(alt_irq_entry.o)
 *(.exceptions.notirq.label)
 .exceptions.notirq.label
                0x0048008c        0x0 ../atest_bsp/\libhal_bsp.a(alt_irq_entry.o)
 *(.exceptions.notirq.user)
 *(.exceptions.notirq)
 .exceptions.notirq
                0x0048008c        0x8 ../atest_bsp/\libhal_bsp.a(alt_exception_entry.o)
 *(.exceptions.soft.user)
 *(.exceptions.soft)
 *(.exceptions.unknown.user)
 *(.exceptions.unknown)
 .exceptions.unknown
                0x00480094        0x4 ../atest_bsp/\libhal_bsp.a(alt_exception_entry.o)
 *(.exceptions.exit.label)
 .exceptions.exit.label
                0x00480098        0x0 ../atest_bsp/\libhal_bsp.a(alt_irq_entry.o)
 .exceptions.exit.label
                0x00480098        0x0 ../atest_bsp/\libhal_bsp.a(alt_exception_entry.o)
 *(.exceptions.exit.user)
 *(.exceptions.exit)
 .exceptions.exit
                0x00480098       0x54 ../atest_bsp/\libhal_bsp.a(alt_exception_entry.o)
 *(.exceptions)
 .exceptions    0x004800ec       0xcc ../atest_bsp/\libhal_bsp.a(alt_irq_handler.o)
                0x004800ec                alt_irq_handler
                0x004801b8                PROVIDE (__ram_exceptions_end, ABSOLUTE (.))
                0x00480020                PROVIDE (__flash_exceptions_start, LOADADDR (.exceptions))

.text           0x004801b8    0x1be34
                0x004801b8                PROVIDE (stext, ABSOLUTE (.))
 *(.interp)
 *(.hash)
 *(.dynsym)
 *(.dynstr)
 *(.gnu.version)
 *(.gnu.version_d)
 *(.gnu.version_r)
 *(.rel.init)
 *(.rela.init)
 *(.rel.text .rel.text.* .rel.gnu.linkonce.t.*)
 *(.rela.text .rela.text.* .rela.gnu.linkonce.t.*)
 *(.rel.fini)
 *(.rela.fini)
 *(.rel.rodata .rel.rodata.* .rel.gnu.linkonce.r.*)
 *(.rela.rodata .rela.rodata.* .rela.gnu.linkonce.r.*)
 *(.rel.data .rel.data.* .rel.gnu.linkonce.d.*)
 *(.rela.data .rela.data.* .rela.gnu.linkonce.d.*)
 *(.rel.tdata .rel.tdata.* .rel.gnu.linkonce.td.*)
 *(.rela.tdata .rela.tdata.* .rela.gnu.linkonce.td.*)
 *(.rel.tbss .rel.tbss.* .rel.gnu.linkonce.tb.*)
 *(.rela.tbss .rela.tbss.* .rela.gnu.linkonce.tb.*)
 *(.rel.ctors)
 *(.rela.ctors)
 *(.rel.dtors)
 *(.rela.dtors)
 *(.rel.got)
 *(.rela.got)
 *(.rel.sdata .rel.sdata.* .rel.gnu.linkonce.s.*)
 *(.rela.sdata .rela.sdata.* .rela.gnu.linkonce.s.*)
 *(.rel.sbss .rel.sbss.* .rel.gnu.linkonce.sb.*)
 *(.rela.sbss .rela.sbss.* .rela.gnu.linkonce.sb.*)
 *(.rel.sdata2 .rel.sdata2.* .rel.gnu.linkonce.s2.*)
 *(.rela.sdata2 .rela.sdata2.* .rela.gnu.linkonce.s2.*)
 *(.rel.sbss2 .rel.sbss2.* .rel.gnu.linkonce.sb2.*)
 *(.rela.sbss2 .rela.sbss2.* .rela.gnu.linkonce.sb2.*)
 *(.rel.bss .rel.bss.* .rel.gnu.linkonce.b.*)
 *(.rela.bss .rela.bss.* .rela.gnu.linkonce.b.*)
 *(.rel.plt)
 *(.rela.plt)
 *(.rel.dyn)
 *(.init)
 *(.plt)
 *(.text .stub .text.* .gnu.linkonce.t.*)
 .text          0x004801b8       0x48 ../atest_bsp//obj/HAL/src/crt0.o
                0x004801b8                _start
 .text          0x00480200     0x1200 obj/default/I2C.o
                0x00480200                my_wait
                0x00480240                I2C_Write
                0x0048033c                I2C_Write16
                0x00480498                I2C_Read
                0x004805c0                I2C_Read16
                0x0048073c                I2C_MultipleRead
                0x004808bc                i2c_start
                0x00480944                i2c_stop
                0x004809bc                i2c_write
                0x00480b28                i2c_read
                0x00480c74                I2CL_Write
                0x00480dd0                I2CL_Read
                0x00480f58                I2CL_MultipleRead
                0x00481138                I2CL_MultipleWrite
                0x004812d8                I2CL_Read16
                0x0048136c                I2CL_Write16
 .text          0x00481400      0x184 obj/default/LCD.o
                0x00481400                LCD_Open
                0x0048145c                LCD_TextOut
                0x004814c0                LCD_Clear
                0x00481548                LCD_Close
 .text          0x00481584      0x194 obj/default/debug.o
                0x00481584                debug_output
                0x004815b4                myprintf
                0x00481614                myprintf_hexarray
                0x00481694                myprintf_dwordarray
 .text          0x00481718      0xf10 obj/default/flash.o
                0x00481718                Flash_InfoDump
                0x0048189c                Flash_Open
                0x0048196c                Flash_Close
                0x004819c4                Flash_GetBlockInfo
                0x00481b00                Flash_Read
                0x00481bb8                Flash_Write
                0x00481e18                Flash_Erase
                0x00481f0c                Flash_GetBlockCount
                0x00481f90                Flash_Size
                0x00482078                FLASH_Verify
 .text          0x00482628      0x3f4 obj/default/geometry.o
                0x00482628                IsPtInRect
                0x004826ac                PtSet
                0x004826ec                RectSet
                0x00482748                RectInflate
                0x004827d0                RectOffset
                0x00482858                RectCopy
                0x004828bc                RectWidth
                0x004828f0                RectHeight
                0x00482924                PtDistance
                0x004829d8                PtCopy
 .text          0x00482a1c        0x0 obj/default/gesture.o
 .text          0x00482a1c     0x1288 obj/default/gui.o
                0x00482a1c                get_max
                0x00482ab8                get_scale_factor
                0x00482b0c                plot
                0x00482cac                draw_options
                0x00483074                GUI_CheckButton
                0x004830c8                GUI_DeskDraw
                0x00483488                IsContinuedPoint
                0x00483544                GUI_ShowGesture
                0x004839dc                GUI_TraceGesture
                0x00483a34                GUI
 .text          0x00483ca4      0x820 obj/default/gui_vpg.o
                0x00483ca4                ShowInfo
                0x00483d04                VPG_XLine
                0x00483dbc                VPG_ColorPanel
                0x00483e58                VPG_Grid
                0x00483f4c                VPG_VGrid
                0x0048402c                VPG_HGrid
                0x0048410c                VPG_ColorBar
                0x00484280                GUI_VPG
 .text          0x004844c4       0xf0 obj/default/main.o
                0x004844c4                main
 .text          0x004845b4     0x130c obj/default/multi_touch.o
                0x004848ec                MTC_Init
                0x004849bc                MTC_UnInit
                0x00484a04                MTC_GetStatus
                0x00484ae4                MTC_ShowEventText
                0x00484eb8                MTC_ClearEvent
                0x00484eec                MTC_QueryEventText
 .text          0x004858c0        0x0 obj/default/plotter.o
 .text          0x004858c0      0x2a8 obj/default/queue.o
                0x004858c0                QUEUE_New
                0x00485930                QUEUE_Delete
                0x00485960                QUEUE_IsEmpty
                0x004859a8                QUEUE_IsFull
                0x00485a0c                QUEUE_Push
                0x00485aa4                QUEUE_Pop
                0x00485b38                QUEUE_Empty
 .text          0x00485b68     0x2df0 obj/default/simple_graphics.o
                0x00485b68                vid_clean_screen
                0x00485bc0                vid_draw_line
                0x00485c7c                vid_scroll_string_quit
                0x00485cb8                vid_scroll_string_init
                0x00485e04                vid_scroll_string
                0x004861bc                vid_move_block
                0x004862d8                vid_print_string
                0x004863ec                vid_draw_box
                0x00486528                vid_print_char
                0x00486610                vid_set_pixel
                0x00486784                vid_get_pixel
                0x004867f8                vid_paint_block
                0x00486a6c                vid_draw_horiz_line
                0x00486d44                vid_merge_colors
                0x00486d90                vid_color_convert24_16
                0x00486e30                vid_color_convert16_24
                0x00486e98                vid_copy_line_to_frame_buffer
                0x00487154                vid_draw_sloped_line
                0x004873d0                vid_draw_circle
                0x0048753c                vid_draw_round_corner_box
                0x00487908                vid_round_corner_points
                0x00487f90                max3
                0x00487fe4                min3
                0x00488038                max_diff3
                0x0048809c                vid_put_pixel_in_span_map
                0x004881a8                vid_bres_scan_edges
                0x00488408                vid_draw_triangle
                0x00488750                CopyImage16
                0x0048882c                CropImage16
 .text          0x00488958      0xc74 obj/default/simple_text.o
                0x00488958                vid_print_string_alpha
                0x00488bd0                seperate_color_channels
                0x00488d24                merge_color_channels
                0x00488e7c                read_from_frame
                0x00489098                alpha_blending
                0x0048932c                vid_print_char_alpha
                0x004894d8                vid_string_pixel_length_alpha
 .text          0x004895cc        0x0 obj/default/tahomabold_20.o
 .text          0x004895cc        0x0 obj/default/tahomabold_32.o
 .text          0x004895cc      0x5e8 obj/default/vip_fr.o
                0x004895cc                VIPFR_Init
                0x00489698                VIPFR_UnInit
                0x004896d4                VIPFR_SetFrameSize
                0x004897e4                VIPFR_Go
                0x00489824                VIPFR_GetDrawFrame
                0x00489878                VIPFR_ActiveDrawFrame
                0x00489920                DRAW_EraseScreen
                0x00489984                FrameReader_SetFrame0
                0x00489a10                FrameReader_SetFrame1
                0x00489a9c                FrameReader_SelectFrame
                0x00489ad0                FrameReader_Go
                0x00489b08                VIPFR_ReserveBackground
 .text          0x00489bb4      0x130 c:/altera/13.0sp1/nios2eds/bin/gnu/h-i686-mingw32/bin/../lib/gcc/nios2-elf/4.1.2/../../../../nios2-elf/lib\libm.a(lib_a-w_sqrt.o)
                0x00489bb4                sqrt
 .text          0x00489ce4      0x2c8 c:/altera/13.0sp1/nios2eds/bin/gnu/h-i686-mingw32/bin/../lib/gcc/nios2-elf/4.1.2/../../../../nios2-elf/lib\libm.a(lib_a-e_sqrt.o)
                0x00489ce4                __ieee754_sqrt
 .text          0x00489fac       0x30 c:/altera/13.0sp1/nios2eds/bin/gnu/h-i686-mingw32/bin/../lib/gcc/nios2-elf/4.1.2/../../../../nios2-elf/lib\libm.a(lib_a-s_isnand.o)
                0x00489fac                __isnand
 .text          0x00489fdc        0x0 c:/altera/13.0sp1/nios2eds/bin/gnu/h-i686-mingw32/bin/../lib/gcc/nios2-elf/4.1.2/../../../../nios2-elf/lib\libm.a(lib_a-s_lib_ver.o)
 .text          0x00489fdc        0x8 c:/altera/13.0sp1/nios2eds/bin/gnu/h-i686-mingw32/bin/../lib/gcc/nios2-elf/4.1.2/../../../../nios2-elf/lib\libm.a(lib_a-s_matherr.o)
                0x00489fdc                matherr
 .text          0x00489fe4      0x1e0 c:/altera/13.0sp1/nios2eds/bin/gnu/h-i686-mingw32/bin/../lib/gcc/nios2-elf/4.1.2\libgcc.a(_mul_sf.o)
                0x00489fe4                __mulsf3
 .text          0x0048a1c4      0x174 c:/altera/13.0sp1/nios2eds/bin/gnu/h-i686-mingw32/bin/../lib/gcc/nios2-elf/4.1.2\libgcc.a(_div_sf.o)
                0x0048a1c4                __divsf3
 .text          0x0048a338       0x98 c:/altera/13.0sp1/nios2eds/bin/gnu/h-i686-mingw32/bin/../lib/gcc/nios2-elf/4.1.2\libgcc.a(_si_to_sf.o)
                0x0048a338                __floatsisf
 .text          0x0048a3d0       0x94 c:/altera/13.0sp1/nios2eds/bin/gnu/h-i686-mingw32/bin/../lib/gcc/nios2-elf/4.1.2\libgcc.a(_sf_to_si.o)
                0x0048a3d0                __fixsfsi
 .text          0x0048a464        0x0 c:/altera/13.0sp1/nios2eds/bin/gnu/h-i686-mingw32/bin/../lib/gcc/nios2-elf/4.1.2\libgcc.a(_thenan_sf.o)
 .text          0x0048a464      0x504 c:/altera/13.0sp1/nios2eds/bin/gnu/h-i686-mingw32/bin/../lib/gcc/nios2-elf/4.1.2\libgcc.a(_addsub_df.o)
                0x0048a874                __subdf3
                0x0048a8f4                __adddf3
 .text          0x0048a968      0x3c4 c:/altera/13.0sp1/nios2eds/bin/gnu/h-i686-mingw32/bin/../lib/gcc/nios2-elf/4.1.2\libgcc.a(_mul_df.o)
                0x0048a968                __muldf3
 .text          0x0048ad2c      0x258 c:/altera/13.0sp1/nios2eds/bin/gnu/h-i686-mingw32/bin/../lib/gcc/nios2-elf/4.1.2\libgcc.a(_div_df.o)
                0x0048ad2c                __divdf3
 .text          0x0048af84       0x88 c:/altera/13.0sp1/nios2eds/bin/gnu/h-i686-mingw32/bin/../lib/gcc/nios2-elf/4.1.2\libgcc.a(_lt_df.o)
                0x0048af84                __ltdf2
 .text          0x0048b00c       0xf8 c:/altera/13.0sp1/nios2eds/bin/gnu/h-i686-mingw32/bin/../lib/gcc/nios2-elf/4.1.2\libgcc.a(_si_to_df.o)
                0x0048b00c                __floatsidf
 .text          0x0048b104       0xd8 c:/altera/13.0sp1/nios2eds/bin/gnu/h-i686-mingw32/bin/../lib/gcc/nios2-elf/4.1.2\libgcc.a(_df_to_si.o)
                0x0048b104                __fixdfsi
 .text          0x0048b1dc        0x0 c:/altera/13.0sp1/nios2eds/bin/gnu/h-i686-mingw32/bin/../lib/gcc/nios2-elf/4.1.2\libgcc.a(_thenan_df.o)
 .text          0x0048b1dc      0x14c c:/altera/13.0sp1/nios2eds/bin/gnu/h-i686-mingw32/bin/../lib/gcc/nios2-elf/4.1.2\libgcc.a(lib2-divmod.o)
                0x0048b258                __divsi3
                0x0048b2b8                __modsi3
                0x0048b318                __udivsi3
                0x0048b320                __umodsi3
 .text          0x0048b328       0x98 c:/altera/13.0sp1/nios2eds/bin/gnu/h-i686-mingw32/bin/../lib/gcc/nios2-elf/4.1.2\libgcc.a(_muldi3.o)
                0x0048b328                __muldi3
 .text          0x0048b3c0       0x80 c:/altera/13.0sp1/nios2eds/bin/gnu/h-i686-mingw32/bin/../lib/gcc/nios2-elf/4.1.2\libgcc.a(_clzsi2.o)
                0x0048b3c0                __clzsi2
 .text          0x0048b440      0x160 c:/altera/13.0sp1/nios2eds/bin/gnu/h-i686-mingw32/bin/../lib/gcc/nios2-elf/4.1.2\libgcc.a(_pack_sf.o)
                0x0048b440                __pack_f
 .text          0x0048b5a0       0xc8 c:/altera/13.0sp1/nios2eds/bin/gnu/h-i686-mingw32/bin/../lib/gcc/nios2-elf/4.1.2\libgcc.a(_unpack_sf.o)
                0x0048b5a0                __unpack_f
 .text          0x0048b668      0x314 c:/altera/13.0sp1/nios2eds/bin/gnu/h-i686-mingw32/bin/../lib/gcc/nios2-elf/4.1.2\libgcc.a(_pack_df.o)
                0x0048b668                __pack_d
 .text          0x0048b97c      0x138 c:/altera/13.0sp1/nios2eds/bin/gnu/h-i686-mingw32/bin/../lib/gcc/nios2-elf/4.1.2\libgcc.a(_unpack_df.o)
                0x0048b97c                __unpack_d
 .text          0x0048bab4       0xc8 c:/altera/13.0sp1/nios2eds/bin/gnu/h-i686-mingw32/bin/../lib/gcc/nios2-elf/4.1.2\libgcc.a(_fpcmp_parts_df.o)
                0x0048bab4                __fpcmp_parts_d
 .text          0x0048bb7c        0x0 c:/altera/13.0sp1/nios2eds/bin/gnu/h-i686-mingw32/bin/../lib/gcc/nios2-elf/4.1.2\libgcc.a(_clz.o)
 .text          0x0048bb7c       0x10 c:/altera/13.0sp1/nios2eds/bin/gnu/h-i686-mingw32/bin/../lib/gcc/nios2-elf/4.1.2/../../../../nios2-elf/lib\libc.a(lib_a-errno.o)
                0x0048bb7c                __errno
 .text          0x0048bb8c      0x124 c:/altera/13.0sp1/nios2eds/bin/gnu/h-i686-mingw32/bin/../lib/gcc/nios2-elf/4.1.2/../../../../nios2-elf/lib\libc.a(lib_a-fclose.o)
                0x0048bb8c                _fclose_r
                0x0048bc9c                fclose
 .text          0x0048bcb0      0x230 c:/altera/13.0sp1/nios2eds/bin/gnu/h-i686-mingw32/bin/../lib/gcc/nios2-elf/4.1.2/../../../../nios2-elf/lib\libc.a(lib_a-fflush.o)
                0x0048bcb0                _fflush_r
                0x0048beac                fflush
 .text          0x0048bee0      0x2c0 c:/altera/13.0sp1/nios2eds/bin/gnu/h-i686-mingw32/bin/../lib/gcc/nios2-elf/4.1.2/../../../../nios2-elf/lib\libc.a(lib_a-findfp.o)
                0x0048bf38                __sfp_lock_acquire
                0x0048bf3c                __sfp_lock_release
                0x0048bf40                __sinit_lock_acquire
                0x0048bf44                __sinit_lock_release
                0x0048bf48                __sinit
                0x0048bffc                __fp_unlock_all
                0x0048c014                __fp_lock_all
                0x0048c02c                _cleanup_r
                0x0048c038                _cleanup
                0x0048c048                __sfmoreglue
                0x0048c0b0                __sfp
 .text          0x0048c1a0      0x110 c:/altera/13.0sp1/nios2eds/bin/gnu/h-i686-mingw32/bin/../lib/gcc/nios2-elf/4.1.2/../../../../nios2-elf/lib\libc.a(lib_a-fopen.o)
                0x0048c1a0                _fopen_r
                0x0048c294                fopen
 .text          0x0048c2b0      0x440 c:/altera/13.0sp1/nios2eds/bin/gnu/h-i686-mingw32/bin/../lib/gcc/nios2-elf/4.1.2/../../../../nios2-elf/lib\libc.a(lib_a-freer.o)
                0x0048c2b0                _malloc_trim_r
                0x0048c3dc                _free_r
 .text          0x0048c6f0      0x460 c:/altera/13.0sp1/nios2eds/bin/gnu/h-i686-mingw32/bin/../lib/gcc/nios2-elf/4.1.2/../../../../nios2-elf/lib\libc.a(lib_a-fseek.o)
                0x0048c6f0                _fseek_r
                0x0048cb2c                fseek
 .text          0x0048cb50       0x74 c:/altera/13.0sp1/nios2eds/bin/gnu/h-i686-mingw32/bin/../lib/gcc/nios2-elf/4.1.2/../../../../nios2-elf/lib\libc.a(lib_a-fstatr.o)
                0x0048cb50                _fstat_r
 .text          0x0048cbc4      0x180 c:/altera/13.0sp1/nios2eds/bin/gnu/h-i686-mingw32/bin/../lib/gcc/nios2-elf/4.1.2/../../../../nios2-elf/lib\libc.a(lib_a-fwalk.o)
                0x0048cbc4                _fwalk_reent
                0x0048cc8c                _fwalk
 .text          0x0048cd44       0xdc c:/altera/13.0sp1/nios2eds/bin/gnu/h-i686-mingw32/bin/../lib/gcc/nios2-elf/4.1.2/../../../../nios2-elf/lib\libc.a(lib_a-fwrite.o)
                0x0048cd44                _fwrite_r
                0x0048cde0                fwrite
 .text          0x0048ce20        0x0 c:/altera/13.0sp1/nios2eds/bin/gnu/h-i686-mingw32/bin/../lib/gcc/nios2-elf/4.1.2/../../../../nios2-elf/lib\libc.a(lib_a-impure.o)
 .text          0x0048ce20        0x0 c:/altera/13.0sp1/nios2eds/bin/gnu/h-i686-mingw32/bin/../lib/gcc/nios2-elf/4.1.2/../../../../nios2-elf/lib\libc.a(lib_a-int_errno.o)
 .text          0x0048ce20      0x194 c:/altera/13.0sp1/nios2eds/bin/gnu/h-i686-mingw32/bin/../lib/gcc/nios2-elf/4.1.2/../../../../nios2-elf/lib\libc.a(lib_a-makebuf.o)
                0x0048ce20                __smakebuf_r
 .text          0x0048cfb4       0x28 c:/altera/13.0sp1/nios2eds/bin/gnu/h-i686-mingw32/bin/../lib/gcc/nios2-elf/4.1.2/../../../../nios2-elf/lib\libc.a(lib_a-malloc.o)
                0x0048cfb4                free
                0x0048cfc8                malloc
 .text          0x0048cfdc      0x740 c:/altera/13.0sp1/nios2eds/bin/gnu/h-i686-mingw32/bin/../lib/gcc/nios2-elf/4.1.2/../../../../nios2-elf/lib\libc.a(lib_a-mallocr.o)
                0x0048cfdc                _malloc_r
 .text          0x0048d71c       0xa0 c:/altera/13.0sp1/nios2eds/bin/gnu/h-i686-mingw32/bin/../lib/gcc/nios2-elf/4.1.2/../../../../nios2-elf/lib\libc.a(lib_a-memcpy.o)
                0x0048d71c                memcpy
 .text          0x0048d7bc       0x98 c:/altera/13.0sp1/nios2eds/bin/gnu/h-i686-mingw32/bin/../lib/gcc/nios2-elf/4.1.2/../../../../nios2-elf/lib\libc.a(lib_a-memset.o)
                0x0048d7bc                memset
 .text          0x0048d854       0x78 c:/altera/13.0sp1/nios2eds/bin/gnu/h-i686-mingw32/bin/../lib/gcc/nios2-elf/4.1.2/../../../../nios2-elf/lib\libc.a(lib_a-openr.o)
                0x0048d854                _open_r
 .text          0x0048d8cc       0x78 c:/altera/13.0sp1/nios2eds/bin/gnu/h-i686-mingw32/bin/../lib/gcc/nios2-elf/4.1.2/../../../../nios2-elf/lib\libc.a(lib_a-printf.o)
                0x0048d8cc                printf
                0x0048d910                _printf_r
 .text          0x0048d944       0x24 c:/altera/13.0sp1/nios2eds/bin/gnu/h-i686-mingw32/bin/../lib/gcc/nios2-elf/4.1.2/../../../../nios2-elf/lib\libc.a(lib_a-putchar.o)
                0x0048d944                putchar
                0x0048d960                _putchar_r
 .text          0x0048d968       0xb4 c:/altera/13.0sp1/nios2eds/bin/gnu/h-i686-mingw32/bin/../lib/gcc/nios2-elf/4.1.2/../../../../nios2-elf/lib\libc.a(lib_a-puts.o)
                0x0048d968                _puts_r
                0x0048da08                puts
 .text          0x0048da1c      0x1e0 c:/altera/13.0sp1/nios2eds/bin/gnu/h-i686-mingw32/bin/../lib/gcc/nios2-elf/4.1.2/../../../../nios2-elf/lib\libc.a(lib_a-refill.o)
                0x0048da1c                __srefill_r
 .text          0x0048dbfc       0x70 c:/altera/13.0sp1/nios2eds/bin/gnu/h-i686-mingw32/bin/../lib/gcc/nios2-elf/4.1.2/../../../../nios2-elf/lib\libc.a(lib_a-sbrkr.o)
                0x0048dbfc                _sbrk_r
 .text          0x0048dc6c       0xd4 c:/altera/13.0sp1/nios2eds/bin/gnu/h-i686-mingw32/bin/../lib/gcc/nios2-elf/4.1.2/../../../../nios2-elf/lib\libc.a(lib_a-sprintf.o)
                0x0048dc6c                sprintf
                0x0048dce0                _sprintf_r
 .text          0x0048dd40      0x14c c:/altera/13.0sp1/nios2eds/bin/gnu/h-i686-mingw32/bin/../lib/gcc/nios2-elf/4.1.2/../../../../nios2-elf/lib\libc.a(lib_a-stdio.o)
                0x0048dd40                __sclose
                0x0048dd48                __sseek
                0x0048ddb0                __swrite
                0x0048de2c                __sread
 .text          0x0048de8c       0x8c c:/altera/13.0sp1/nios2eds/bin/gnu/h-i686-mingw32/bin/../lib/gcc/nios2-elf/4.1.2/../../../../nios2-elf/lib\libc.a(lib_a-strcpy.o)
                0x0048de8c                strcpy
 .text          0x0048df18       0x74 c:/altera/13.0sp1/nios2eds/bin/gnu/h-i686-mingw32/bin/../lib/gcc/nios2-elf/4.1.2/../../../../nios2-elf/lib\libc.a(lib_a-strlen.o)
                0x0048df18                strlen
 .text          0x0048df8c     0x1f28 c:/altera/13.0sp1/nios2eds/bin/gnu/h-i686-mingw32/bin/../lib/gcc/nios2-elf/4.1.2/../../../../nios2-elf/lib\libc.a(lib_a-vfprintf.o)
                0x0048dfe4                ___vfprintf_internal_r
                0x0048fe90                __vfprintf_internal
 .text          0x0048feb4       0xf4 c:/altera/13.0sp1/nios2eds/bin/gnu/h-i686-mingw32/bin/../lib/gcc/nios2-elf/4.1.2/../../../../nios2-elf/lib\libc.a(lib_a-vsnprintf.o)
                0x0048feb4                _vsnprintf_r
                0x0048ff68                vsnprintf
 .text          0x0048ffa8       0x78 c:/altera/13.0sp1/nios2eds/bin/gnu/h-i686-mingw32/bin/../lib/gcc/nios2-elf/4.1.2/../../../../nios2-elf/lib\libc.a(lib_a-writer.o)
                0x0048ffa8                _write_r
 .text          0x00490020      0x13c c:/altera/13.0sp1/nios2eds/bin/gnu/h-i686-mingw32/bin/../lib/gcc/nios2-elf/4.1.2/../../../../nios2-elf/lib\libc.a(lib_a-wsetup.o)
                0x00490020                __swsetup_r
 .text          0x0049015c       0x70 c:/altera/13.0sp1/nios2eds/bin/gnu/h-i686-mingw32/bin/../lib/gcc/nios2-elf/4.1.2/../../../../nios2-elf/lib\libc.a(lib_a-closer.o)
                0x0049015c                _close_r
 .text          0x004901cc     0x17cc c:/altera/13.0sp1/nios2eds/bin/gnu/h-i686-mingw32/bin/../lib/gcc/nios2-elf/4.1.2/../../../../nios2-elf/lib\libc.a(lib_a-dtoa.o)
                0x004903e4                _dtoa_r
 .text          0x00491998       0xa0 c:/altera/13.0sp1/nios2eds/bin/gnu/h-i686-mingw32/bin/../lib/gcc/nios2-elf/4.1.2/../../../../nios2-elf/lib\libc.a(lib_a-flags.o)
                0x00491998                __sflags
 .text          0x00491a38      0x49c c:/altera/13.0sp1/nios2eds/bin/gnu/h-i686-mingw32/bin/../lib/gcc/nios2-elf/4.1.2/../../../../nios2-elf/lib\libc.a(lib_a-fvwrite.o)
                0x00491a38                __sfvwrite_r
 .text          0x00491ed4       0x70 c:/altera/13.0sp1/nios2eds/bin/gnu/h-i686-mingw32/bin/../lib/gcc/nios2-elf/4.1.2/../../../../nios2-elf/lib\libc.a(lib_a-isattyr.o)
                0x00491ed4                _isatty_r
 .text          0x00491f44       0xc4 c:/altera/13.0sp1/nios2eds/bin/gnu/h-i686-mingw32/bin/../lib/gcc/nios2-elf/4.1.2/../../../../nios2-elf/lib\libc.a(lib_a-locale.o)
                0x00491f44                __locale_charset
                0x00491f4c                _localeconv_r
                0x00491f58                localeconv
                0x00491f68                _setlocale_r
                0x00491fec                setlocale
 .text          0x00492008       0x78 c:/altera/13.0sp1/nios2eds/bin/gnu/h-i686-mingw32/bin/../lib/gcc/nios2-elf/4.1.2/../../../../nios2-elf/lib\libc.a(lib_a-lseekr.o)
                0x00492008                _lseek_r
 .text          0x00492080       0xe4 c:/altera/13.0sp1/nios2eds/bin/gnu/h-i686-mingw32/bin/../lib/gcc/nios2-elf/4.1.2/../../../../nios2-elf/lib\libc.a(lib_a-memchr.o)
                0x00492080                memchr
 .text          0x00492164       0xe0 c:/altera/13.0sp1/nios2eds/bin/gnu/h-i686-mingw32/bin/../lib/gcc/nios2-elf/4.1.2/../../../../nios2-elf/lib\libc.a(lib_a-memmove.o)
                0x00492164                memmove
 .text          0x00492244      0xff4 c:/altera/13.0sp1/nios2eds/bin/gnu/h-i686-mingw32/bin/../lib/gcc/nios2-elf/4.1.2/../../../../nios2-elf/lib\libc.a(lib_a-mprec.o)
                0x00492244                _Bfree
                0x0049226c                __hi0bits
                0x004922dc                __lo0bits
                0x004923a0                __mcmp
                0x00492400                __ulp
                0x00492480                __b2d
                0x004925a0                __ratio
                0x00492650                _mprec_log10
                0x004926e4                __copybits
                0x0049273c                __any_on
                0x004927c4                _Balloc
                0x00492880                __d2b
                0x004929fc                __mdiff
                0x00492b88                __lshift
                0x00492cd4                __multiply
                0x00492ebc                __i2b
                0x00492ef8                __multadd
                0x00492ff8                __pow5mult
                0x00493118                __s2b
 .text          0x00493238      0x1ec c:/altera/13.0sp1/nios2eds/bin/gnu/h-i686-mingw32/bin/../lib/gcc/nios2-elf/4.1.2/../../../../nios2-elf/lib\libc.a(lib_a-putc.o)
                0x00493238                putc
                0x0049333c                _putc_r
 .text          0x00493424       0x78 c:/altera/13.0sp1/nios2eds/bin/gnu/h-i686-mingw32/bin/../lib/gcc/nios2-elf/4.1.2/../../../../nios2-elf/lib\libc.a(lib_a-readr.o)
                0x00493424                _read_r
 .text          0x0049349c      0x5f4 c:/altera/13.0sp1/nios2eds/bin/gnu/h-i686-mingw32/bin/../lib/gcc/nios2-elf/4.1.2/../../../../nios2-elf/lib\libc.a(lib_a-reallocr.o)
                0x0049349c                _realloc_r
 .text          0x00493a90       0x40 c:/altera/13.0sp1/nios2eds/bin/gnu/h-i686-mingw32/bin/../lib/gcc/nios2-elf/4.1.2/../../../../nios2-elf/lib\libc.a(lib_a-s_isinfd.o)
                0x00493a90                __isinfd
 .text          0x00493ad0       0xbc c:/altera/13.0sp1/nios2eds/bin/gnu/h-i686-mingw32/bin/../lib/gcc/nios2-elf/4.1.2/../../../../nios2-elf/lib\libc.a(lib_a-strcmp.o)
                0x00493ad0                strcmp
 .text          0x00493b8c      0x14c c:/altera/13.0sp1/nios2eds/bin/gnu/h-i686-mingw32/bin/../lib/gcc/nios2-elf/4.1.2/../../../../nios2-elf/lib\libc.a(lib_a-wbuf.o)
                0x00493b8c                __swbuf_r
                0x00493cbc                __swbuf
 .text          0x00493cd8       0xb4 c:/altera/13.0sp1/nios2eds/bin/gnu/h-i686-mingw32/bin/../lib/gcc/nios2-elf/4.1.2/../../../../nios2-elf/lib\libc.a(lib_a-callocr.o)
                0x00493cd8                _calloc_r
 .text          0x00493d8c      0x5dc c:/altera/13.0sp1/nios2eds/bin/gnu/h-i686-mingw32/bin/../lib/gcc/nios2-elf/4.1.2\libgcc.a(_udivdi3.o)
                0x00493d8c                __udivdi3
 .text          0x00494368      0x5b0 c:/altera/13.0sp1/nios2eds/bin/gnu/h-i686-mingw32/bin/../lib/gcc/nios2-elf/4.1.2\libgcc.a(_umoddi3.o)
                0x00494368                __umoddi3
 .text          0x00494918       0x88 c:/altera/13.0sp1/nios2eds/bin/gnu/h-i686-mingw32/bin/../lib/gcc/nios2-elf/4.1.2\libgcc.a(_eq_df.o)
                0x00494918                __eqdf2
 .text          0x004949a0       0x88 c:/altera/13.0sp1/nios2eds/bin/gnu/h-i686-mingw32/bin/../lib/gcc/nios2-elf/4.1.2\libgcc.a(_ne_df.o)
                0x004949a0                __nedf2
 .text          0x00494a28       0x88 c:/altera/13.0sp1/nios2eds/bin/gnu/h-i686-mingw32/bin/../lib/gcc/nios2-elf/4.1.2\libgcc.a(_gt_df.o)
                0x00494a28                __gtdf2
 .text          0x00494ab0       0x88 c:/altera/13.0sp1/nios2eds/bin/gnu/h-i686-mingw32/bin/../lib/gcc/nios2-elf/4.1.2\libgcc.a(_ge_df.o)
                0x00494ab0                __gedf2
 .text          0x00494b38      0x194 c:/altera/13.0sp1/nios2eds/bin/gnu/h-i686-mingw32/bin/../lib/gcc/nios2-elf/4.1.2\libgcc.a(_usi_to_df.o)
                0x00494b38                __floatunsidf
 .text          0x00494ccc      0x15c ../atest_bsp/\libhal_bsp.a(alt_close.o)
                0x00494ccc                close
 .text          0x00494e28       0x78 ../atest_bsp/\libhal_bsp.a(alt_dcache_flush.o)
                0x00494e28                alt_dcache_flush
 .text          0x00494ea0       0x44 ../atest_bsp/\libhal_bsp.a(alt_dcache_flush_all.o)
                0x00494ea0                alt_dcache_flush_all
 .text          0x00494ee4       0x2c ../atest_bsp/\libhal_bsp.a(alt_dev.o)
 .text          0x00494f10        0x0 ../atest_bsp/\libhal_bsp.a(alt_errno.o)
 .text          0x00494f10       0xd0 ../atest_bsp/\libhal_bsp.a(alt_flash_dev.o)
                0x00494f10                alt_flash_open_dev
                0x00494f8c                alt_flash_close_dev
 .text          0x00494fe0      0x134 ../atest_bsp/\libhal_bsp.a(alt_fstat.o)
                0x00494fe0                fstat
 .text          0x00495114      0x1c0 ../atest_bsp/\libhal_bsp.a(alt_irq_register.o)
                0x00495114                alt_irq_register
 .text          0x004952d4        0x0 ../atest_bsp/\libhal_bsp.a(alt_irq_vars.o)
 .text          0x004952d4      0x120 ../atest_bsp/\libhal_bsp.a(alt_isatty.o)
                0x004952d4                isatty
 .text          0x004953f4      0x150 ../atest_bsp/\libhal_bsp.a(alt_lseek.o)
                0x004953f4                lseek
 .text          0x00495544       0x6c ../atest_bsp/\libhal_bsp.a(alt_main.o)
                0x00495544                alt_main
 .text          0x004955b0       0x40 ../atest_bsp/\libhal_bsp.a(alt_malloc_lock.o)
                0x004955b0                __malloc_lock
                0x004955d0                __malloc_unlock
 .text          0x004955f0      0x2c4 ../atest_bsp/\libhal_bsp.a(alt_open.o)
                0x004956cc                open
 .text          0x004958b4      0x180 ../atest_bsp/\libhal_bsp.a(alt_read.o)
                0x004958b4                read
 .text          0x00495a34       0x60 ../atest_bsp/\libhal_bsp.a(alt_release_fd.o)
                0x00495a34                alt_release_fd
 .text          0x00495a94       0xbc ../atest_bsp/\libhal_bsp.a(alt_sbrk.o)
                0x00495a94                sbrk
 .text          0x00495b50      0x1a4 ../atest_bsp/\libhal_bsp.a(alt_tick.o)
                0x00495b50                alt_alarm_stop
                0x00495be8                alt_tick
 .text          0x00495cf4       0x30 ../atest_bsp/\libhal_bsp.a(alt_usleep.o)
                0x00495cf4                usleep
 .text          0x00495d24      0x180 ../atest_bsp/\libhal_bsp.a(alt_write.o)
                0x00495d24                write
 .text          0x00495ea4       0xf4 ../atest_bsp/\libhal_bsp.a(alt_sys_init.o)
                0x00495ea4                alt_irq_init
                0x00495ed8                alt_sys_init
 .text          0x00495f98      0x8c8 ../atest_bsp/\libhal_bsp.a(altera_avalon_cfi_flash.o)
                0x00495f98                alt_flash_cfi_init
                0x0049606c                alt_flash_cfi_write
                0x0049632c                alt_flash_cfi_get_info
                0x004963bc                alt_flash_cfi_read
                0x00496424                alt_write_value_to_flash
                0x00496588                alt_flash_program_block
 .text          0x00496860     0x14a8 ../atest_bsp/\libhal_bsp.a(altera_avalon_cfi_flash_table.o)
                0x00496860                alt_read_query_entry_8bit
                0x004968a0                alt_read_query_entry_16bit
                0x004968e4                alt_read_query_entry_32bit
                0x0049692c                alt_write_flash_command_8bit_device_8bit_mode
                0x00496968                alt_write_flash_command_16bit_device_8bit_mode
                0x004969e4                alt_write_flash_command_32bit_device_8bit_mode
                0x00496a2c                alt_write_flash_command_16bit_device_16bit_mode
                0x00496a70                alt_write_flash_command_32bit_device_16bit_mode
                0x00496ab8                alt_write_flash_command_32bit_device_32bit_mode
                0x00496b00                alt_write_native_8bit
                0x00496b34                alt_write_native_16bit
                0x00496b68                alt_write_native_32bit
                0x00496b98                alt_set_flash_width_func
                0x00496d78                alt_set_flash_algorithm_func
                0x00496ea0                alt_read_cfi_table
                0x00497480                alt_read_cfi_width
                0x00497c2c                alt_check_primary_table
 .text          0x00497d08      0x9e4 ../atest_bsp/\libhal_bsp.a(altera_avalon_epcs_flash_controller.o)
                0x00497d08                alt_epcs_flash_init
                0x00498124                alt_epcs_flash_write
                0x004983a4                alt_epcs_flash_get_info
                0x00498434                alt_epcs_flash_erase_block
                0x00498538                alt_epcs_flash_write_block
                0x00498654                alt_epcs_flash_read
 .text          0x004986ec      0x148 ../atest_bsp/\libhal_bsp.a(altera_avalon_jtag_uart_fd.o)
                0x004986ec                altera_avalon_jtag_uart_read_fd
                0x00498744                altera_avalon_jtag_uart_write_fd
                0x0049879c                altera_avalon_jtag_uart_close_fd
                0x004987e4                altera_avalon_jtag_uart_ioctl_fd
 .text          0x00498834      0x408 ../atest_bsp/\libhal_bsp.a(altera_avalon_jtag_uart_init.o)
                0x00498834                altera_avalon_jtag_uart_init
                0x00498bc8                altera_avalon_jtag_uart_close
 .text          0x00498c3c       0xf4 ../atest_bsp/\libhal_bsp.a(altera_avalon_jtag_uart_ioctl.o)
                0x00498c3c                altera_avalon_jtag_uart_ioctl
 .text          0x00498d30      0x224 ../atest_bsp/\libhal_bsp.a(altera_avalon_jtag_uart_read.o)
                0x00498d30                altera_avalon_jtag_uart_read
 .text          0x00498f54      0x240 ../atest_bsp/\libhal_bsp.a(altera_avalon_jtag_uart_write.o)
                0x00498f54                altera_avalon_jtag_uart_write
 .text          0x00499194      0xee8 ../atest_bsp/\libhal_bsp.a(altera_avalon_lcd_16207.o)
                0x00499968                altera_avalon_lcd_16207_write
                0x00499f40                altera_avalon_lcd_16207_init
 .text          0x0049a07c       0x58 ../atest_bsp/\libhal_bsp.a(altera_avalon_lcd_16207_fd.o)
                0x0049a07c                altera_avalon_lcd_16207_write_fd
 .text          0x0049a0d4       0xfc ../atest_bsp/\libhal_bsp.a(altera_avalon_timer_sc.o)
                0x0049a148                alt_avalon_timer_sc_init
 .text          0x0049a1d0      0x6d4 ../atest_bsp/\libhal_bsp.a(epcs_commands.o)
                0x0049a1d0                epcs_read_status_register
                0x0049a230                epcs_sector_erase
                0x0049a398                epcs_read_buffer
                0x0049a4e4                epcs_write_enable
                0x0049a534                epcs_write_status_register
                0x0049a598                epcs_write_buffer
                0x0049a708                epcs_read_electronic_signature
                0x0049a774                epcs_read_device_id
                0x0049a7f4                epcs_enter_4_bytes_mode
                0x0049a84c                epcs_exit_4_bytes_mode
 .text          0x0049a8a4      0x154 ../atest_bsp/\libhal_bsp.a(alt_alarm_start.o)
                0x0049a8a4                alt_alarm_start
 .text          0x0049a9f8      0x14c ../atest_bsp/\libhal_bsp.a(alt_busy_sleep.o)
                0x0049a9f8                alt_busy_sleep
 .text          0x0049ab44      0x114 ../atest_bsp/\libhal_bsp.a(alt_dev_llist_insert.o)
                0x0049ab44                alt_dev_llist_insert
 .text          0x0049ac58       0x64 ../atest_bsp/\libhal_bsp.a(alt_do_ctors.o)
                0x0049ac58                _do_ctors
 .text          0x0049acbc       0x64 ../atest_bsp/\libhal_bsp.a(alt_do_dtors.o)
                0x0049acbc                _do_dtors
 .text          0x0049ad20       0x94 ../atest_bsp/\libhal_bsp.a(alt_find_dev.o)
                0x0049ad20                alt_find_dev
 .text          0x0049adb4      0x120 ../atest_bsp/\libhal_bsp.a(alt_find_file.o)
                0x0049adb4                alt_find_file
 .text          0x0049aed4       0xb8 ../atest_bsp/\libhal_bsp.a(alt_get_fd.o)
                0x0049aed4                alt_get_fd
 .text          0x0049af8c      0x13c ../atest_bsp/\libhal_bsp.a(alt_io_redirect.o)
                0x0049b050                alt_io_redirect
 .text          0x0049b0c8        0x0 ../atest_bsp/\libhal_bsp.a(alt_irq_entry.o)
 .text          0x0049b0c8        0x0 ../atest_bsp/\libhal_bsp.a(alt_irq_handler.o)
 .text          0x0049b0c8       0x20 ../atest_bsp/\libhal_bsp.a(altera_nios2_qsys_irq.o)
                0x0049b0c8                altera_nios2_qsys_irq_init
 .text          0x0049b0e8      0x460 ../atest_bsp/\libhal_bsp.a(altera_avalon_cfi_flash_amd.o)
                0x0049b0e8                alt_program_amd
                0x0049b150                alt_erase_block_amd
 .text          0x0049b548      0x460 ../atest_bsp/\libhal_bsp.a(altera_avalon_cfi_flash_intel.o)
                0x0049b548                alt_program_intel
                0x0049b5cc                alt_erase_block_intel
 .text          0x0049b9a8      0x238 ../atest_bsp/\libhal_bsp.a(altera_avalon_spi.o)
                0x0049b9a8                alt_avalon_spi_command
 .text          0x0049bbe0        0x0 ../atest_bsp/\libhal_bsp.a(alt_exception_entry.o)
 .text          0x0049bbe0       0x14 c:/altera/13.0sp1/nios2eds/bin/gnu/h-i686-mingw32/bin/../lib/gcc/nios2-elf/4.1.2/../../../../nios2-elf/lib\libc.a(lib_a-atexit.o)
                0x0049bbe0                atexit
 .text          0x0049bbf4        0x0 c:/altera/13.0sp1/nios2eds/bin/gnu/h-i686-mingw32/bin/../lib/gcc/nios2-elf/4.1.2/../../../../nios2-elf/lib\libc.a(lib_a-ctype_.o)
 .text          0x0049bbf4       0x38 c:/altera/13.0sp1/nios2eds/bin/gnu/h-i686-mingw32/bin/../lib/gcc/nios2-elf/4.1.2/../../../../nios2-elf/lib\libc.a(lib_a-exit.o)
                0x0049bbf4                exit
 .text          0x0049bc2c       0x74 c:/altera/13.0sp1/nios2eds/bin/gnu/h-i686-mingw32/bin/../lib/gcc/nios2-elf/4.1.2/../../../../nios2-elf/lib\libc.a(lib_a-memcmp.o)
                0x0049bc2c                memcmp
 .text          0x0049bca0      0x134 c:/altera/13.0sp1/nios2eds/bin/gnu/h-i686-mingw32/bin/../lib/gcc/nios2-elf/4.1.2/../../../../nios2-elf/lib\libc.a(lib_a-__atexit.o)
                0x0049bca0                __register_exitproc
 .text          0x0049bdd4      0x1b4 c:/altera/13.0sp1/nios2eds/bin/gnu/h-i686-mingw32/bin/../lib/gcc/nios2-elf/4.1.2/../../../../nios2-elf/lib\libc.a(lib_a-__call_atexit.o)
                0x0049bdd8                __call_exitprocs
 .text          0x0049bf88       0x60 ../atest_bsp/\libhal_bsp.a(alt_exit.o)
                0x0049bfc8                _exit
 *(.gnu.warning.*)
 *(.fini)
                0x0049bfe8                PROVIDE (__etext, ABSOLUTE (.))
                0x0049bfe8                PROVIDE (_etext, ABSOLUTE (.))
                0x0049bfe8                PROVIDE (etext, ABSOLUTE (.))
 *(.eh_frame_hdr)
                0x0049bfe8                . = ALIGN (0x4)
                0x0049bfe8                PROVIDE (__preinit_array_start, ABSOLUTE (.))
 *(.preinit_array)
                0x0049bfe8                PROVIDE (__preinit_array_end, ABSOLUTE (.))
                0x0049bfe8                PROVIDE (__init_array_start, ABSOLUTE (.))
 *(.init_array)
                0x0049bfe8                PROVIDE (__init_array_end, ABSOLUTE (.))
                0x0049bfe8                PROVIDE (__fini_array_start, ABSOLUTE (.))
 *(.fini_array)
                0x0049bfe8                PROVIDE (__fini_array_end, ABSOLUTE (.))
 *(.eh_frame)
 *(.gcc_except_table)
 *(.dynamic)
                0x0049bfe8                PROVIDE (__CTOR_LIST__, ABSOLUTE (.))
 *(.ctors)
 *(SORT(.ctors.*))
 .ctors.65535   0x0049bfe8        0x4 c:/altera/13.0sp1/nios2eds/bin/gnu/h-i686-mingw32/bin/../lib/gcc/nios2-elf/4.1.2/../../../../nios2-elf/lib\libc.a(lib_a-__call_atexit.o)
                0x0049bfec                PROVIDE (__CTOR_END__, ABSOLUTE (.))
                0x0049bfec                PROVIDE (__DTOR_LIST__, ABSOLUTE (.))
 *(.dtors)
 *(SORT(.dtors.*))
                0x0049bfec                PROVIDE (__DTOR_END__, ABSOLUTE (.))
 *(.jcr)
                0x0049bfec                . = ALIGN (0x4)

.rodata         0x00800000    0x5f430
                0x00800000                PROVIDE (__ram_rodata_start, ABSOLUTE (.))
                0x00800000                . = ALIGN (0x4)
 *(.rodata .rodata.* .gnu.linkonce.r.*)
 .rodata        0x00800000      0x1f4 obj/default/I2C.o
 .rodata        0x008001f4       0x30 obj/default/LCD.o
 .rodata        0x00800224       0x10 obj/default/debug.o
 .rodata        0x00800234      0x2b4 obj/default/flash.o
 .rodata        0x008004e8    0x448f0 obj/default/gesture.o
                0x008004e8                gesture_bmp
 .rodata        0x00844dd8      0x140 obj/default/gui.o
                0x00844dd8                xdata
                0x00844dfc                ydata
 .rodata        0x00844f18       0x30 obj/default/gui_vpg.o
 .rodata        0x00844f48       0x78 obj/default/main.o
 .rodata        0x00844fc0      0x14c obj/default/multi_touch.o
 .rodata        0x0084510c     0x77f2 obj/default/tahomabold_20.o
 .rodata        0x0084c8fe    0x12520 obj/default/tahomabold_32.o
 *fill*         0x0085ee1e        0x2 00
 .rodata.str1.4
                0x0085ee20        0x5 c:/altera/13.0sp1/nios2eds/bin/gnu/h-i686-mingw32/bin/../lib/gcc/nios2-elf/4.1.2/../../../../nios2-elf/lib\libm.a(lib_a-w_sqrt.o)
                                  0x8 (size before relaxing)
 *fill*         0x0085ee25        0x3 00
 .rodata        0x0085ee28       0x10 c:/altera/13.0sp1/nios2eds/bin/gnu/h-i686-mingw32/bin/../lib/gcc/nios2-elf/4.1.2\libgcc.a(_thenan_sf.o)
                0x0085ee28                __thenan_sf
 .rodata        0x0085ee38       0x14 c:/altera/13.0sp1/nios2eds/bin/gnu/h-i686-mingw32/bin/../lib/gcc/nios2-elf/4.1.2\libgcc.a(_thenan_df.o)
                0x0085ee38                __thenan_df
 .rodata        0x0085ee4c      0x100 c:/altera/13.0sp1/nios2eds/bin/gnu/h-i686-mingw32/bin/../lib/gcc/nios2-elf/4.1.2\libgcc.a(_clz.o)
                0x0085ee4c                __clz_tab
 .rodata.str1.4
                0x0085ef4c        0x2 c:/altera/13.0sp1/nios2eds/bin/gnu/h-i686-mingw32/bin/../lib/gcc/nios2-elf/4.1.2/../../../../nios2-elf/lib\libc.a(lib_a-impure.o)
                                  0x4 (size before relaxing)
 *fill*         0x0085ef4e        0x2 00
 .rodata.str1.4
                0x0085ef50        0x2 c:/altera/13.0sp1/nios2eds/bin/gnu/h-i686-mingw32/bin/../lib/gcc/nios2-elf/4.1.2/../../../../nios2-elf/lib\libc.a(lib_a-puts.o)
                                  0x4 (size before relaxing)
 *fill*         0x0085ef52        0x2 00
 .rodata.str1.4
                0x0085ef54       0x5e c:/altera/13.0sp1/nios2eds/bin/gnu/h-i686-mingw32/bin/../lib/gcc/nios2-elf/4.1.2/../../../../nios2-elf/lib\libc.a(lib_a-vfprintf.o)
                                 0x60 (size before relaxing)
 .rodata        0x0085efb2       0x20 c:/altera/13.0sp1/nios2eds/bin/gnu/h-i686-mingw32/bin/../lib/gcc/nios2-elf/4.1.2/../../../../nios2-elf/lib\libc.a(lib_a-vfprintf.o)
 *fill*         0x0085efd2        0x2 00
 .rodata.str1.4
                0x0085efd4       0x10 c:/altera/13.0sp1/nios2eds/bin/gnu/h-i686-mingw32/bin/../lib/gcc/nios2-elf/4.1.2/../../../../nios2-elf/lib\libc.a(lib_a-dtoa.o)
                                 0x14 (size before relaxing)
 .rodata.str1.4
                0x0085efe4       0x10 c:/altera/13.0sp1/nios2eds/bin/gnu/h-i686-mingw32/bin/../lib/gcc/nios2-elf/4.1.2/../../../../nios2-elf/lib\libc.a(lib_a-locale.o)
                                 0x18 (size before relaxing)
 .rodata        0x0085eff4       0x30 c:/altera/13.0sp1/nios2eds/bin/gnu/h-i686-mingw32/bin/../lib/gcc/nios2-elf/4.1.2/../../../../nios2-elf/lib\libc.a(lib_a-locale.o)
 .rodata        0x0085f024      0x124 c:/altera/13.0sp1/nios2eds/bin/gnu/h-i686-mingw32/bin/../lib/gcc/nios2-elf/4.1.2/../../../../nios2-elf/lib\libc.a(lib_a-mprec.o)
                0x0085f024                __mprec_tens
                0x0085f0ec                __mprec_bigtens
                0x0085f114                __mprec_tinytens
 .rodata        0x0085f148        0xc ../atest_bsp/\libhal_bsp.a(alt_dev.o)
 .rodata        0x0085f154       0x10 ../atest_bsp/\libhal_bsp.a(alt_main.o)
 .rodata        0x0085f164       0x48 ../atest_bsp/\libhal_bsp.a(alt_sys_init.o)
 .rodata        0x0085f1ac      0x281 c:/altera/13.0sp1/nios2eds/bin/gnu/h-i686-mingw32/bin/../lib/gcc/nios2-elf/4.1.2/../../../../nios2-elf/lib\libc.a(lib_a-ctype_.o)
                0x0085f1ac                _ctype_
 *(.rodata1)
                0x0085f430                . = ALIGN (0x4)
 *fill*         0x0085f42d        0x3 00
                0x0085f430                PROVIDE (__ram_rodata_end, ABSOLUTE (.))
                0x00800000                PROVIDE (__flash_rodata_start, LOADADDR (.rodata))

.rwdata         0x0085f430     0x38d8
                0x0085f430                PROVIDE (__ram_rwdata_start, ABSOLUTE (.))
                0x0085f430                . = ALIGN (0x4)
 *(.got.plt)
 *(.got)
 *(.data1)
 *(.data .data.* .gnu.linkonce.d.*)
 .data          0x0085f430        0x0 ../atest_bsp//obj/HAL/src/crt0.o
 .data          0x0085f430        0x0 obj/default/I2C.o
 .data          0x0085f430        0x0 obj/default/LCD.o
 .data          0x0085f430        0x0 obj/default/debug.o
 .data          0x0085f430        0x0 obj/default/flash.o
 .data          0x0085f430        0x0 obj/default/geometry.o
 .data          0x0085f430        0x0 obj/default/gesture.o
 .data          0x0085f430        0x0 obj/default/gui.o
 .data          0x0085f430        0x0 obj/default/gui_vpg.o
 .data          0x0085f430        0x0 obj/default/main.o
 .data          0x0085f430        0x0 obj/default/multi_touch.o
 .data          0x0085f430        0x0 obj/default/plotter.o
 .data          0x0085f430        0x0 obj/default/queue.o
 .data          0x0085f430      0x415 obj/default/simple_graphics.o
                0x0085f430                cour10_font_array
 .data          0x0085f845        0x0 obj/default/simple_text.o
 *fill*         0x0085f845        0x3 00
 .data          0x0085f848      0xbc0 obj/default/tahomabold_20.o
                0x0085f848                tahomabold_20
 .data          0x00860408      0xbc0 obj/default/tahomabold_32.o
                0x00860408                tahomabold_32
 .data          0x00860fc8        0x0 obj/default/vip_fr.o
 .data          0x00860fc8        0x0 c:/altera/13.0sp1/nios2eds/bin/gnu/h-i686-mingw32/bin/../lib/gcc/nios2-elf/4.1.2/../../../../nios2-elf/lib\libm.a(lib_a-w_sqrt.o)
 .data          0x00860fc8        0x0 c:/altera/13.0sp1/nios2eds/bin/gnu/h-i686-mingw32/bin/../lib/gcc/nios2-elf/4.1.2/../../../../nios2-elf/lib\libm.a(lib_a-e_sqrt.o)
 .data          0x00860fc8        0x0 c:/altera/13.0sp1/nios2eds/bin/gnu/h-i686-mingw32/bin/../lib/gcc/nios2-elf/4.1.2/../../../../nios2-elf/lib\libm.a(lib_a-s_isnand.o)
 .data          0x00860fc8        0x0 c:/altera/13.0sp1/nios2eds/bin/gnu/h-i686-mingw32/bin/../lib/gcc/nios2-elf/4.1.2/../../../../nios2-elf/lib\libm.a(lib_a-s_lib_ver.o)
 .data          0x00860fc8        0x0 c:/altera/13.0sp1/nios2eds/bin/gnu/h-i686-mingw32/bin/../lib/gcc/nios2-elf/4.1.2/../../../../nios2-elf/lib\libm.a(lib_a-s_matherr.o)
 .data          0x00860fc8        0x0 c:/altera/13.0sp1/nios2eds/bin/gnu/h-i686-mingw32/bin/../lib/gcc/nios2-elf/4.1.2\libgcc.a(_mul_sf.o)
 .data          0x00860fc8        0x0 c:/altera/13.0sp1/nios2eds/bin/gnu/h-i686-mingw32/bin/../lib/gcc/nios2-elf/4.1.2\libgcc.a(_div_sf.o)
 .data          0x00860fc8        0x0 c:/altera/13.0sp1/nios2eds/bin/gnu/h-i686-mingw32/bin/../lib/gcc/nios2-elf/4.1.2\libgcc.a(_si_to_sf.o)
 .data          0x00860fc8        0x0 c:/altera/13.0sp1/nios2eds/bin/gnu/h-i686-mingw32/bin/../lib/gcc/nios2-elf/4.1.2\libgcc.a(_sf_to_si.o)
 .data          0x00860fc8        0x0 c:/altera/13.0sp1/nios2eds/bin/gnu/h-i686-mingw32/bin/../lib/gcc/nios2-elf/4.1.2\libgcc.a(_thenan_sf.o)
 .data          0x00860fc8        0x0 c:/altera/13.0sp1/nios2eds/bin/gnu/h-i686-mingw32/bin/../lib/gcc/nios2-elf/4.1.2\libgcc.a(_addsub_df.o)
 .data          0x00860fc8        0x0 c:/altera/13.0sp1/nios2eds/bin/gnu/h-i686-mingw32/bin/../lib/gcc/nios2-elf/4.1.2\libgcc.a(_mul_df.o)
 .data          0x00860fc8        0x0 c:/altera/13.0sp1/nios2eds/bin/gnu/h-i686-mingw32/bin/../lib/gcc/nios2-elf/4.1.2\libgcc.a(_div_df.o)
 .data          0x00860fc8        0x0 c:/altera/13.0sp1/nios2eds/bin/gnu/h-i686-mingw32/bin/../lib/gcc/nios2-elf/4.1.2\libgcc.a(_lt_df.o)
 .data          0x00860fc8        0x0 c:/altera/13.0sp1/nios2eds/bin/gnu/h-i686-mingw32/bin/../lib/gcc/nios2-elf/4.1.2\libgcc.a(_si_to_df.o)
 .data          0x00860fc8        0x0 c:/altera/13.0sp1/nios2eds/bin/gnu/h-i686-mingw32/bin/../lib/gcc/nios2-elf/4.1.2\libgcc.a(_df_to_si.o)
 .data          0x00860fc8        0x0 c:/altera/13.0sp1/nios2eds/bin/gnu/h-i686-mingw32/bin/../lib/gcc/nios2-elf/4.1.2\libgcc.a(_thenan_df.o)
 .data          0x00860fc8        0x0 c:/altera/13.0sp1/nios2eds/bin/gnu/h-i686-mingw32/bin/../lib/gcc/nios2-elf/4.1.2\libgcc.a(lib2-divmod.o)
 .data          0x00860fc8        0x0 c:/altera/13.0sp1/nios2eds/bin/gnu/h-i686-mingw32/bin/../lib/gcc/nios2-elf/4.1.2\libgcc.a(_muldi3.o)
 .data          0x00860fc8        0x0 c:/altera/13.0sp1/nios2eds/bin/gnu/h-i686-mingw32/bin/../lib/gcc/nios2-elf/4.1.2\libgcc.a(_clzsi2.o)
 .data          0x00860fc8        0x0 c:/altera/13.0sp1/nios2eds/bin/gnu/h-i686-mingw32/bin/../lib/gcc/nios2-elf/4.1.2\libgcc.a(_pack_sf.o)
 .data          0x00860fc8        0x0 c:/altera/13.0sp1/nios2eds/bin/gnu/h-i686-mingw32/bin/../lib/gcc/nios2-elf/4.1.2\libgcc.a(_unpack_sf.o)
 .data          0x00860fc8        0x0 c:/altera/13.0sp1/nios2eds/bin/gnu/h-i686-mingw32/bin/../lib/gcc/nios2-elf/4.1.2\libgcc.a(_pack_df.o)
 .data          0x00860fc8        0x0 c:/altera/13.0sp1/nios2eds/bin/gnu/h-i686-mingw32/bin/../lib/gcc/nios2-elf/4.1.2\libgcc.a(_unpack_df.o)
 .data          0x00860fc8        0x0 c:/altera/13.0sp1/nios2eds/bin/gnu/h-i686-mingw32/bin/../lib/gcc/nios2-elf/4.1.2\libgcc.a(_fpcmp_parts_df.o)
 .data          0x00860fc8        0x0 c:/altera/13.0sp1/nios2eds/bin/gnu/h-i686-mingw32/bin/../lib/gcc/nios2-elf/4.1.2\libgcc.a(_clz.o)
 .data          0x00860fc8        0x0 c:/altera/13.0sp1/nios2eds/bin/gnu/h-i686-mingw32/bin/../lib/gcc/nios2-elf/4.1.2/../../../../nios2-elf/lib\libc.a(lib_a-errno.o)
 .data          0x00860fc8        0x0 c:/altera/13.0sp1/nios2eds/bin/gnu/h-i686-mingw32/bin/../lib/gcc/nios2-elf/4.1.2/../../../../nios2-elf/lib\libc.a(lib_a-fclose.o)
 .data          0x00860fc8        0x0 c:/altera/13.0sp1/nios2eds/bin/gnu/h-i686-mingw32/bin/../lib/gcc/nios2-elf/4.1.2/../../../../nios2-elf/lib\libc.a(lib_a-fflush.o)
 .data          0x00860fc8        0x0 c:/altera/13.0sp1/nios2eds/bin/gnu/h-i686-mingw32/bin/../lib/gcc/nios2-elf/4.1.2/../../../../nios2-elf/lib\libc.a(lib_a-findfp.o)
 .data          0x00860fc8        0x0 c:/altera/13.0sp1/nios2eds/bin/gnu/h-i686-mingw32/bin/../lib/gcc/nios2-elf/4.1.2/../../../../nios2-elf/lib\libc.a(lib_a-fopen.o)
 .data          0x00860fc8        0x0 c:/altera/13.0sp1/nios2eds/bin/gnu/h-i686-mingw32/bin/../lib/gcc/nios2-elf/4.1.2/../../../../nios2-elf/lib\libc.a(lib_a-freer.o)
 .data          0x00860fc8        0x0 c:/altera/13.0sp1/nios2eds/bin/gnu/h-i686-mingw32/bin/../lib/gcc/nios2-elf/4.1.2/../../../../nios2-elf/lib\libc.a(lib_a-fseek.o)
 .data          0x00860fc8        0x0 c:/altera/13.0sp1/nios2eds/bin/gnu/h-i686-mingw32/bin/../lib/gcc/nios2-elf/4.1.2/../../../../nios2-elf/lib\libc.a(lib_a-fstatr.o)
 .data          0x00860fc8        0x0 c:/altera/13.0sp1/nios2eds/bin/gnu/h-i686-mingw32/bin/../lib/gcc/nios2-elf/4.1.2/../../../../nios2-elf/lib\libc.a(lib_a-fwalk.o)
 .data          0x00860fc8        0x0 c:/altera/13.0sp1/nios2eds/bin/gnu/h-i686-mingw32/bin/../lib/gcc/nios2-elf/4.1.2/../../../../nios2-elf/lib\libc.a(lib_a-fwrite.o)
 .data          0x00860fc8      0x400 c:/altera/13.0sp1/nios2eds/bin/gnu/h-i686-mingw32/bin/../lib/gcc/nios2-elf/4.1.2/../../../../nios2-elf/lib\libc.a(lib_a-impure.o)
 .data          0x008613c8        0x0 c:/altera/13.0sp1/nios2eds/bin/gnu/h-i686-mingw32/bin/../lib/gcc/nios2-elf/4.1.2/../../../../nios2-elf/lib\libc.a(lib_a-int_errno.o)
 .data          0x008613c8        0x0 c:/altera/13.0sp1/nios2eds/bin/gnu/h-i686-mingw32/bin/../lib/gcc/nios2-elf/4.1.2/../../../../nios2-elf/lib\libc.a(lib_a-makebuf.o)
 .data          0x008613c8        0x0 c:/altera/13.0sp1/nios2eds/bin/gnu/h-i686-mingw32/bin/../lib/gcc/nios2-elf/4.1.2/../../../../nios2-elf/lib\libc.a(lib_a-malloc.o)
 .data          0x008613c8      0x408 c:/altera/13.0sp1/nios2eds/bin/gnu/h-i686-mingw32/bin/../lib/gcc/nios2-elf/4.1.2/../../../../nios2-elf/lib\libc.a(lib_a-mallocr.o)
                0x008613c8                __malloc_av_
 .data          0x008617d0        0x0 c:/altera/13.0sp1/nios2eds/bin/gnu/h-i686-mingw32/bin/../lib/gcc/nios2-elf/4.1.2/../../../../nios2-elf/lib\libc.a(lib_a-memcpy.o)
 .data          0x008617d0        0x0 c:/altera/13.0sp1/nios2eds/bin/gnu/h-i686-mingw32/bin/../lib/gcc/nios2-elf/4.1.2/../../../../nios2-elf/lib\libc.a(lib_a-memset.o)
 .data          0x008617d0        0x0 c:/altera/13.0sp1/nios2eds/bin/gnu/h-i686-mingw32/bin/../lib/gcc/nios2-elf/4.1.2/../../../../nios2-elf/lib\libc.a(lib_a-openr.o)
 .data          0x008617d0        0x0 c:/altera/13.0sp1/nios2eds/bin/gnu/h-i686-mingw32/bin/../lib/gcc/nios2-elf/4.1.2/../../../../nios2-elf/lib\libc.a(lib_a-printf.o)
 .data          0x008617d0        0x0 c:/altera/13.0sp1/nios2eds/bin/gnu/h-i686-mingw32/bin/../lib/gcc/nios2-elf/4.1.2/../../../../nios2-elf/lib\libc.a(lib_a-putchar.o)
 .data          0x008617d0        0x0 c:/altera/13.0sp1/nios2eds/bin/gnu/h-i686-mingw32/bin/../lib/gcc/nios2-elf/4.1.2/../../../../nios2-elf/lib\libc.a(lib_a-puts.o)
 .data          0x008617d0        0x0 c:/altera/13.0sp1/nios2eds/bin/gnu/h-i686-mingw32/bin/../lib/gcc/nios2-elf/4.1.2/../../../../nios2-elf/lib\libc.a(lib_a-refill.o)
 .data          0x008617d0        0x0 c:/altera/13.0sp1/nios2eds/bin/gnu/h-i686-mingw32/bin/../lib/gcc/nios2-elf/4.1.2/../../../../nios2-elf/lib\libc.a(lib_a-sbrkr.o)
 .data          0x008617d0        0x0 c:/altera/13.0sp1/nios2eds/bin/gnu/h-i686-mingw32/bin/../lib/gcc/nios2-elf/4.1.2/../../../../nios2-elf/lib\libc.a(lib_a-sprintf.o)
 .data          0x008617d0        0x0 c:/altera/13.0sp1/nios2eds/bin/gnu/h-i686-mingw32/bin/../lib/gcc/nios2-elf/4.1.2/../../../../nios2-elf/lib\libc.a(lib_a-stdio.o)
 .data          0x008617d0        0x0 c:/altera/13.0sp1/nios2eds/bin/gnu/h-i686-mingw32/bin/../lib/gcc/nios2-elf/4.1.2/../../../../nios2-elf/lib\libc.a(lib_a-strcpy.o)
 .data          0x008617d0        0x0 c:/altera/13.0sp1/nios2eds/bin/gnu/h-i686-mingw32/bin/../lib/gcc/nios2-elf/4.1.2/../../../../nios2-elf/lib\libc.a(lib_a-strlen.o)
 .data          0x008617d0        0x0 c:/altera/13.0sp1/nios2eds/bin/gnu/h-i686-mingw32/bin/../lib/gcc/nios2-elf/4.1.2/../../../../nios2-elf/lib\libc.a(lib_a-vfprintf.o)
 .data          0x008617d0        0x0 c:/altera/13.0sp1/nios2eds/bin/gnu/h-i686-mingw32/bin/../lib/gcc/nios2-elf/4.1.2/../../../../nios2-elf/lib\libc.a(lib_a-vsnprintf.o)
 .data          0x008617d0        0x0 c:/altera/13.0sp1/nios2eds/bin/gnu/h-i686-mingw32/bin/../lib/gcc/nios2-elf/4.1.2/../../../../nios2-elf/lib\libc.a(lib_a-writer.o)
 .data          0x008617d0        0x0 c:/altera/13.0sp1/nios2eds/bin/gnu/h-i686-mingw32/bin/../lib/gcc/nios2-elf/4.1.2/../../../../nios2-elf/lib\libc.a(lib_a-wsetup.o)
 .data          0x008617d0        0x0 c:/altera/13.0sp1/nios2eds/bin/gnu/h-i686-mingw32/bin/../lib/gcc/nios2-elf/4.1.2/../../../../nios2-elf/lib\libc.a(lib_a-closer.o)
 .data          0x008617d0        0x0 c:/altera/13.0sp1/nios2eds/bin/gnu/h-i686-mingw32/bin/../lib/gcc/nios2-elf/4.1.2/../../../../nios2-elf/lib\libc.a(lib_a-dtoa.o)
 .data          0x008617d0        0x0 c:/altera/13.0sp1/nios2eds/bin/gnu/h-i686-mingw32/bin/../lib/gcc/nios2-elf/4.1.2/../../../../nios2-elf/lib\libc.a(lib_a-flags.o)
 .data          0x008617d0        0x0 c:/altera/13.0sp1/nios2eds/bin/gnu/h-i686-mingw32/bin/../lib/gcc/nios2-elf/4.1.2/../../../../nios2-elf/lib\libc.a(lib_a-fvwrite.o)
 .data          0x008617d0        0x0 c:/altera/13.0sp1/nios2eds/bin/gnu/h-i686-mingw32/bin/../lib/gcc/nios2-elf/4.1.2/../../../../nios2-elf/lib\libc.a(lib_a-isattyr.o)
 .data          0x008617d0        0xc c:/altera/13.0sp1/nios2eds/bin/gnu/h-i686-mingw32/bin/../lib/gcc/nios2-elf/4.1.2/../../../../nios2-elf/lib\libc.a(lib_a-locale.o)
                0x008617d0                __lc_ctype
 .data          0x008617dc        0x0 c:/altera/13.0sp1/nios2eds/bin/gnu/h-i686-mingw32/bin/../lib/gcc/nios2-elf/4.1.2/../../../../nios2-elf/lib\libc.a(lib_a-lseekr.o)
 .data          0x008617dc        0x0 c:/altera/13.0sp1/nios2eds/bin/gnu/h-i686-mingw32/bin/../lib/gcc/nios2-elf/4.1.2/../../../../nios2-elf/lib\libc.a(lib_a-memchr.o)
 .data          0x008617dc        0x0 c:/altera/13.0sp1/nios2eds/bin/gnu/h-i686-mingw32/bin/../lib/gcc/nios2-elf/4.1.2/../../../../nios2-elf/lib\libc.a(lib_a-memmove.o)
 .data          0x008617dc        0x0 c:/altera/13.0sp1/nios2eds/bin/gnu/h-i686-mingw32/bin/../lib/gcc/nios2-elf/4.1.2/../../../../nios2-elf/lib\libc.a(lib_a-mprec.o)
 .data          0x008617dc        0x0 c:/altera/13.0sp1/nios2eds/bin/gnu/h-i686-mingw32/bin/../lib/gcc/nios2-elf/4.1.2/../../../../nios2-elf/lib\libc.a(lib_a-putc.o)
 .data          0x008617dc        0x0 c:/altera/13.0sp1/nios2eds/bin/gnu/h-i686-mingw32/bin/../lib/gcc/nios2-elf/4.1.2/../../../../nios2-elf/lib\libc.a(lib_a-readr.o)
 .data          0x008617dc        0x0 c:/altera/13.0sp1/nios2eds/bin/gnu/h-i686-mingw32/bin/../lib/gcc/nios2-elf/4.1.2/../../../../nios2-elf/lib\libc.a(lib_a-reallocr.o)
 .data          0x008617dc        0x0 c:/altera/13.0sp1/nios2eds/bin/gnu/h-i686-mingw32/bin/../lib/gcc/nios2-elf/4.1.2/../../../../nios2-elf/lib\libc.a(lib_a-s_isinfd.o)
 .data          0x008617dc        0x0 c:/altera/13.0sp1/nios2eds/bin/gnu/h-i686-mingw32/bin/../lib/gcc/nios2-elf/4.1.2/../../../../nios2-elf/lib\libc.a(lib_a-strcmp.o)
 .data          0x008617dc        0x0 c:/altera/13.0sp1/nios2eds/bin/gnu/h-i686-mingw32/bin/../lib/gcc/nios2-elf/4.1.2/../../../../nios2-elf/lib\libc.a(lib_a-wbuf.o)
 .data          0x008617dc        0x0 c:/altera/13.0sp1/nios2eds/bin/gnu/h-i686-mingw32/bin/../lib/gcc/nios2-elf/4.1.2/../../../../nios2-elf/lib\libc.a(lib_a-callocr.o)
 .data          0x008617dc        0x0 c:/altera/13.0sp1/nios2eds/bin/gnu/h-i686-mingw32/bin/../lib/gcc/nios2-elf/4.1.2\libgcc.a(_udivdi3.o)
 .data          0x008617dc        0x0 c:/altera/13.0sp1/nios2eds/bin/gnu/h-i686-mingw32/bin/../lib/gcc/nios2-elf/4.1.2\libgcc.a(_umoddi3.o)
 .data          0x008617dc        0x0 c:/altera/13.0sp1/nios2eds/bin/gnu/h-i686-mingw32/bin/../lib/gcc/nios2-elf/4.1.2\libgcc.a(_eq_df.o)
 .data          0x008617dc        0x0 c:/altera/13.0sp1/nios2eds/bin/gnu/h-i686-mingw32/bin/../lib/gcc/nios2-elf/4.1.2\libgcc.a(_ne_df.o)
 .data          0x008617dc        0x0 c:/altera/13.0sp1/nios2eds/bin/gnu/h-i686-mingw32/bin/../lib/gcc/nios2-elf/4.1.2\libgcc.a(_gt_df.o)
 .data          0x008617dc        0x0 c:/altera/13.0sp1/nios2eds/bin/gnu/h-i686-mingw32/bin/../lib/gcc/nios2-elf/4.1.2\libgcc.a(_ge_df.o)
 .data          0x008617dc        0x0 c:/altera/13.0sp1/nios2eds/bin/gnu/h-i686-mingw32/bin/../lib/gcc/nios2-elf/4.1.2\libgcc.a(_usi_to_df.o)
 .data          0x008617dc        0x0 ../atest_bsp/\libhal_bsp.a(alt_close.o)
 .data          0x008617dc        0x0 ../atest_bsp/\libhal_bsp.a(alt_dcache_flush.o)
 .data          0x008617dc        0x0 ../atest_bsp/\libhal_bsp.a(alt_dcache_flush_all.o)
 .data          0x008617dc      0x1a8 ../atest_bsp/\libhal_bsp.a(alt_dev.o)
                0x008617dc                alt_dev_null
                0x00861804                alt_fd_list
 .data          0x00861984        0x0 ../atest_bsp/\libhal_bsp.a(alt_errno.o)
 .data          0x00861984        0x0 ../atest_bsp/\libhal_bsp.a(alt_flash_dev.o)
 .data          0x00861984        0x0 ../atest_bsp/\libhal_bsp.a(alt_fstat.o)
 .data          0x00861984        0x0 ../atest_bsp/\libhal_bsp.a(alt_irq_register.o)
 .data          0x00861984        0x0 ../atest_bsp/\libhal_bsp.a(alt_irq_vars.o)
 .data          0x00861984        0x0 ../atest_bsp/\libhal_bsp.a(alt_isatty.o)
 .data          0x00861984        0x0 ../atest_bsp/\libhal_bsp.a(alt_lseek.o)
 .data          0x00861984        0x0 ../atest_bsp/\libhal_bsp.a(alt_main.o)
 .data          0x00861984        0x0 ../atest_bsp/\libhal_bsp.a(alt_malloc_lock.o)
 .data          0x00861984        0x0 ../atest_bsp/\libhal_bsp.a(alt_open.o)
 .data          0x00861984        0x0 ../atest_bsp/\libhal_bsp.a(alt_read.o)
 .data          0x00861984        0x0 ../atest_bsp/\libhal_bsp.a(alt_release_fd.o)
 .data          0x00861984        0x0 ../atest_bsp/\libhal_bsp.a(alt_sbrk.o)
 .data          0x00861984        0x0 ../atest_bsp/\libhal_bsp.a(alt_tick.o)
 .data          0x00861984        0x0 ../atest_bsp/\libhal_bsp.a(alt_usleep.o)
 .data          0x00861984        0x0 ../atest_bsp/\libhal_bsp.a(alt_write.o)
 .data          0x00861984     0x1320 ../atest_bsp/\libhal_bsp.a(alt_sys_init.o)
 .data          0x00862ca4        0x0 ../atest_bsp/\libhal_bsp.a(altera_avalon_cfi_flash.o)
 .data          0x00862ca4        0x0 ../atest_bsp/\libhal_bsp.a(altera_avalon_cfi_flash_table.o)
 .data          0x00862ca4        0x0 ../atest_bsp/\libhal_bsp.a(altera_avalon_epcs_flash_controller.o)
 .data          0x00862ca4        0x0 ../atest_bsp/\libhal_bsp.a(altera_avalon_jtag_uart_fd.o)
 .data          0x00862ca4        0x0 ../atest_bsp/\libhal_bsp.a(altera_avalon_jtag_uart_init.o)
 .data          0x00862ca4        0x0 ../atest_bsp/\libhal_bsp.a(altera_avalon_jtag_uart_ioctl.o)
 .data          0x00862ca4        0x0 ../atest_bsp/\libhal_bsp.a(altera_avalon_jtag_uart_read.o)
 .data          0x00862ca4        0x0 ../atest_bsp/\libhal_bsp.a(altera_avalon_jtag_uart_write.o)
 .data          0x00862ca4        0x0 ../atest_bsp/\libhal_bsp.a(altera_avalon_lcd_16207.o)
 .data          0x00862ca4        0x0 ../atest_bsp/\libhal_bsp.a(altera_avalon_lcd_16207_fd.o)
 .data          0x00862ca4        0x0 ../atest_bsp/\libhal_bsp.a(altera_avalon_timer_sc.o)
 .data          0x00862ca4        0x0 ../atest_bsp/\libhal_bsp.a(epcs_commands.o)
 .data          0x00862ca4        0x0 ../atest_bsp/\libhal_bsp.a(alt_alarm_start.o)
 .data          0x00862ca4        0x0 ../atest_bsp/\libhal_bsp.a(alt_busy_sleep.o)
 .data          0x00862ca4        0x0 ../atest_bsp/\libhal_bsp.a(alt_dev_llist_insert.o)
 .data          0x00862ca4        0x0 ../atest_bsp/\libhal_bsp.a(alt_do_ctors.o)
 .data          0x00862ca4        0x0 ../atest_bsp/\libhal_bsp.a(alt_do_dtors.o)
 .data          0x00862ca4        0x0 ../atest_bsp/\libhal_bsp.a(alt_find_dev.o)
 .data          0x00862ca4        0x0 ../atest_bsp/\libhal_bsp.a(alt_find_file.o)
 .data          0x00862ca4        0x0 ../atest_bsp/\libhal_bsp.a(alt_get_fd.o)
 .data          0x00862ca4        0x0 ../atest_bsp/\libhal_bsp.a(alt_io_redirect.o)
 .data          0x00862ca4        0x0 ../atest_bsp/\libhal_bsp.a(alt_irq_entry.o)
 .data          0x00862ca4        0x0 ../atest_bsp/\libhal_bsp.a(alt_irq_handler.o)
 .data          0x00862ca4        0x0 ../atest_bsp/\libhal_bsp.a(altera_nios2_qsys_irq.o)
 .data          0x00862ca4        0x0 ../atest_bsp/\libhal_bsp.a(altera_avalon_cfi_flash_amd.o)
 .data          0x00862ca4        0x0 ../atest_bsp/\libhal_bsp.a(altera_avalon_cfi_flash_intel.o)
 .data          0x00862ca4        0x0 ../atest_bsp/\libhal_bsp.a(altera_avalon_spi.o)
 .data          0x00862ca4        0x0 ../atest_bsp/\libhal_bsp.a(alt_exception_entry.o)
 .data          0x00862ca4        0x0 c:/altera/13.0sp1/nios2eds/bin/gnu/h-i686-mingw32/bin/../lib/gcc/nios2-elf/4.1.2/../../../../nios2-elf/lib\libc.a(lib_a-atexit.o)
 .data          0x00862ca4        0x0 c:/altera/13.0sp1/nios2eds/bin/gnu/h-i686-mingw32/bin/../lib/gcc/nios2-elf/4.1.2/../../../../nios2-elf/lib\libc.a(lib_a-ctype_.o)
 .data          0x00862ca4        0x0 c:/altera/13.0sp1/nios2eds/bin/gnu/h-i686-mingw32/bin/../lib/gcc/nios2-elf/4.1.2/../../../../nios2-elf/lib\libc.a(lib_a-exit.o)
 .data          0x00862ca4        0x0 c:/altera/13.0sp1/nios2eds/bin/gnu/h-i686-mingw32/bin/../lib/gcc/nios2-elf/4.1.2/../../../../nios2-elf/lib\libc.a(lib_a-memcmp.o)
 .data          0x00862ca4        0x0 c:/altera/13.0sp1/nios2eds/bin/gnu/h-i686-mingw32/bin/../lib/gcc/nios2-elf/4.1.2/../../../../nios2-elf/lib\libc.a(lib_a-__atexit.o)
 .data          0x00862ca4        0x0 c:/altera/13.0sp1/nios2eds/bin/gnu/h-i686-mingw32/bin/../lib/gcc/nios2-elf/4.1.2/../../../../nios2-elf/lib\libc.a(lib_a-__call_atexit.o)
 .data          0x00862ca4        0x0 ../atest_bsp/\libhal_bsp.a(alt_exit.o)
                0x0086aca4                _gp = ABSOLUTE ((. + 0x8000))
                0x0086aca4                PROVIDE (gp, _gp)
 *(.rwdata .rwdata.*)
 *(.sdata .sdata.* .gnu.linkonce.s.*)
 .sdata         0x00862ca4        0xc obj/default/gui.o
                0x00862ca4                arr_lengths
                0x00862ca8                res_opts_count
                0x00862cac                wind_opts_count
 .sdata         0x00862cb0        0x4 obj/default/simple_graphics.o
                0x00862cb0                cour10_font
 .sdata         0x00862cb4        0x4 c:/altera/13.0sp1/nios2eds/bin/gnu/h-i686-mingw32/bin/../lib/gcc/nios2-elf/4.1.2/../../../../nios2-elf/lib\libm.a(lib_a-s_lib_ver.o)
                0x00862cb4                __fdlib_version
 .sdata         0x00862cb8        0x8 c:/altera/13.0sp1/nios2eds/bin/gnu/h-i686-mingw32/bin/../lib/gcc/nios2-elf/4.1.2/../../../../nios2-elf/lib\libc.a(lib_a-impure.o)
                0x00862cb8                _impure_ptr
                0x00862cbc                _global_impure_ptr
 .sdata         0x00862cc0        0x8 c:/altera/13.0sp1/nios2eds/bin/gnu/h-i686-mingw32/bin/../lib/gcc/nios2-elf/4.1.2/../../../../nios2-elf/lib\libc.a(lib_a-mallocr.o)
                0x00862cc0                __malloc_trim_threshold
                0x00862cc4                __malloc_sbrk_base
 .sdata         0x00862cc8        0x8 c:/altera/13.0sp1/nios2eds/bin/gnu/h-i686-mingw32/bin/../lib/gcc/nios2-elf/4.1.2/../../../../nios2-elf/lib\libc.a(lib_a-locale.o)
                0x00862cc8                __mb_cur_max
 .sdata         0x00862cd0       0x14 ../atest_bsp/\libhal_bsp.a(alt_dev.o)
                0x00862cd0                alt_fs_list
                0x00862cd8                alt_dev_list
                0x00862ce0                alt_max_fd
 .sdata         0x00862ce4        0x4 ../atest_bsp/\libhal_bsp.a(alt_errno.o)
                0x00862ce4                alt_errno
 .sdata         0x00862ce8        0x8 ../atest_bsp/\libhal_bsp.a(alt_flash_dev.o)
                0x00862ce8                alt_flash_dev_list
 .sdata         0x00862cf0        0x4 ../atest_bsp/\libhal_bsp.a(alt_irq_vars.o)
                0x00862cf0                alt_priority_mask
 .sdata         0x00862cf4        0x4 ../atest_bsp/\libhal_bsp.a(alt_sbrk.o)
 .sdata         0x00862cf8        0x8 ../atest_bsp/\libhal_bsp.a(alt_tick.o)
                0x00862cf8                alt_alarm_list
 .sdata         0x00862d00        0x4 ../atest_bsp/\libhal_bsp.a(altera_avalon_lcd_16207.o)
 .sdata         0x00862d04        0x4 c:/altera/13.0sp1/nios2eds/bin/gnu/h-i686-mingw32/bin/../lib/gcc/nios2-elf/4.1.2/../../../../nios2-elf/lib\libc.a(lib_a-ctype_.o)
                0x00862d04                __ctype_ptr
 *(.sdata2 .sdata2.* .gnu.linkonce.s2.*)
                0x00862d08                . = ALIGN (0x4)
                0x00862d08                _edata = ABSOLUTE (.)
                0x00862d08                PROVIDE (edata, ABSOLUTE (.))
                0x00862d08                PROVIDE (__ram_rwdata_end, ABSOLUTE (.))
                0x0085f430                PROVIDE (__flash_rwdata_start, LOADADDR (.rwdata))

.bss            0x00862d08      0x340
                0x00862d08                __bss_start = ABSOLUTE (.)
                0x00862d08                PROVIDE (__sbss_start, ABSOLUTE (.))
                0x00862d08                PROVIDE (___sbss_start, ABSOLUTE (.))
 *(.dynsbss)
 *(.sbss .sbss.* .gnu.linkonce.sb.*)
 .sbss          0x00862d08        0x4 obj/default/LCD.o
 .sbss          0x00862d0c        0x4 c:/altera/13.0sp1/nios2eds/bin/gnu/h-i686-mingw32/bin/../lib/gcc/nios2-elf/4.1.2/../../../../nios2-elf/lib\libc.a(lib_a-int_errno.o)
                0x00862d0c                errno
 .sbss          0x00862d10        0xc c:/altera/13.0sp1/nios2eds/bin/gnu/h-i686-mingw32/bin/../lib/gcc/nios2-elf/4.1.2/../../../../nios2-elf/lib\libc.a(lib_a-mallocr.o)
                0x00862d10                __malloc_top_pad
                0x00862d14                __malloc_max_sbrked_mem
                0x00862d18                __malloc_max_total_mem
 .sbss          0x00862d1c        0xc c:/altera/13.0sp1/nios2eds/bin/gnu/h-i686-mingw32/bin/../lib/gcc/nios2-elf/4.1.2/../../../../nios2-elf/lib\libc.a(lib_a-locale.o)
                0x00862d1c                __nlocale_changed
                0x00862d20                __mlocale_changed
                0x00862d24                _PathLocale
 .sbss          0x00862d28        0x4 ../atest_bsp/\libhal_bsp.a(alt_irq_vars.o)
                0x00862d28                alt_irq_active
 .sbss          0x00862d2c        0xc ../atest_bsp/\libhal_bsp.a(alt_main.o)
                0x00862d2c                alt_argc
                0x00862d30                alt_argv
                0x00862d34                alt_envp
 .sbss          0x00862d38        0x8 ../atest_bsp/\libhal_bsp.a(alt_tick.o)
                0x00862d38                _alt_tick_rate
                0x00862d3c                _alt_nticks
 *(.sbss2 .sbss2.* .gnu.linkonce.sb2.*)
 *(.scommon)
                0x00862d40                PROVIDE (__sbss_end, ABSOLUTE (.))
                0x00862d40                PROVIDE (___sbss_end, ABSOLUTE (.))
 *(.dynbss)
 *(.bss .bss.* .gnu.linkonce.b.*)
 .bss           0x00862d40        0x0 ../atest_bsp//obj/HAL/src/crt0.o
 .bss           0x00862d40        0x0 obj/default/I2C.o
 .bss           0x00862d40        0x0 obj/default/LCD.o
 .bss           0x00862d40        0x0 obj/default/debug.o
 .bss           0x00862d40        0x0 obj/default/flash.o
 .bss           0x00862d40        0x0 obj/default/geometry.o
 .bss           0x00862d40        0x0 obj/default/gesture.o
 .bss           0x00862d40        0x0 obj/default/gui.o
 .bss           0x00862d40        0x0 obj/default/gui_vpg.o
 .bss           0x00862d40        0x0 obj/default/main.o
 .bss           0x00862d40        0x0 obj/default/multi_touch.o
 .bss           0x00862d40        0x0 obj/default/plotter.o
 .bss           0x00862d40        0x0 obj/default/queue.o
 .bss           0x00862d40        0x0 obj/default/simple_graphics.o
 .bss           0x00862d40        0x0 obj/default/simple_text.o
 .bss           0x00862d40        0x0 obj/default/tahomabold_20.o
 .bss           0x00862d40        0x0 obj/default/tahomabold_32.o
 .bss           0x00862d40        0x0 obj/default/vip_fr.o
 .bss           0x00862d40        0x0 c:/altera/13.0sp1/nios2eds/bin/gnu/h-i686-mingw32/bin/../lib/gcc/nios2-elf/4.1.2/../../../../nios2-elf/lib\libm.a(lib_a-w_sqrt.o)
 .bss           0x00862d40        0x0 c:/altera/13.0sp1/nios2eds/bin/gnu/h-i686-mingw32/bin/../lib/gcc/nios2-elf/4.1.2/../../../../nios2-elf/lib\libm.a(lib_a-e_sqrt.o)
 .bss           0x00862d40        0x0 c:/altera/13.0sp1/nios2eds/bin/gnu/h-i686-mingw32/bin/../lib/gcc/nios2-elf/4.1.2/../../../../nios2-elf/lib\libm.a(lib_a-s_isnand.o)
 .bss           0x00862d40        0x0 c:/altera/13.0sp1/nios2eds/bin/gnu/h-i686-mingw32/bin/../lib/gcc/nios2-elf/4.1.2/../../../../nios2-elf/lib\libm.a(lib_a-s_lib_ver.o)
 .bss           0x00862d40        0x0 c:/altera/13.0sp1/nios2eds/bin/gnu/h-i686-mingw32/bin/../lib/gcc/nios2-elf/4.1.2/../../../../nios2-elf/lib\libm.a(lib_a-s_matherr.o)
 .bss           0x00862d40        0x0 c:/altera/13.0sp1/nios2eds/bin/gnu/h-i686-mingw32/bin/../lib/gcc/nios2-elf/4.1.2\libgcc.a(_mul_sf.o)
 .bss           0x00862d40        0x0 c:/altera/13.0sp1/nios2eds/bin/gnu/h-i686-mingw32/bin/../lib/gcc/nios2-elf/4.1.2\libgcc.a(_div_sf.o)
 .bss           0x00862d40        0x0 c:/altera/13.0sp1/nios2eds/bin/gnu/h-i686-mingw32/bin/../lib/gcc/nios2-elf/4.1.2\libgcc.a(_si_to_sf.o)
 .bss           0x00862d40        0x0 c:/altera/13.0sp1/nios2eds/bin/gnu/h-i686-mingw32/bin/../lib/gcc/nios2-elf/4.1.2\libgcc.a(_sf_to_si.o)
 .bss           0x00862d40        0x0 c:/altera/13.0sp1/nios2eds/bin/gnu/h-i686-mingw32/bin/../lib/gcc/nios2-elf/4.1.2\libgcc.a(_thenan_sf.o)
 .bss           0x00862d40        0x0 c:/altera/13.0sp1/nios2eds/bin/gnu/h-i686-mingw32/bin/../lib/gcc/nios2-elf/4.1.2\libgcc.a(_addsub_df.o)
 .bss           0x00862d40        0x0 c:/altera/13.0sp1/nios2eds/bin/gnu/h-i686-mingw32/bin/../lib/gcc/nios2-elf/4.1.2\libgcc.a(_mul_df.o)
 .bss           0x00862d40        0x0 c:/altera/13.0sp1/nios2eds/bin/gnu/h-i686-mingw32/bin/../lib/gcc/nios2-elf/4.1.2\libgcc.a(_div_df.o)
 .bss           0x00862d40        0x0 c:/altera/13.0sp1/nios2eds/bin/gnu/h-i686-mingw32/bin/../lib/gcc/nios2-elf/4.1.2\libgcc.a(_lt_df.o)
 .bss           0x00862d40        0x0 c:/altera/13.0sp1/nios2eds/bin/gnu/h-i686-mingw32/bin/../lib/gcc/nios2-elf/4.1.2\libgcc.a(_si_to_df.o)
 .bss           0x00862d40        0x0 c:/altera/13.0sp1/nios2eds/bin/gnu/h-i686-mingw32/bin/../lib/gcc/nios2-elf/4.1.2\libgcc.a(_df_to_si.o)
 .bss           0x00862d40        0x0 c:/altera/13.0sp1/nios2eds/bin/gnu/h-i686-mingw32/bin/../lib/gcc/nios2-elf/4.1.2\libgcc.a(_thenan_df.o)
 .bss           0x00862d40        0x0 c:/altera/13.0sp1/nios2eds/bin/gnu/h-i686-mingw32/bin/../lib/gcc/nios2-elf/4.1.2\libgcc.a(lib2-divmod.o)
 .bss           0x00862d40        0x0 c:/altera/13.0sp1/nios2eds/bin/gnu/h-i686-mingw32/bin/../lib/gcc/nios2-elf/4.1.2\libgcc.a(_muldi3.o)
 .bss           0x00862d40        0x0 c:/altera/13.0sp1/nios2eds/bin/gnu/h-i686-mingw32/bin/../lib/gcc/nios2-elf/4.1.2\libgcc.a(_clzsi2.o)
 .bss           0x00862d40        0x0 c:/altera/13.0sp1/nios2eds/bin/gnu/h-i686-mingw32/bin/../lib/gcc/nios2-elf/4.1.2\libgcc.a(_pack_sf.o)
 .bss           0x00862d40        0x0 c:/altera/13.0sp1/nios2eds/bin/gnu/h-i686-mingw32/bin/../lib/gcc/nios2-elf/4.1.2\libgcc.a(_unpack_sf.o)
 .bss           0x00862d40        0x0 c:/altera/13.0sp1/nios2eds/bin/gnu/h-i686-mingw32/bin/../lib/gcc/nios2-elf/4.1.2\libgcc.a(_pack_df.o)
 .bss           0x00862d40        0x0 c:/altera/13.0sp1/nios2eds/bin/gnu/h-i686-mingw32/bin/../lib/gcc/nios2-elf/4.1.2\libgcc.a(_unpack_df.o)
 .bss           0x00862d40        0x0 c:/altera/13.0sp1/nios2eds/bin/gnu/h-i686-mingw32/bin/../lib/gcc/nios2-elf/4.1.2\libgcc.a(_fpcmp_parts_df.o)
 .bss           0x00862d40        0x0 c:/altera/13.0sp1/nios2eds/bin/gnu/h-i686-mingw32/bin/../lib/gcc/nios2-elf/4.1.2\libgcc.a(_clz.o)
 .bss           0x00862d40        0x0 c:/altera/13.0sp1/nios2eds/bin/gnu/h-i686-mingw32/bin/../lib/gcc/nios2-elf/4.1.2/../../../../nios2-elf/lib\libc.a(lib_a-errno.o)
 .bss           0x00862d40        0x0 c:/altera/13.0sp1/nios2eds/bin/gnu/h-i686-mingw32/bin/../lib/gcc/nios2-elf/4.1.2/../../../../nios2-elf/lib\libc.a(lib_a-fclose.o)
 .bss           0x00862d40        0x0 c:/altera/13.0sp1/nios2eds/bin/gnu/h-i686-mingw32/bin/../lib/gcc/nios2-elf/4.1.2/../../../../nios2-elf/lib\libc.a(lib_a-fflush.o)
 .bss           0x00862d40        0x0 c:/altera/13.0sp1/nios2eds/bin/gnu/h-i686-mingw32/bin/../lib/gcc/nios2-elf/4.1.2/../../../../nios2-elf/lib\libc.a(lib_a-findfp.o)
 .bss           0x00862d40        0x0 c:/altera/13.0sp1/nios2eds/bin/gnu/h-i686-mingw32/bin/../lib/gcc/nios2-elf/4.1.2/../../../../nios2-elf/lib\libc.a(lib_a-fopen.o)
 .bss           0x00862d40        0x0 c:/altera/13.0sp1/nios2eds/bin/gnu/h-i686-mingw32/bin/../lib/gcc/nios2-elf/4.1.2/../../../../nios2-elf/lib\libc.a(lib_a-freer.o)
 .bss           0x00862d40        0x0 c:/altera/13.0sp1/nios2eds/bin/gnu/h-i686-mingw32/bin/../lib/gcc/nios2-elf/4.1.2/../../../../nios2-elf/lib\libc.a(lib_a-fseek.o)
 .bss           0x00862d40        0x0 c:/altera/13.0sp1/nios2eds/bin/gnu/h-i686-mingw32/bin/../lib/gcc/nios2-elf/4.1.2/../../../../nios2-elf/lib\libc.a(lib_a-fstatr.o)
 .bss           0x00862d40        0x0 c:/altera/13.0sp1/nios2eds/bin/gnu/h-i686-mingw32/bin/../lib/gcc/nios2-elf/4.1.2/../../../../nios2-elf/lib\libc.a(lib_a-fwalk.o)
 .bss           0x00862d40        0x0 c:/altera/13.0sp1/nios2eds/bin/gnu/h-i686-mingw32/bin/../lib/gcc/nios2-elf/4.1.2/../../../../nios2-elf/lib\libc.a(lib_a-fwrite.o)
 .bss           0x00862d40        0x0 c:/altera/13.0sp1/nios2eds/bin/gnu/h-i686-mingw32/bin/../lib/gcc/nios2-elf/4.1.2/../../../../nios2-elf/lib\libc.a(lib_a-impure.o)
 .bss           0x00862d40        0x0 c:/altera/13.0sp1/nios2eds/bin/gnu/h-i686-mingw32/bin/../lib/gcc/nios2-elf/4.1.2/../../../../nios2-elf/lib\libc.a(lib_a-int_errno.o)
 .bss           0x00862d40        0x0 c:/altera/13.0sp1/nios2eds/bin/gnu/h-i686-mingw32/bin/../lib/gcc/nios2-elf/4.1.2/../../../../nios2-elf/lib\libc.a(lib_a-makebuf.o)
 .bss           0x00862d40        0x0 c:/altera/13.0sp1/nios2eds/bin/gnu/h-i686-mingw32/bin/../lib/gcc/nios2-elf/4.1.2/../../../../nios2-elf/lib\libc.a(lib_a-malloc.o)
 .bss           0x00862d40       0x28 c:/altera/13.0sp1/nios2eds/bin/gnu/h-i686-mingw32/bin/../lib/gcc/nios2-elf/4.1.2/../../../../nios2-elf/lib\libc.a(lib_a-mallocr.o)
                0x00862d40                __malloc_current_mallinfo
 .bss           0x00862d68        0x0 c:/altera/13.0sp1/nios2eds/bin/gnu/h-i686-mingw32/bin/../lib/gcc/nios2-elf/4.1.2/../../../../nios2-elf/lib\libc.a(lib_a-memcpy.o)
 .bss           0x00862d68        0x0 c:/altera/13.0sp1/nios2eds/bin/gnu/h-i686-mingw32/bin/../lib/gcc/nios2-elf/4.1.2/../../../../nios2-elf/lib\libc.a(lib_a-memset.o)
 .bss           0x00862d68        0x0 c:/altera/13.0sp1/nios2eds/bin/gnu/h-i686-mingw32/bin/../lib/gcc/nios2-elf/4.1.2/../../../../nios2-elf/lib\libc.a(lib_a-openr.o)
 .bss           0x00862d68        0x0 c:/altera/13.0sp1/nios2eds/bin/gnu/h-i686-mingw32/bin/../lib/gcc/nios2-elf/4.1.2/../../../../nios2-elf/lib\libc.a(lib_a-printf.o)
 .bss           0x00862d68        0x0 c:/altera/13.0sp1/nios2eds/bin/gnu/h-i686-mingw32/bin/../lib/gcc/nios2-elf/4.1.2/../../../../nios2-elf/lib\libc.a(lib_a-putchar.o)
 .bss           0x00862d68        0x0 c:/altera/13.0sp1/nios2eds/bin/gnu/h-i686-mingw32/bin/../lib/gcc/nios2-elf/4.1.2/../../../../nios2-elf/lib\libc.a(lib_a-puts.o)
 .bss           0x00862d68        0x0 c:/altera/13.0sp1/nios2eds/bin/gnu/h-i686-mingw32/bin/../lib/gcc/nios2-elf/4.1.2/../../../../nios2-elf/lib\libc.a(lib_a-refill.o)
 .bss           0x00862d68        0x0 c:/altera/13.0sp1/nios2eds/bin/gnu/h-i686-mingw32/bin/../lib/gcc/nios2-elf/4.1.2/../../../../nios2-elf/lib\libc.a(lib_a-sbrkr.o)
 .bss           0x00862d68        0x0 c:/altera/13.0sp1/nios2eds/bin/gnu/h-i686-mingw32/bin/../lib/gcc/nios2-elf/4.1.2/../../../../nios2-elf/lib\libc.a(lib_a-sprintf.o)
 .bss           0x00862d68        0x0 c:/altera/13.0sp1/nios2eds/bin/gnu/h-i686-mingw32/bin/../lib/gcc/nios2-elf/4.1.2/../../../../nios2-elf/lib\libc.a(lib_a-stdio.o)
 .bss           0x00862d68        0x0 c:/altera/13.0sp1/nios2eds/bin/gnu/h-i686-mingw32/bin/../lib/gcc/nios2-elf/4.1.2/../../../../nios2-elf/lib\libc.a(lib_a-strcpy.o)
 .bss           0x00862d68        0x0 c:/altera/13.0sp1/nios2eds/bin/gnu/h-i686-mingw32/bin/../lib/gcc/nios2-elf/4.1.2/../../../../nios2-elf/lib\libc.a(lib_a-strlen.o)
 .bss           0x00862d68        0x0 c:/altera/13.0sp1/nios2eds/bin/gnu/h-i686-mingw32/bin/../lib/gcc/nios2-elf/4.1.2/../../../../nios2-elf/lib\libc.a(lib_a-vfprintf.o)
 .bss           0x00862d68        0x0 c:/altera/13.0sp1/nios2eds/bin/gnu/h-i686-mingw32/bin/../lib/gcc/nios2-elf/4.1.2/../../../../nios2-elf/lib\libc.a(lib_a-vsnprintf.o)
 .bss           0x00862d68        0x0 c:/altera/13.0sp1/nios2eds/bin/gnu/h-i686-mingw32/bin/../lib/gcc/nios2-elf/4.1.2/../../../../nios2-elf/lib\libc.a(lib_a-writer.o)
 .bss           0x00862d68        0x0 c:/altera/13.0sp1/nios2eds/bin/gnu/h-i686-mingw32/bin/../lib/gcc/nios2-elf/4.1.2/../../../../nios2-elf/lib\libc.a(lib_a-wsetup.o)
 .bss           0x00862d68        0x0 c:/altera/13.0sp1/nios2eds/bin/gnu/h-i686-mingw32/bin/../lib/gcc/nios2-elf/4.1.2/../../../../nios2-elf/lib\libc.a(lib_a-closer.o)
 .bss           0x00862d68        0x0 c:/altera/13.0sp1/nios2eds/bin/gnu/h-i686-mingw32/bin/../lib/gcc/nios2-elf/4.1.2/../../../../nios2-elf/lib\libc.a(lib_a-dtoa.o)
 .bss           0x00862d68        0x0 c:/altera/13.0sp1/nios2eds/bin/gnu/h-i686-mingw32/bin/../lib/gcc/nios2-elf/4.1.2/../../../../nios2-elf/lib\libc.a(lib_a-flags.o)
 .bss           0x00862d68        0x0 c:/altera/13.0sp1/nios2eds/bin/gnu/h-i686-mingw32/bin/../lib/gcc/nios2-elf/4.1.2/../../../../nios2-elf/lib\libc.a(lib_a-fvwrite.o)
 .bss           0x00862d68        0x0 c:/altera/13.0sp1/nios2eds/bin/gnu/h-i686-mingw32/bin/../lib/gcc/nios2-elf/4.1.2/../../../../nios2-elf/lib\libc.a(lib_a-isattyr.o)
 .bss           0x00862d68        0x0 c:/altera/13.0sp1/nios2eds/bin/gnu/h-i686-mingw32/bin/../lib/gcc/nios2-elf/4.1.2/../../../../nios2-elf/lib\libc.a(lib_a-locale.o)
 .bss           0x00862d68        0x0 c:/altera/13.0sp1/nios2eds/bin/gnu/h-i686-mingw32/bin/../lib/gcc/nios2-elf/4.1.2/../../../../nios2-elf/lib\libc.a(lib_a-lseekr.o)
 .bss           0x00862d68        0x0 c:/altera/13.0sp1/nios2eds/bin/gnu/h-i686-mingw32/bin/../lib/gcc/nios2-elf/4.1.2/../../../../nios2-elf/lib\libc.a(lib_a-memchr.o)
 .bss           0x00862d68        0x0 c:/altera/13.0sp1/nios2eds/bin/gnu/h-i686-mingw32/bin/../lib/gcc/nios2-elf/4.1.2/../../../../nios2-elf/lib\libc.a(lib_a-memmove.o)
 .bss           0x00862d68        0x0 c:/altera/13.0sp1/nios2eds/bin/gnu/h-i686-mingw32/bin/../lib/gcc/nios2-elf/4.1.2/../../../../nios2-elf/lib\libc.a(lib_a-mprec.o)
 .bss           0x00862d68        0x0 c:/altera/13.0sp1/nios2eds/bin/gnu/h-i686-mingw32/bin/../lib/gcc/nios2-elf/4.1.2/../../../../nios2-elf/lib\libc.a(lib_a-putc.o)
 .bss           0x00862d68        0x0 c:/altera/13.0sp1/nios2eds/bin/gnu/h-i686-mingw32/bin/../lib/gcc/nios2-elf/4.1.2/../../../../nios2-elf/lib\libc.a(lib_a-readr.o)
 .bss           0x00862d68        0x0 c:/altera/13.0sp1/nios2eds/bin/gnu/h-i686-mingw32/bin/../lib/gcc/nios2-elf/4.1.2/../../../../nios2-elf/lib\libc.a(lib_a-reallocr.o)
 .bss           0x00862d68        0x0 c:/altera/13.0sp1/nios2eds/bin/gnu/h-i686-mingw32/bin/../lib/gcc/nios2-elf/4.1.2/../../../../nios2-elf/lib\libc.a(lib_a-s_isinfd.o)
 .bss           0x00862d68        0x0 c:/altera/13.0sp1/nios2eds/bin/gnu/h-i686-mingw32/bin/../lib/gcc/nios2-elf/4.1.2/../../../../nios2-elf/lib\libc.a(lib_a-strcmp.o)
 .bss           0x00862d68        0x0 c:/altera/13.0sp1/nios2eds/bin/gnu/h-i686-mingw32/bin/../lib/gcc/nios2-elf/4.1.2/../../../../nios2-elf/lib\libc.a(lib_a-wbuf.o)
 .bss           0x00862d68        0x0 c:/altera/13.0sp1/nios2eds/bin/gnu/h-i686-mingw32/bin/../lib/gcc/nios2-elf/4.1.2/../../../../nios2-elf/lib\libc.a(lib_a-callocr.o)
 .bss           0x00862d68        0x0 c:/altera/13.0sp1/nios2eds/bin/gnu/h-i686-mingw32/bin/../lib/gcc/nios2-elf/4.1.2\libgcc.a(_udivdi3.o)
 .bss           0x00862d68        0x0 c:/altera/13.0sp1/nios2eds/bin/gnu/h-i686-mingw32/bin/../lib/gcc/nios2-elf/4.1.2\libgcc.a(_umoddi3.o)
 .bss           0x00862d68        0x0 c:/altera/13.0sp1/nios2eds/bin/gnu/h-i686-mingw32/bin/../lib/gcc/nios2-elf/4.1.2\libgcc.a(_eq_df.o)
 .bss           0x00862d68        0x0 c:/altera/13.0sp1/nios2eds/bin/gnu/h-i686-mingw32/bin/../lib/gcc/nios2-elf/4.1.2\libgcc.a(_ne_df.o)
 .bss           0x00862d68        0x0 c:/altera/13.0sp1/nios2eds/bin/gnu/h-i686-mingw32/bin/../lib/gcc/nios2-elf/4.1.2\libgcc.a(_gt_df.o)
 .bss           0x00862d68        0x0 c:/altera/13.0sp1/nios2eds/bin/gnu/h-i686-mingw32/bin/../lib/gcc/nios2-elf/4.1.2\libgcc.a(_ge_df.o)
 .bss           0x00862d68        0x0 c:/altera/13.0sp1/nios2eds/bin/gnu/h-i686-mingw32/bin/../lib/gcc/nios2-elf/4.1.2\libgcc.a(_usi_to_df.o)
 .bss           0x00862d68        0x0 ../atest_bsp/\libhal_bsp.a(alt_close.o)
 .bss           0x00862d68        0x0 ../atest_bsp/\libhal_bsp.a(alt_dcache_flush.o)
 .bss           0x00862d68        0x0 ../atest_bsp/\libhal_bsp.a(alt_dcache_flush_all.o)
 .bss           0x00862d68        0x0 ../atest_bsp/\libhal_bsp.a(alt_dev.o)
 .bss           0x00862d68        0x0 ../atest_bsp/\libhal_bsp.a(alt_errno.o)
 .bss           0x00862d68        0x0 ../atest_bsp/\libhal_bsp.a(alt_flash_dev.o)
 .bss           0x00862d68        0x0 ../atest_bsp/\libhal_bsp.a(alt_fstat.o)
 .bss           0x00862d68        0x0 ../atest_bsp/\libhal_bsp.a(alt_irq_register.o)
 .bss           0x00862d68        0x0 ../atest_bsp/\libhal_bsp.a(alt_irq_vars.o)
 .bss           0x00862d68        0x0 ../atest_bsp/\libhal_bsp.a(alt_isatty.o)
 .bss           0x00862d68        0x0 ../atest_bsp/\libhal_bsp.a(alt_lseek.o)
 .bss           0x00862d68        0x0 ../atest_bsp/\libhal_bsp.a(alt_main.o)
 .bss           0x00862d68        0x0 ../atest_bsp/\libhal_bsp.a(alt_malloc_lock.o)
 .bss           0x00862d68        0x0 ../atest_bsp/\libhal_bsp.a(alt_open.o)
 .bss           0x00862d68        0x0 ../atest_bsp/\libhal_bsp.a(alt_read.o)
 .bss           0x00862d68        0x0 ../atest_bsp/\libhal_bsp.a(alt_release_fd.o)
 .bss           0x00862d68        0x0 ../atest_bsp/\libhal_bsp.a(alt_sbrk.o)
 .bss           0x00862d68        0x0 ../atest_bsp/\libhal_bsp.a(alt_tick.o)
 .bss           0x00862d68        0x0 ../atest_bsp/\libhal_bsp.a(alt_usleep.o)
 .bss           0x00862d68        0x0 ../atest_bsp/\libhal_bsp.a(alt_write.o)
 .bss           0x00862d68        0x0 ../atest_bsp/\libhal_bsp.a(alt_sys_init.o)
 .bss           0x00862d68        0x0 ../atest_bsp/\libhal_bsp.a(altera_avalon_cfi_flash.o)
 .bss           0x00862d68        0x0 ../atest_bsp/\libhal_bsp.a(altera_avalon_cfi_flash_table.o)
 .bss           0x00862d68        0x0 ../atest_bsp/\libhal_bsp.a(altera_avalon_epcs_flash_controller.o)
 .bss           0x00862d68        0x0 ../atest_bsp/\libhal_bsp.a(altera_avalon_jtag_uart_fd.o)
 .bss           0x00862d68        0x0 ../atest_bsp/\libhal_bsp.a(altera_avalon_jtag_uart_init.o)
 .bss           0x00862d68        0x0 ../atest_bsp/\libhal_bsp.a(altera_avalon_jtag_uart_ioctl.o)
 .bss           0x00862d68        0x0 ../atest_bsp/\libhal_bsp.a(altera_avalon_jtag_uart_read.o)
 .bss           0x00862d68        0x0 ../atest_bsp/\libhal_bsp.a(altera_avalon_jtag_uart_write.o)
 .bss           0x00862d68        0x0 ../atest_bsp/\libhal_bsp.a(altera_avalon_lcd_16207.o)
 .bss           0x00862d68        0x0 ../atest_bsp/\libhal_bsp.a(altera_avalon_lcd_16207_fd.o)
 .bss           0x00862d68        0x0 ../atest_bsp/\libhal_bsp.a(altera_avalon_timer_sc.o)
 .bss           0x00862d68        0x0 ../atest_bsp/\libhal_bsp.a(epcs_commands.o)
 .bss           0x00862d68        0x0 ../atest_bsp/\libhal_bsp.a(alt_alarm_start.o)
 .bss           0x00862d68        0x0 ../atest_bsp/\libhal_bsp.a(alt_busy_sleep.o)
 .bss           0x00862d68        0x0 ../atest_bsp/\libhal_bsp.a(alt_dev_llist_insert.o)
 .bss           0x00862d68        0x0 ../atest_bsp/\libhal_bsp.a(alt_do_ctors.o)
 .bss           0x00862d68        0x0 ../atest_bsp/\libhal_bsp.a(alt_do_dtors.o)
 .bss           0x00862d68        0x0 ../atest_bsp/\libhal_bsp.a(alt_find_dev.o)
 .bss           0x00862d68        0x0 ../atest_bsp/\libhal_bsp.a(alt_find_file.o)
 .bss           0x00862d68        0x0 ../atest_bsp/\libhal_bsp.a(alt_get_fd.o)
 .bss           0x00862d68        0x0 ../atest_bsp/\libhal_bsp.a(alt_io_redirect.o)
 .bss           0x00862d68        0x0 ../atest_bsp/\libhal_bsp.a(alt_irq_entry.o)
 .bss           0x00862d68        0x0 ../atest_bsp/\libhal_bsp.a(alt_irq_handler.o)
 .bss           0x00862d68        0x0 ../atest_bsp/\libhal_bsp.a(altera_nios2_qsys_irq.o)
 .bss           0x00862d68        0x0 ../atest_bsp/\libhal_bsp.a(altera_avalon_cfi_flash_amd.o)
 .bss           0x00862d68        0x0 ../atest_bsp/\libhal_bsp.a(altera_avalon_cfi_flash_intel.o)
 .bss           0x00862d68        0x0 ../atest_bsp/\libhal_bsp.a(altera_avalon_spi.o)
 .bss           0x00862d68        0x0 ../atest_bsp/\libhal_bsp.a(alt_exception_entry.o)
 .bss           0x00862d68        0x0 c:/altera/13.0sp1/nios2eds/bin/gnu/h-i686-mingw32/bin/../lib/gcc/nios2-elf/4.1.2/../../../../nios2-elf/lib\libc.a(lib_a-atexit.o)
 .bss           0x00862d68        0x0 c:/altera/13.0sp1/nios2eds/bin/gnu/h-i686-mingw32/bin/../lib/gcc/nios2-elf/4.1.2/../../../../nios2-elf/lib\libc.a(lib_a-ctype_.o)