Archive member included because of file (symbol)

c:/altera/13.0sp1/nios2eds/bin/gnu/h-i686-mingw32/bin/../lib/gcc/nios2-elf/4.1.2/../../../../nios2-elf/lib\libm.a(lib_a-w_sqrt.o)
                              obj/default/geometry.o (sqrt)
c:/altera/13.0sp1/nios2eds/bin/gnu/h-i686-mingw32/bin/../lib/gcc/nios2-elf/4.1.2/../../../../nios2-elf/lib\libm.a(lib_a-e_sqrt.o)
                              c:/altera/13.0sp1/nios2eds/bin/gnu/h-i686-mingw32/bin/../lib/gcc/nios2-elf/4.1.2/../../../../nios2-elf/lib\libm.a(lib_a-w_sqrt.o) (__ieee754_sqrt)
c:/altera/13.0sp1/nios2eds/bin/gnu/h-i686-mingw32/bin/../lib/gcc/nios2-elf/4.1.2/../../../../nios2-elf/lib\libm.a(lib_a-s_isnand.o)
                              c:/altera/13.0sp1/nios2eds/bin/gnu/h-i686-mingw32/bin/../lib/gcc/nios2-elf/4.1.2/../../../../nios2-elf/lib\libm.a(lib_a-w_sqrt.o) (__isnand)
c:/altera/13.0sp1/nios2eds/bin/gnu/h-i686-mingw32/bin/../lib/gcc/nios2-elf/4.1.2/../../../../nios2-elf/lib\libm.a(lib_a-s_lib_ver.o)
                              c:/altera/13.0sp1/nios2eds/bin/gnu/h-i686-mingw32/bin/../lib/gcc/nios2-elf/4.1.2/../../../../nios2-elf/lib\libm.a(lib_a-w_sqrt.o) (__fdlib_version)
c:/altera/13.0sp1/nios2eds/bin/gnu/h-i686-mingw32/bin/../lib/gcc/nios2-elf/4.1.2/../../../../nios2-elf/lib\libm.a(lib_a-s_matherr.o)
                              c:/altera/13.0sp1/nios2eds/bin/gnu/h-i686-mingw32/bin/../lib/gcc/nios2-elf/4.1.2/../../../../nios2-elf/lib\libm.a(lib_a-w_sqrt.o) (matherr)
c:/altera/13.0sp1/nios2eds/bin/gnu/h-i686-mingw32/bin/../lib/gcc/nios2-elf/4.1.2\libgcc.a(_mul_sf.o)
                              obj/default/gui.o (__mulsf3)
c:/altera/13.0sp1/nios2eds/bin/gnu/h-i686-mingw32/bin/../lib/gcc/nios2-elf/4.1.2\libgcc.a(_div_sf.o)
                              obj/default/gui.o (__divsf3)
c:/altera/13.0sp1/nios2eds/bin/gnu/h-i686-mingw32/bin/../lib/gcc/nios2-elf/4.1.2\libgcc.a(_si_to_sf.o)
                              obj/default/gui.o (__floatsisf)
c:/altera/13.0sp1/nios2eds/bin/gnu/h-i686-mingw32/bin/../lib/gcc/nios2-elf/4.1.2\libgcc.a(_sf_to_si.o)
                              obj/default/gui.o (__fixsfsi)
c:/altera/13.0sp1/nios2eds/bin/gnu/h-i686-mingw32/bin/../lib/gcc/nios2-elf/4.1.2\libgcc.a(_thenan_sf.o)
                              c:/altera/13.0sp1/nios2eds/bin/gnu/h-i686-mingw32/bin/../lib/gcc/nios2-elf/4.1.2\libgcc.a(_mul_sf.o) (__thenan_sf)
c:/altera/13.0sp1/nios2eds/bin/gnu/h-i686-mingw32/bin/../lib/gcc/nios2-elf/4.1.2\libgcc.a(_addsub_df.o)
                              c:/altera/13.0sp1/nios2eds/bin/gnu/h-i686-mingw32/bin/../lib/gcc/nios2-elf/4.1.2/../../../../nios2-elf/lib\libm.a(lib_a-e_sqrt.o) (__subdf3)
c:/altera/13.0sp1/nios2eds/bin/gnu/h-i686-mingw32/bin/../lib/gcc/nios2-elf/4.1.2\libgcc.a(_mul_df.o)
                              c:/altera/13.0sp1/nios2eds/bin/gnu/h-i686-mingw32/bin/../lib/gcc/nios2-elf/4.1.2/../../../../nios2-elf/lib\libm.a(lib_a-e_sqrt.o) (__muldf3)
c:/altera/13.0sp1/nios2eds/bin/gnu/h-i686-mingw32/bin/../lib/gcc/nios2-elf/4.1.2\libgcc.a(_div_df.o)
                              obj/default/gui.o (__divdf3)
c:/altera/13.0sp1/nios2eds/bin/gnu/h-i686-mingw32/bin/../lib/gcc/nios2-elf/4.1.2\libgcc.a(_lt_df.o)
                              c:/altera/13.0sp1/nios2eds/bin/gnu/h-i686-mingw32/bin/../lib/gcc/nios2-elf/4.1.2/../../../../nios2-elf/lib\libm.a(lib_a-w_sqrt.o) (__ltdf2)
c:/altera/13.0sp1/nios2eds/bin/gnu/h-i686-mingw32/bin/../lib/gcc/nios2-elf/4.1.2\libgcc.a(_si_to_df.o)
                              obj/default/geometry.o (__floatsidf)
c:/altera/13.0sp1/nios2eds/bin/gnu/h-i686-mingw32/bin/../lib/gcc/nios2-elf/4.1.2\libgcc.a(_df_to_si.o)
                              obj/default/geometry.o (__fixdfsi)
c:/altera/13.0sp1/nios2eds/bin/gnu/h-i686-mingw32/bin/../lib/gcc/nios2-elf/4.1.2\libgcc.a(_thenan_df.o)
                              c:/altera/13.0sp1/nios2eds/bin/gnu/h-i686-mingw32/bin/../lib/gcc/nios2-elf/4.1.2\libgcc.a(_addsub_df.o) (__thenan_df)
c:/altera/13.0sp1/nios2eds/bin/gnu/h-i686-mingw32/bin/../lib/gcc/nios2-elf/4.1.2\libgcc.a(lib2-divmod.o)
                              obj/default/simple_text.o (__divsi3)
c:/altera/13.0sp1/nios2eds/bin/gnu/h-i686-mingw32/bin/../lib/gcc/nios2-elf/4.1.2\libgcc.a(_muldi3.o)
                              c:/altera/13.0sp1/nios2eds/bin/gnu/h-i686-mingw32/bin/../lib/gcc/nios2-elf/4.1.2\libgcc.a(_mul_sf.o) (__muldi3)
c:/altera/13.0sp1/nios2eds/bin/gnu/h-i686-mingw32/bin/../lib/gcc/nios2-elf/4.1.2\libgcc.a(_clzsi2.o)
                              c:/altera/13.0sp1/nios2eds/bin/gnu/h-i686-mingw32/bin/../lib/gcc/nios2-elf/4.1.2\libgcc.a(_si_to_sf.o) (__clzsi2)
c:/altera/13.0sp1/nios2eds/bin/gnu/h-i686-mingw32/bin/../lib/gcc/nios2-elf/4.1.2\libgcc.a(_pack_sf.o)
                              c:/altera/13.0sp1/nios2eds/bin/gnu/h-i686-mingw32/bin/../lib/gcc/nios2-elf/4.1.2\libgcc.a(_mul_sf.o) (__pack_f)
c:/altera/13.0sp1/nios2eds/bin/gnu/h-i686-mingw32/bin/../lib/gcc/nios2-elf/4.1.2\libgcc.a(_unpack_sf.o)
[...]
Memory Configuration

Name             Origin             Length             Attributes
sdram            0x02000000         0x00800000
reset            0x02c00000         0x00000020
cfi_flash        0x02c00020         0x003fffe0
sram_BEFORE_EXCEPTION 0x03080000         0x00000020
sram             0x03080020         0x0007ffe0
epcs_flash_controller 0x03101000         0x00000800
*default*        0x00000000         0xffffffff

Linker script and memory map

LOAD ../integrated_sw_bsp//obj/HAL/src/crt0.o
LOAD obj/default/I2C.o
LOAD obj/default/LCD.o
LOAD obj/default/debug.o
LOAD obj/default/flash.o
LOAD obj/default/geometry.o
LOAD obj/default/gesture.o
LOAD obj/default/gui.o
LOAD obj/default/gui_vpg.o
LOAD obj/default/main.o
LOAD obj/default/multi_touch.o
LOAD obj/default/plotter.o
LOAD obj/default/queue.o
LOAD obj/default/sensor.o
LOAD obj/default/simple_graphics.o
LOAD obj/default/simple_text.o
LOAD obj/default/tahomabold_20.o
LOAD obj/default/tahomabold_32.o
LOAD obj/default/vip_fr.o
LOAD c:/altera/13.0sp1/nios2eds/bin/gnu/h-i686-mingw32/bin/../lib/gcc/nios2-elf/4.1.2/../../../../nios2-elf/lib\libstdc++.a
LOAD c:/altera/13.0sp1/nios2eds/bin/gnu/h-i686-mingw32/bin/../lib/gcc/nios2-elf/4.1.2/../../../../nios2-elf/lib\libm.a
LOAD c:/altera/13.0sp1/nios2eds/bin/gnu/h-i686-mingw32/bin/../lib/gcc/nios2-elf/4.1.2\libgcc.a
START GROUP
LOAD c:/altera/13.0sp1/nios2eds/bin/gnu/h-i686-mingw32/bin/../lib/gcc/nios2-elf/4.1.2/../../../../nios2-elf/lib\libc.a
LOAD c:/altera/13.0sp1/nios2eds/bin/gnu/h-i686-mingw32/bin/../lib/gcc/nios2-elf/4.1.2\libgcc.a
LOAD ../integrated_sw_bsp/\libhal_bsp.a
END GROUP
LOAD c:/altera/13.0sp1/nios2eds/bin/gnu/h-i686-mingw32/bin/../lib/gcc/nios2-elf/4.1.2\libgcc.a
                0x02000000                __alt_mem_sdram = 0x2000000
                0x02c00000                __alt_mem_cfi_flash = 0x2c00000
                0x03080000                __alt_mem_sram = 0x3080000
                0x03101000                __alt_mem_epcs_flash_controller = 0x3101000

.entry          0x02c00000        0x0
 *(.entry)
 .entry         0x02c00000        0x0 ../integrated_sw_bsp//obj/HAL/src/crt0.o
                0x02c00000                __reset

.exceptions     0x03080020      0x198
                0x03080020                PROVIDE (__ram_exceptions_start, ABSOLUTE (.))
                0x03080020                . = ALIGN (0x20)
 *(.irq)
 *(.exceptions.entry.label)
 .exceptions.entry.label
                0x03080020        0x0 ../integrated_sw_bsp/\libhal_bsp.a(alt_irq_entry.o)
                0x03080020                alt_irq_entry
 .exceptions.entry.label
                0x03080020        0x0 ../integrated_sw_bsp/\libhal_bsp.a(alt_exception_entry.o)
                0x03080020                alt_exception
 *(.exceptions.entry.user)
 *(.exceptions.entry)
 .exceptions.entry
                0x03080020       0x54 ../integrated_sw_bsp/\libhal_bsp.a(alt_exception_entry.o)
 *(.exceptions.irqtest.user)
 *(.exceptions.irqtest)
 .exceptions.irqtest
                0x03080074       0x10 ../integrated_sw_bsp/\libhal_bsp.a(alt_irq_entry.o)
 *(.exceptions.irqhandler.user)
 *(.exceptions.irqhandler)
 .exceptions.irqhandler
                0x03080084        0x4 ../integrated_sw_bsp/\libhal_bsp.a(alt_irq_entry.o)
 *(.exceptions.irqreturn.user)
 *(.exceptions.irqreturn)
 .exceptions.irqreturn
                0x03080088        0x4 ../integrated_sw_bsp/\libhal_bsp.a(alt_irq_entry.o)
 *(.exceptions.notirq.label)
 .exceptions.notirq.label
                0x0308008c        0x0 ../integrated_sw_bsp/\libhal_bsp.a(alt_irq_entry.o)
 *(.exceptions.notirq.user)
 *(.exceptions.notirq)
 .exceptions.notirq
                0x0308008c        0x8 ../integrated_sw_bsp/\libhal_bsp.a(alt_exception_entry.o)
 *(.exceptions.soft.user)
 *(.exceptions.soft)
 *(.exceptions.unknown.user)
 *(.exceptions.unknown)
 .exceptions.unknown
                0x03080094        0x4 ../integrated_sw_bsp/\libhal_bsp.a(alt_exception_entry.o)
 *(.exceptions.exit.label)
 .exceptions.exit.label
                0x03080098        0x0 ../integrated_sw_bsp/\libhal_bsp.a(alt_irq_entry.o)
 .exceptions.exit.label
                0x03080098        0x0 ../integrated_sw_bsp/\libhal_bsp.a(alt_exception_entry.o)
 *(.exceptions.exit.user)
 *(.exceptions.exit)
 .exceptions.exit
                0x03080098       0x54 ../integrated_sw_bsp/\libhal_bsp.a(alt_exception_entry.o)
 *(.exceptions)
 .exceptions    0x030800ec       0xcc ../integrated_sw_bsp/\libhal_bsp.a(alt_irq_handler.o)
                0x030800ec                alt_irq_handler
                0x030801b8                PROVIDE (__ram_exceptions_end, ABSOLUTE (.))
                0x03080020                PROVIDE (__flash_exceptions_start, LOADADDR (.exceptions))

.text           0x030801b8    0x1c444
                0x030801b8                PROVIDE (stext, ABSOLUTE (.))
 *(.interp)
 *(.hash)
 *(.dynsym)
 *(.dynstr)
 *(.gnu.version)
 *(.gnu.version_d)
 *(.gnu.version_r)
 *(.rel.init)
 *(.rela.init)
 *(.rel.text .rel.text.* .rel.gnu.linkonce.t.*)
 *(.rela.text .rela.text.* .rela.gnu.linkonce.t.*)
 *(.rel.fini)
 *(.rela.fini)
 *(.rel.rodata .rel.rodata.* .rel.gnu.linkonce.r.*)
 *(.rela.rodata .rela.rodata.* .rela.gnu.linkonce.r.*)
 *(.rel.data .rel.data.* .rel.gnu.linkonce.d.*)
 *(.rela.data .rela.data.* .rela.gnu.linkonce.d.*)
 *(.rel.tdata .rel.tdata.* .rel.gnu.linkonce.td.*)
 *(.rela.tdata .rela.tdata.* .rela.gnu.linkonce.td.*)
 *(.rel.tbss .rel.tbss.* .rel.gnu.linkonce.tb.*)
 *(.rela.tbss .rela.tbss.* .rela.gnu.linkonce.tb.*)
 *(.rel.ctors)
 *(.rela.ctors)
 *(.rel.dtors)
 *(.rela.dtors)
 *(.rel.got)
 *(.rela.got)
 *(.rel.sdata .rel.sdata.* .rel.gnu.linkonce.s.*)
 *(.rela.sdata .rela.sdata.* .rela.gnu.linkonce.s.*)
 *(.rel.sbss .rel.sbss.* .rel.gnu.linkonce.sb.*)
 *(.rela.sbss .rela.sbss.* .rela.gnu.linkonce.sb.*)
 *(.rel.sdata2 .rel.sdata2.* .rel.gnu.linkonce.s2.*)
 *(.rela.sdata2 .rela.sdata2.* .rela.gnu.linkonce.s2.*)
 *(.rel.sbss2 .rel.sbss2.* .rel.gnu.linkonce.sb2.*)
 *(.rela.sbss2 .rela.sbss2.* .rela.gnu.linkonce.sb2.*)
 *(.rel.bss .rel.bss.* .rel.gnu.linkonce.b.*)
 *(.rela.bss .rela.bss.* .rela.gnu.linkonce.b.*)
 *(.rel.plt)
 *(.rela.plt)
 *(.rel.dyn)
 *(.init)
 *(.plt)
 *(.text .stub .text.* .gnu.linkonce.t.*)
 .text          0x030801b8       0x48 ../integrated_sw_bsp//obj/HAL/src/crt0.o
                0x030801b8                _start
 .text          0x03080200     0x1200 obj/default/I2C.o
                0x03080200                my_wait
                0x03080240                I2C_Write
                0x0308033c                I2C_Write16
                0x03080498                I2C_Read
                0x030805c0                I2C_Read16
                0x0308073c                I2C_MultipleRead
                0x030808bc                i2c_start
                0x03080944                i2c_stop
                0x030809bc                i2c_write
                0x03080b28                i2c_read
                0x03080c74                I2CL_Write
                0x03080dd0                I2CL_Read
                0x03080f58                I2CL_MultipleRead
                0x03081138                I2CL_MultipleWrite
                0x030812d8                I2CL_Read16
                0x0308136c                I2CL_Write16
 .text          0x03081400      0x184 obj/default/LCD.o
                0x03081400                LCD_Open
                0x0308145c                LCD_TextOut
                0x030814c0                LCD_Clear
                0x03081548                LCD_Close
 .text          0x03081584      0x194 obj/default/debug.o
                0x03081584                debug_output
                0x030815b4                myprintf
                0x03081614                myprintf_hexarray
                0x03081694                myprintf_dwordarray
 .text          0x03081718      0xf10 obj/default/flash.o
                0x03081718                Flash_InfoDump
                0x0308189c                Flash_Open
                0x0308196c                Flash_Close
                0x030819c4                Flash_GetBlockInfo
                0x03081b00                Flash_Read
                0x03081bb8                Flash_Write
                0x03081e18                Flash_Erase
                0x03081f0c                Flash_GetBlockCount
                0x03081f90                Flash_Size
                0x03082078                FLASH_Verify
 .text          0x03082628      0x3f4 obj/default/geometry.o
                0x03082628                IsPtInRect
                0x030826ac                PtSet
                0x030826ec                RectSet
                0x03082748                RectInflate
                0x030827d0                RectOffset
                0x03082858                RectCopy
                0x030828bc                RectWidth
                0x030828f0                RectHeight
                0x03082924                PtDistance
                0x030829d8                PtCopy
 .text          0x03082a1c        0x0 obj/default/gesture.o
 .text          0x03082a1c     0x1380 obj/default/gui.o
                0x03082a1c                get_max
                0x03082ab8                get_scale_factor
                0x03082b0c                plot
                0x03082cac                sliding_plot
                0x03082cd8                draw_options
                0x030830a0                GUI_CheckButton
                0x030830f4                drawStats
                0x03083210                GUI_DeskDraw
                0x0308350c                IsContinuedPoint
                0x030835c8                GUI_ShowGesture
                0x03083a60                GUI_TraceGesture
                0x03083ab8                GUI
 .text          0x03083d9c      0x820 obj/default/gui_vpg.o
                0x03083d9c                ShowInfo
                0x03083dfc                VPG_XLine
                0x03083eb4                VPG_ColorPanel
                0x03083f50                VPG_Grid
                0x03084044                VPG_VGrid
                0x03084124                VPG_HGrid
                0x03084204                VPG_ColorBar
                0x03084378                GUI_VPG
 .text          0x030845bc       0xf0 obj/default/main.o
                0x030845bc                main
 .text          0x030846ac     0x130c obj/default/multi_touch.o
                0x030849e4                MTC_Init
                0x03084ab4                MTC_UnInit
                0x03084afc                MTC_GetStatus
                0x03084bdc                MTC_ShowEventText
                0x03084fb0                MTC_ClearEvent
                0x03084fe4                MTC_QueryEventText
 .text          0x030859b8        0x0 obj/default/plotter.o
 .text          0x030859b8      0x2a8 obj/default/queue.o
                0x030859b8                QUEUE_New
                0x03085a28                QUEUE_Delete
                0x03085a58                QUEUE_IsEmpty
                0x03085aa0                QUEUE_IsFull
                0x03085b04                QUEUE_Push
                0x03085b9c                QUEUE_Pop
                0x03085c30                QUEUE_Empty
 .text          0x03085c60      0x518 obj/default/sensor.o
                0x03085c60                initSensorVars
                0x03085c88                initializePorts
                0x03085d14                readadc
                0x03085e1c                toggleClock
                0x03085e80                vin
                0x03085ecc                estimateV
                0x03085fb8                iin
                0x03086008                estimateI
 .text          0x03086178     0x2df0 obj/default/simple_graphics.o
                0x03086178                vid_clean_screen
                0x030861d0                vid_draw_line
                0x0308628c                vid_scroll_string_quit
                0x030862c8                vid_scroll_string_init
                0x03086414                vid_scroll_string
                0x030867cc                vid_move_block
                0x030868e8                vid_print_string
                0x030869fc                vid_draw_box
                0x03086b38                vid_print_char
                0x03086c20                vid_set_pixel
                0x03086d94                vid_get_pixel
                0x03086e08                vid_paint_block
                0x0308707c                vid_draw_horiz_line
                0x03087354                vid_merge_colors
                0x030873a0                vid_color_convert24_16
                0x03087440                vid_color_convert16_24
                0x030874a8                vid_copy_line_to_frame_buffer
                0x03087764                vid_draw_sloped_line
                0x030879e0                vid_draw_circle
                0x03087b4c                vid_draw_round_corner_box
                0x03087f18                vid_round_corner_points
                0x030885a0                max3
                0x030885f4                min3
                0x03088648                max_diff3
                0x030886ac                vid_put_pixel_in_span_map
                0x030887b8                vid_bres_scan_edges
                0x03088a18                vid_draw_triangle
                0x03088d60                CopyImage16
                0x03088e3c                CropImage16
 .text          0x03088f68      0xc74 obj/default/simple_text.o
                0x03088f68                vid_print_string_alpha
                0x030891e0                seperate_color_channels
                0x03089334                merge_color_channels
                0x0308948c                read_from_frame
                0x030896a8                alpha_blending
                0x0308993c                vid_print_char_alpha
                0x03089ae8                vid_string_pixel_length_alpha
 .text          0x03089bdc        0x0 obj/default/tahomabold_20.o
 .text          0x03089bdc        0x0 obj/default/tahomabold_32.o
 .text          0x03089bdc      0x5e8 obj/default/vip_fr.o
                0x03089bdc                VIPFR_Init
                0x03089ca8                VIPFR_UnInit
                0x03089ce4                VIPFR_SetFrameSize
                0x03089df4                VIPFR_Go
                0x03089e34                VIPFR_GetDrawFrame
                0x03089e88                VIPFR_ActiveDrawFrame
                0x03089f30                DRAW_EraseScreen
                0x03089f94                FrameReader_SetFrame0
                0x0308a020                FrameReader_SetFrame1
                0x0308a0ac                FrameReader_SelectFrame
                0x0308a0e0                FrameReader_Go
                0x0308a118                VIPFR_ReserveBackground
 .text          0x0308a1c4      0x130 c:/altera/13.0sp1/nios2eds/bin/gnu/h-i686-mingw32/bin/../lib/gcc/nios2-elf/4.1.2/../../../../nios2-elf/lib\libm.a(lib_a-w_sqrt.o)
                0x0308a1c4                sqrt
 .text          0x0308a2f4      0x2c8 c:/altera/13.0sp1/nios2eds/bin/gnu/h-i686-mingw32/bin/../lib/gcc/nios2-elf/4.1.2/../../../../nios2-elf/lib\libm.a(lib_a-e_sqrt.o)
                0x0308a2f4                __ieee754_sqrt
 .text          0x0308a5bc       0x30 c:/altera/13.0sp1/nios2eds/bin/gnu/h-i686-mingw32/bin/../lib/gcc/nios2-elf/4.1.2/../../../../nios2-elf/lib\libm.a(lib_a-s_isnand.o)
                0x0308a5bc                __isnand
 .text          0x0308a5ec        0x0 c:/altera/13.0sp1/nios2eds/bin/gnu/h-i686-mingw32/bin/../lib/gcc/nios2-elf/4.1.2/../../../../nios2-elf/lib\libm.a(lib_a-s_lib_ver.o)
 .text          0x0308a5ec        0x8 c:/altera/13.0sp1/nios2eds/bin/gnu/h-i686-mingw32/bin/../lib/gcc/nios2-elf/4.1.2/../../../../nios2-elf/lib\libm.a(lib_a-s_matherr.o)
                0x0308a5ec                matherr
 .text          0x0308a5f4      0x1e0 c:/altera/13.0sp1/nios2eds/bin/gnu/h-i686-mingw32/bin/../lib/gcc/nios2-elf/4.1.2\libgcc.a(_mul_sf.o)
                0x0308a5f4                __mulsf3
 .text          0x0308a7d4      0x174 c:/altera/13.0sp1/nios2eds/bin/gnu/h-i686-mingw32/bin/../lib/gcc/nios2-elf/4.1.2\libgcc.a(_div_sf.o)
                0x0308a7d4                __divsf3
 .text          0x0308a948       0x98 c:/altera/13.0sp1/nios2eds/bin/gnu/h-i686-mingw32/bin/../lib/gcc/nios2-elf/4.1.2\libgcc.a(_si_to_sf.o)
                0x0308a948                __floatsisf
 .text          0x0308a9e0       0x94 c:/altera/13.0sp1/nios2eds/bin/gnu/h-i686-mingw32/bin/../lib/gcc/nios2-elf/4.1.2\libgcc.a(_sf_to_si.o)
                0x0308a9e0                __fixsfsi
 .text          0x0308aa74        0x0 c:/altera/13.0sp1/nios2eds/bin/gnu/h-i686-mingw32/bin/../lib/gcc/nios2-elf/4.1.2\libgcc.a(_thenan_sf.o)
 .text          0x0308aa74      0x504 c:/altera/13.0sp1/nios2eds/bin/gnu/h-i686-mingw32/bin/../lib/gcc/nios2-elf/4.1.2\libgcc.a(_addsub_df.o)
                0x0308ae84                __subdf3
                0x0308af04                __adddf3
 .text          0x0308af78      0x3c4 c:/altera/13.0sp1/nios2eds/bin/gnu/h-i686-mingw32/bin/../lib/gcc/nios2-elf/4.1.2\libgcc.a(_mul_df.o)
                0x0308af78                __muldf3
 .text          0x0308b33c      0x258 c:/altera/13.0sp1/nios2eds/bin/gnu/h-i686-mingw32/bin/../lib/gcc/nios2-elf/4.1.2\libgcc.a(_div_df.o)
                0x0308b33c                __divdf3
 .text          0x0308b594       0x88 c:/altera/13.0sp1/nios2eds/bin/gnu/h-i686-mingw32/bin/../lib/gcc/nios2-elf/4.1.2\libgcc.a(_lt_df.o)
                0x0308b594                __ltdf2
 .text          0x0308b61c       0xf8 c:/altera/13.0sp1/nios2eds/bin/gnu/h-i686-mingw32/bin/../lib/gcc/nios2-elf/4.1.2\libgcc.a(_si_to_df.o)
                0x0308b61c                __floatsidf
 .text          0x0308b714       0xd8 c:/altera/13.0sp1/nios2eds/bin/gnu/h-i686-mingw32/bin/../lib/gcc/nios2-elf/4.1.2\libgcc.a(_df_to_si.o)
                0x0308b714                __fixdfsi
 .text          0x0308b7ec        0x0 c:/altera/13.0sp1/nios2eds/bin/gnu/h-i686-mingw32/bin/../lib/gcc/nios2-elf/4.1.2\libgcc.a(_thenan_df.o)
 .text          0x0308b7ec      0x14c c:/altera/13.0sp1/nios2eds/bin/gnu/h-i686-mingw32/bin/../lib/gcc/nios2-elf/4.1.2\libgcc.a(lib2-divmod.o)
                0x0308b868                __divsi3
                0x0308b8c8                __modsi3
                0x0308b928                __udivsi3
                0x0308b930                __umodsi3
 .text          0x0308b938       0x98 c:/altera/13.0sp1/nios2eds/bin/gnu/h-i686-mingw32/bin/../lib/gcc/nios2-elf/4.1.2\libgcc.a(_muldi3.o)
                0x0308b938                __muldi3
 .text          0x0308b9d0       0x80 c:/altera/13.0sp1/nios2eds/bin/gnu/h-i686-mingw32/bin/../lib/gcc/nios2-elf/4.1.2\libgcc.a(_clzsi2.o)
                0x0308b9d0                __clzsi2
 .text          0x0308ba50      0x160 c:/altera/13.0sp1/nios2eds/bin/gnu/h-i686-mingw32/bin/../lib/gcc/nios2-elf/4.1.2\libgcc.a(_pack_sf.o)
                0x0308ba50                __pack_f
 .text          0x0308bbb0       0xc8 c:/altera/13.0sp1/nios2eds/bin/gnu/h-i686-mingw32/bin/../lib/gcc/nios2-elf/4.1.2\libgcc.a(_unpack_sf.o)
                0x0308bbb0                __unpack_f
 .text          0x0308bc78      0x314 c:/altera/13.0sp1/nios2eds/bin/gnu/h-i686-mingw32/bin/../lib/gcc/nios2-elf/4.1.2\libgcc.a(_pack_df.o)
                0x0308bc78                __pack_d
 .text          0x0308bf8c      0x138 c:/altera/13.0sp1/nios2eds/bin/gnu/h-i686-mingw32/bin/../lib/gcc/nios2-elf/4.1.2\libgcc.a(_unpack_df.o)
                0x0308bf8c                __unpack_d
 .text          0x0308c0c4       0xc8 c:/altera/13.0sp1/nios2eds/bin/gnu/h-i686-mingw32/bin/../lib/gcc/nios2-elf/4.1.2\libgcc.a(_fpcmp_parts_df.o)
                0x0308c0c4                __fpcmp_parts_d
 .text          0x0308c18c        0x0 c:/altera/13.0sp1/nios2eds/bin/gnu/h-i686-mingw32/bin/../lib/gcc/nios2-elf/4.1.2\libgcc.a(_clz.o)
 .text          0x0308c18c       0x10 c:/altera/13.0sp1/nios2eds/bin/gnu/h-i686-mingw32/bin/../lib/gcc/nios2-elf/4.1.2/../../../../nios2-elf/lib\libc.a(lib_a-errno.o)
                0x0308c18c                __errno
 .text          0x0308c19c      0x124 c:/altera/13.0sp1/nios2eds/bin/gnu/h-i686-mingw32/bin/../lib/gcc/nios2-elf/4.1.2/../../../../nios2-elf/lib\libc.a(lib_a-fclose.o)
                0x0308c19c                _fclose_r
                0x0308c2ac                fclose
 .text          0x0308c2c0      0x230 c:/altera/13.0sp1/nios2eds/bin/gnu/h-i686-mingw32/bin/../lib/gcc/nios2-elf/4.1.2/../../../../nios2-elf/lib\libc.a(lib_a-fflush.o)
                0x0308c2c0                _fflush_r
                0x0308c4bc                fflush
 .text          0x0308c4f0      0x2c0 c:/altera/13.0sp1/nios2eds/bin/gnu/h-i686-mingw32/bin/../lib/gcc/nios2-elf/4.1.2/../../../../nios2-elf/lib\libc.a(lib_a-findfp.o)
                0x0308c548                __sfp_lock_acquire
                0x0308c54c                __sfp_lock_release
                0x0308c550                __sinit_lock_acquire
                0x0308c554                __sinit_lock_release
                0x0308c558                __sinit
                0x0308c60c                __fp_unlock_all
                0x0308c624                __fp_lock_all
                0x0308c63c                _cleanup_r
                0x0308c648                _cleanup
                0x0308c658                __sfmoreglue
                0x0308c6c0                __sfp
 .text          0x0308c7b0      0x110 c:/altera/13.0sp1/nios2eds/bin/gnu/h-i686-mingw32/bin/../lib/gcc/nios2-elf/4.1.2/../../../../nios2-elf/lib\libc.a(lib_a-fopen.o)
                0x0308c7b0                _fopen_r
                0x0308c8a4                fopen
 .text          0x0308c8c0      0x440 c:/altera/13.0sp1/nios2eds/bin/gnu/h-i686-mingw32/bin/../lib/gcc/nios2-elf/4.1.2/../../../../nios2-elf/lib\libc.a(lib_a-freer.o)
                0x0308c8c0                _malloc_trim_r
                0x0308c9ec                _free_r
 .text          0x0308cd00      0x460 c:/altera/13.0sp1/nios2eds/bin/gnu/h-i686-mingw32/bin/../lib/gcc/nios2-elf/4.1.2/../../../../nios2-elf/lib\libc.a(lib_a-fseek.o)
                0x0308cd00                _fseek_r
                0x0308d13c                fseek
 .text          0x0308d160       0x74 c:/altera/13.0sp1/nios2eds/bin/gnu/h-i686-mingw32/bin/../lib/gcc/nios2-elf/4.1.2/../../../../nios2-elf/lib\libc.a(lib_a-fstatr.o)
                0x0308d160                _fstat_r
 .text          0x0308d1d4      0x180 c:/altera/13.0sp1/nios2eds/bin/gnu/h-i686-mingw32/bin/../lib/gcc/nios2-elf/4.1.2/../../../../nios2-elf/lib\libc.a(lib_a-fwalk.o)
                0x0308d1d4                _fwalk_reent
                0x0308d29c                _fwalk
 .text          0x0308d354       0xdc c:/altera/13.0sp1/nios2eds/bin/gnu/h-i686-mingw32/bin/../lib/gcc/nios2-elf/4.1.2/../../../../nios2-elf/lib\libc.a(lib_a-fwrite.o)
                0x0308d354                _fwrite_r
                0x0308d3f0                fwrite
 .text          0x0308d430        0x0 c:/altera/13.0sp1/nios2eds/bin/gnu/h-i686-mingw32/bin/../lib/gcc/nios2-elf/4.1.2/../../../../nios2-elf/lib\libc.a(lib_a-impure.o)
 .text          0x0308d430        0x0 c:/altera/13.0sp1/nios2eds/bin/gnu/h-i686-mingw32/bin/../lib/gcc/nios2-elf/4.1.2/../../../../nios2-elf/lib\libc.a(lib_a-int_errno.o)
 .text          0x0308d430      0x194 c:/altera/13.0sp1/nios2eds/bin/gnu/h-i686-mingw32/bin/../lib/gcc/nios2-elf/4.1.2/../../../../nios2-elf/lib\libc.a(lib_a-makebuf.o)
                0x0308d430                __smakebuf_r
 .text          0x0308d5c4       0x28 c:/altera/13.0sp1/nios2eds/bin/gnu/h-i686-mingw32/bin/../lib/gcc/nios2-elf/4.1.2/../../../../nios2-elf/lib\libc.a(lib_a-malloc.o)
                0x0308d5c4                free
                0x0308d5d8                malloc
 .text          0x0308d5ec      0x740 c:/altera/13.0sp1/nios2eds/bin/gnu/h-i686-mingw32/bin/../lib/gcc/nios2-elf/4.1.2/../../../../nios2-elf/lib\libc.a(lib_a-mallocr.o)
                0x0308d5ec                _malloc_r
 .text          0x0308dd2c       0xa0 c:/altera/13.0sp1/nios2eds/bin/gnu/h-i686-mingw32/bin/../lib/gcc/nios2-elf/4.1.2/../../../../nios2-elf/lib\libc.a(lib_a-memcpy.o)
                0x0308dd2c                memcpy
 .text          0x0308ddcc       0x98 c:/altera/13.0sp1/nios2eds/bin/gnu/h-i686-mingw32/bin/../lib/gcc/nios2-elf/4.1.2/../../../../nios2-elf/lib\libc.a(lib_a-memset.o)
                0x0308ddcc                memset
 .text          0x0308de64       0x78 c:/altera/13.0sp1/nios2eds/bin/gnu/h-i686-mingw32/bin/../lib/gcc/nios2-elf/4.1.2/../../../../nios2-elf/lib\libc.a(lib_a-openr.o)
                0x0308de64                _open_r
 .text          0x0308dedc       0x78 c:/altera/13.0sp1/nios2eds/bin/gnu/h-i686-mingw32/bin/../lib/gcc/nios2-elf/4.1.2/../../../../nios2-elf/lib\libc.a(lib_a-printf.o)
                0x0308dedc                printf
                0x0308df20                _printf_r
 .text          0x0308df54       0x24 c:/altera/13.0sp1/nios2eds/bin/gnu/h-i686-mingw32/bin/../lib/gcc/nios2-elf/4.1.2/../../../../nios2-elf/lib\libc.a(lib_a-putchar.o)
                0x0308df54                putchar
                0x0308df70                _putchar_r
 .text          0x0308df78       0xb4 c:/altera/13.0sp1/nios2eds/bin/gnu/h-i686-mingw32/bin/../lib/gcc/nios2-elf/4.1.2/../../../../nios2-elf/lib\libc.a(lib_a-puts.o)
                0x0308df78                _puts_r
                0x0308e018                puts
 .text          0x0308e02c      0x1e0 c:/altera/13.0sp1/nios2eds/bin/gnu/h-i686-mingw32/bin/../lib/gcc/nios2-elf/4.1.2/../../../../nios2-elf/lib\libc.a(lib_a-refill.o)
                0x0308e02c                __srefill_r
 .text          0x0308e20c       0x70 c:/altera/13.0sp1/nios2eds/bin/gnu/h-i686-mingw32/bin/../lib/gcc/nios2-elf/4.1.2/../../../../nios2-elf/lib\libc.a(lib_a-sbrkr.o)
                0x0308e20c                _sbrk_r
 .text          0x0308e27c       0xd4 c:/altera/13.0sp1/nios2eds/bin/gnu/h-i686-mingw32/bin/../lib/gcc/nios2-elf/4.1.2/../../../../nios2-elf/lib\libc.a(lib_a-sprintf.o)
                0x0308e27c                sprintf
                0x0308e2f0                _sprintf_r
 .text          0x0308e350      0x14c c:/altera/13.0sp1/nios2eds/bin/gnu/h-i686-mingw32/bin/../lib/gcc/nios2-elf/4.1.2/../../../../nios2-elf/lib\libc.a(lib_a-stdio.o)
                0x0308e350                __sclose
                0x0308e358                __sseek
                0x0308e3c0                __swrite
                0x0308e43c                __sread
 .text          0x0308e49c       0x8c c:/altera/13.0sp1/nios2eds/bin/gnu/h-i686-mingw32/bin/../lib/gcc/nios2-elf/4.1.2/../../../../nios2-elf/lib\libc.a(lib_a-strcpy.o)
                0x0308e49c                strcpy
 .text          0x0308e528       0x74 c:/altera/13.0sp1/nios2eds/bin/gnu/h-i686-mingw32/bin/../lib/gcc/nios2-elf/4.1.2/../../../../nios2-elf/lib\libc.a(lib_a-strlen.o)
                0x0308e528                strlen
 .text          0x0308e59c     0x1f28 c:/altera/13.0sp1/nios2eds/bin/gnu/h-i686-mingw32/bin/../lib/gcc/nios2-elf/4.1.2/../../../../nios2-elf/lib\libc.a(lib_a-vfprintf.o)
                0x0308e5f4                ___vfprintf_internal_r
                0x030904a0                __vfprintf_internal
 .text          0x030904c4       0xf4 c:/altera/13.0sp1/nios2eds/bin/gnu/h-i686-mingw32/bin/../lib/gcc/nios2-elf/4.1.2/../../../../nios2-elf/lib\libc.a(lib_a-vsnprintf.o)
                0x030904c4                _vsnprintf_r
                0x03090578                vsnprintf
 .text          0x030905b8       0x78 c:/altera/13.0sp1/nios2eds/bin/gnu/h-i686-mingw32/bin/../lib/gcc/nios2-elf/4.1.2/../../../../nios2-elf/lib\libc.a(lib_a-writer.o)
                0x030905b8                _write_r
 .text          0x03090630      0x13c c:/altera/13.0sp1/nios2eds/bin/gnu/h-i686-mingw32/bin/../lib/gcc/nios2-elf/4.1.2/../../../../nios2-elf/lib\libc.a(lib_a-wsetup.o)
                0x03090630                __swsetup_r
 .text          0x0309076c       0x70 c:/altera/13.0sp1/nios2eds/bin/gnu/h-i686-mingw32/bin/../lib/gcc/nios2-elf/4.1.2/../../../../nios2-elf/lib\libc.a(lib_a-closer.o)
                0x0309076c                _close_r
 .text          0x030907dc     0x17cc c:/altera/13.0sp1/nios2eds/bin/gnu/h-i686-mingw32/bin/../lib/gcc/nios2-elf/4.1.2/../../../../nios2-elf/lib\libc.a(lib_a-dtoa.o)
                0x030909f4                _dtoa_r
 .text          0x03091fa8       0xa0 c:/altera/13.0sp1/nios2eds/bin/gnu/h-i686-mingw32/bin/../lib/gcc/nios2-elf/4.1.2/../../../../nios2-elf/lib\libc.a(lib_a-flags.o)
                0x03091fa8                __sflags
 .text          0x03092048      0x49c c:/altera/13.0sp1/nios2eds/bin/gnu/h-i686-mingw32/bin/../lib/gcc/nios2-elf/4.1.2/../../../../nios2-elf/lib\libc.a(lib_a-fvwrite.o)
                0x03092048                __sfvwrite_r
 .text          0x030924e4       0x70 c:/altera/13.0sp1/nios2eds/bin/gnu/h-i686-mingw32/bin/../lib/gcc/nios2-elf/4.1.2/../../../../nios2-elf/lib\libc.a(lib_a-isattyr.o)
                0x030924e4                _isatty_r
 .text          0x03092554       0xc4 c:/altera/13.0sp1/nios2eds/bin/gnu/h-i686-mingw32/bin/../lib/gcc/nios2-elf/4.1.2/../../../../nios2-elf/lib\libc.a(lib_a-locale.o)
                0x03092554                __locale_charset
                0x0309255c                _localeconv_r
                0x03092568                localeconv
                0x03092578                _setlocale_r
                0x030925fc                setlocale
 .text          0x03092618       0x78 c:/altera/13.0sp1/nios2eds/bin/gnu/h-i686-mingw32/bin/../lib/gcc/nios2-elf/4.1.2/../../../../nios2-elf/lib\libc.a(lib_a-lseekr.o)
                0x03092618                _lseek_r
 .text          0x03092690       0xe4 c:/altera/13.0sp1/nios2eds/bin/gnu/h-i686-mingw32/bin/../lib/gcc/nios2-elf/4.1.2/../../../../nios2-elf/lib\libc.a(lib_a-memchr.o)
                0x03092690                memchr
 .text          0x03092774       0xe0 c:/altera/13.0sp1/nios2eds/bin/gnu/h-i686-mingw32/bin/../lib/gcc/nios2-elf/4.1.2/../../../../nios2-elf/lib\libc.a(lib_a-memmove.o)
                0x03092774                memmove
 .text          0x03092854      0xff4 c:/altera/13.0sp1/nios2eds/bin/gnu/h-i686-mingw32/bin/../lib/gcc/nios2-elf/4.1.2/../../../../nios2-elf/lib\libc.a(lib_a-mprec.o)
                0x03092854                _Bfree
                0x0309287c                __hi0bits
                0x030928ec                __lo0bits
                0x030929b0                __mcmp
                0x03092a10                __ulp
                0x03092a90                __b2d
                0x03092bb0                __ratio
                0x03092c60                _mprec_log10
                0x03092cf4                __copybits
                0x03092d4c                __any_on
                0x03092dd4                _Balloc
                0x03092e90                __d2b
                0x0309300c                __mdiff
                0x03093198                __lshift
                0x030932e4                __multiply
                0x030934cc                __i2b
                0x03093508                __multadd
                0x03093608                __pow5mult
                0x03093728                __s2b
 .text          0x03093848      0x1ec c:/altera/13.0sp1/nios2eds/bin/gnu/h-i686-mingw32/bin/../lib/gcc/nios2-elf/4.1.2/../../../../nios2-elf/lib\libc.a(lib_a-putc.o)
                0x03093848                putc
                0x0309394c                _putc_r
 .text          0x03093a34       0x78 c:/altera/13.0sp1/nios2eds/bin/gnu/h-i686-mingw32/bin/../lib/gcc/nios2-elf/4.1.2/../../../../nios2-elf/lib\libc.a(lib_a-readr.o)
                0x03093a34                _read_r
 .text          0x03093aac      0x5f4 c:/altera/13.0sp1/nios2eds/bin/gnu/h-i686-mingw32/bin/../lib/gcc/nios2-elf/4.1.2/../../../../nios2-elf/lib\libc.a(lib_a-reallocr.o)
                0x03093aac                _realloc_r
 .text          0x030940a0       0x40 c:/altera/13.0sp1/nios2eds/bin/gnu/h-i686-mingw32/bin/../lib/gcc/nios2-elf/4.1.2/../../../../nios2-elf/lib\libc.a(lib_a-s_isinfd.o)
                0x030940a0                __isinfd
 .text          0x030940e0       0xbc c:/altera/13.0sp1/nios2eds/bin/gnu/h-i686-mingw32/bin/../lib/gcc/nios2-elf/4.1.2/../../../../nios2-elf/lib\libc.a(lib_a-strcmp.o)
                0x030940e0                strcmp
 .text          0x0309419c      0x14c c:/altera/13.0sp1/nios2eds/bin/gnu/h-i686-mingw32/bin/../lib/gcc/nios2-elf/4.1.2/../../../../nios2-elf/lib\libc.a(lib_a-wbuf.o)
                0x0309419c                __swbuf_r
                0x030942cc                __swbuf
 .text          0x030942e8       0xb4 c:/altera/13.0sp1/nios2eds/bin/gnu/h-i686-mingw32/bin/../lib/gcc/nios2-elf/4.1.2/../../../../nios2-elf/lib\libc.a(lib_a-callocr.o)
                0x030942e8                _calloc_r
 .text          0x0309439c      0x5dc c:/altera/13.0sp1/nios2eds/bin/gnu/h-i686-mingw32/bin/../lib/gcc/nios2-elf/4.1.2\libgcc.a(_udivdi3.o)
                0x0309439c                __udivdi3
 .text          0x03094978      0x5b0 c:/altera/13.0sp1/nios2eds/bin/gnu/h-i686-mingw32/bin/../lib/gcc/nios2-elf/4.1.2\libgcc.a(_umoddi3.o)
                0x03094978                __umoddi3
 .text          0x03094f28       0x88 c:/altera/13.0sp1/nios2eds/bin/gnu/h-i686-mingw32/bin/../lib/gcc/nios2-elf/4.1.2\libgcc.a(_eq_df.o)
                0x03094f28                __eqdf2
 .text          0x03094fb0       0x88 c:/altera/13.0sp1/nios2eds/bin/gnu/h-i686-mingw32/bin/../lib/gcc/nios2-elf/4.1.2\libgcc.a(_ne_df.o)
                0x03094fb0                __nedf2
 .text          0x03095038       0x88 c:/altera/13.0sp1/nios2eds/bin/gnu/h-i686-mingw32/bin/../lib/gcc/nios2-elf/4.1.2\libgcc.a(_gt_df.o)
                0x03095038                __gtdf2
 .text          0x030950c0       0x88 c:/altera/13.0sp1/nios2eds/bin/gnu/h-i686-mingw32/bin/../lib/gcc/nios2-elf/4.1.2\libgcc.a(_ge_df.o)
                0x030950c0                __gedf2
 .text          0x03095148      0x194 c:/altera/13.0sp1/nios2eds/bin/gnu/h-i686-mingw32/bin/../lib/gcc/nios2-elf/4.1.2\libgcc.a(_usi_to_df.o)
                0x03095148                __floatunsidf
 .text          0x030952dc      0x15c ../integrated_sw_bsp/\libhal_bsp.a(alt_close.o)
                0x030952dc                close
 .text          0x03095438       0x78 ../integrated_sw_bsp/\libhal_bsp.a(alt_dcache_flush.o)
                0x03095438                alt_dcache_flush
 .text          0x030954b0       0x44 ../integrated_sw_bsp/\libhal_bsp.a(alt_dcache_flush_all.o)
                0x030954b0                alt_dcache_flush_all
 .text          0x030954f4       0x2c ../integrated_sw_bsp/\libhal_bsp.a(alt_dev.o)
 .text          0x03095520        0x0 ../integrated_sw_bsp/\libhal_bsp.a(alt_errno.o)
 .text          0x03095520       0xd0 ../integrated_sw_bsp/\libhal_bsp.a(alt_flash_dev.o)
                0x03095520                alt_flash_open_dev
                0x0309559c                alt_flash_close_dev
 .text          0x030955f0      0x134 ../integrated_sw_bsp/\libhal_bsp.a(alt_fstat.o)
                0x030955f0                fstat
 .text          0x03095724      0x1c0 ../integrated_sw_bsp/\libhal_bsp.a(alt_irq_register.o)
                0x03095724                alt_irq_register
 .text          0x030958e4        0x0 ../integrated_sw_bsp/\libhal_bsp.a(alt_irq_vars.o)
 .text          0x030958e4      0x120 ../integrated_sw_bsp/\libhal_bsp.a(alt_isatty.o)
                0x030958e4                isatty
 .text          0x03095a04      0x150 ../integrated_sw_bsp/\libhal_bsp.a(alt_lseek.o)
                0x03095a04                lseek
 .text          0x03095b54       0x6c ../integrated_sw_bsp/\libhal_bsp.a(alt_main.o)
                0x03095b54                alt_main
 .text          0x03095bc0       0x40 ../integrated_sw_bsp/\libhal_bsp.a(alt_malloc_lock.o)
                0x03095bc0                __malloc_lock
                0x03095be0                __malloc_unlock
 .text          0x03095c00      0x2c4 ../integrated_sw_bsp/\libhal_bsp.a(alt_open.o)
                0x03095cdc                open
 .text          0x03095ec4      0x180 ../integrated_sw_bsp/\libhal_bsp.a(alt_read.o)
                0x03095ec4                read
 .text          0x03096044       0x60 ../integrated_sw_bsp/\libhal_bsp.a(alt_release_fd.o)
                0x03096044                alt_release_fd
 .text          0x030960a4       0xbc ../integrated_sw_bsp/\libhal_bsp.a(alt_sbrk.o)
                0x030960a4                sbrk
 .text          0x03096160      0x1a4 ../integrated_sw_bsp/\libhal_bsp.a(alt_tick.o)
                0x03096160                alt_alarm_stop
                0x030961f8                alt_tick
 .text          0x03096304       0x30 ../integrated_sw_bsp/\libhal_bsp.a(alt_usleep.o)
                0x03096304                usleep
 .text          0x03096334      0x180 ../integrated_sw_bsp/\libhal_bsp.a(alt_write.o)
                0x03096334                write
 .text          0x030964b4       0xf4 ../integrated_sw_bsp/\libhal_bsp.a(alt_sys_init.o)
                0x030964b4                alt_irq_init
                0x030964e8                alt_sys_init
 .text          0x030965a8      0x8c8 ../integrated_sw_bsp/\libhal_bsp.a(altera_avalon_cfi_flash.o)
                0x030965a8                alt_flash_cfi_init
                0x0309667c                alt_flash_cfi_write
                0x0309693c                alt_flash_cfi_get_info
                0x030969cc                alt_flash_cfi_read
                0x03096a34                alt_write_value_to_flash
                0x03096b98                alt_flash_program_block
 .text          0x03096e70     0x14a8 ../integrated_sw_bsp/\libhal_bsp.a(altera_avalon_cfi_flash_table.o)
                0x03096e70                alt_read_query_entry_8bit
                0x03096eb0                alt_read_query_entry_16bit
                0x03096ef4                alt_read_query_entry_32bit
                0x03096f3c                alt_write_flash_command_8bit_device_8bit_mode
                0x03096f78                alt_write_flash_command_16bit_device_8bit_mode
                0x03096ff4                alt_write_flash_command_32bit_device_8bit_mode
                0x0309703c                alt_write_flash_command_16bit_device_16bit_mode
                0x03097080                alt_write_flash_command_32bit_device_16bit_mode
                0x030970c8                alt_write_flash_command_32bit_device_32bit_mode
                0x03097110                alt_write_native_8bit
                0x03097144                alt_write_native_16bit
                0x03097178                alt_write_native_32bit
                0x030971a8                alt_set_flash_width_func
                0x03097388                alt_set_flash_algorithm_func
                0x030974b0                alt_read_cfi_table
                0x03097a90                alt_read_cfi_width
                0x0309823c                alt_check_primary_table
 .text          0x03098318      0x9e4 ../integrated_sw_bsp/\libhal_bsp.a(altera_avalon_epcs_flash_controller.o)
                0x03098318                alt_epcs_flash_init
                0x03098734                alt_epcs_flash_write
                0x030989b4                alt_epcs_flash_get_info
                0x03098a44                alt_epcs_flash_erase_block
                0x03098b48                alt_epcs_flash_write_block
                0x03098c64                alt_epcs_flash_read
 .text          0x03098cfc      0x148 ../integrated_sw_bsp/\libhal_bsp.a(altera_avalon_jtag_uart_fd.o)
                0x03098cfc                altera_avalon_jtag_uart_read_fd
                0x03098d54                altera_avalon_jtag_uart_write_fd
                0x03098dac                altera_avalon_jtag_uart_close_fd
                0x03098df4                altera_avalon_jtag_uart_ioctl_fd
 .text          0x03098e44      0x408 ../integrated_sw_bsp/\libhal_bsp.a(altera_avalon_jtag_uart_init.o)
                0x03098e44                altera_avalon_jtag_uart_init
                0x030991d8                altera_avalon_jtag_uart_close
 .text          0x0309924c       0xf4 ../integrated_sw_bsp/\libhal_bsp.a(altera_avalon_jtag_uart_ioctl.o)
                0x0309924c                altera_avalon_jtag_uart_ioctl
 .text          0x03099340      0x224 ../integrated_sw_bsp/\libhal_bsp.a(altera_avalon_jtag_uart_read.o)
                0x03099340                altera_avalon_jtag_uart_read
 .text          0x03099564      0x240 ../integrated_sw_bsp/\libhal_bsp.a(altera_avalon_jtag_uart_write.o)
                0x03099564                altera_avalon_jtag_uart_write
 .text          0x030997a4      0xee8 ../integrated_sw_bsp/\libhal_bsp.a(altera_avalon_lcd_16207.o)
                0x03099f78                altera_avalon_lcd_16207_write
                0x0309a550                altera_avalon_lcd_16207_init
 .text          0x0309a68c       0x58 ../integrated_sw_bsp/\libhal_bsp.a(altera_avalon_lcd_16207_fd.o)
                0x0309a68c                altera_avalon_lcd_16207_write_fd
 .text          0x0309a6e4       0xfc ../integrated_sw_bsp/\libhal_bsp.a(altera_avalon_timer_sc.o)
                0x0309a758                alt_avalon_timer_sc_init
 .text          0x0309a7e0      0x6d4 ../integrated_sw_bsp/\libhal_bsp.a(epcs_commands.o)
                0x0309a7e0                epcs_read_status_register
                0x0309a840                epcs_sector_erase
                0x0309a9a8                epcs_read_buffer
                0x0309aaf4                epcs_write_enable
                0x0309ab44                epcs_write_status_register
                0x0309aba8                epcs_write_buffer
                0x0309ad18                epcs_read_electronic_signature
                0x0309ad84                epcs_read_device_id
                0x0309ae04                epcs_enter_4_bytes_mode
                0x0309ae5c                epcs_exit_4_bytes_mode
 .text          0x0309aeb4      0x154 ../integrated_sw_bsp/\libhal_bsp.a(alt_alarm_start.o)
                0x0309aeb4                alt_alarm_start
 .text          0x0309b008      0x14c ../integrated_sw_bsp/\libhal_bsp.a(alt_busy_sleep.o)
                0x0309b008                alt_busy_sleep
 .text          0x0309b154      0x114 ../integrated_sw_bsp/\libhal_bsp.a(alt_dev_llist_insert.o)
                0x0309b154                alt_dev_llist_insert
 .text          0x0309b268       0x64 ../integrated_sw_bsp/\libhal_bsp.a(alt_do_ctors.o)
                0x0309b268                _do_ctors
 .text          0x0309b2cc       0x64 ../integrated_sw_bsp/\libhal_bsp.a(alt_do_dtors.o)
                0x0309b2cc                _do_dtors
 .text          0x0309b330       0x94 ../integrated_sw_bsp/\libhal_bsp.a(alt_find_dev.o)
                0x0309b330                alt_find_dev
 .text          0x0309b3c4      0x120 ../integrated_sw_bsp/\libhal_bsp.a(alt_find_file.o)
                0x0309b3c4                alt_find_file
 .text          0x0309b4e4       0xb8 ../integrated_sw_bsp/\libhal_bsp.a(alt_get_fd.o)
                0x0309b4e4                alt_get_fd
 .text          0x0309b59c      0x13c ../integrated_sw_bsp/\libhal_bsp.a(alt_io_redirect.o)
                0x0309b660                alt_io_redirect
 .text          0x0309b6d8        0x0 ../integrated_sw_bsp/\libhal_bsp.a(alt_irq_entry.o)
 .text          0x0309b6d8        0x0 ../integrated_sw_bsp/\libhal_bsp.a(alt_irq_handler.o)
 .text          0x0309b6d8       0x20 ../integrated_sw_bsp/\libhal_bsp.a(altera_nios2_qsys_irq.o)
                0x0309b6d8                altera_nios2_qsys_irq_init
 .text          0x0309b6f8      0x460 ../integrated_sw_bsp/\libhal_bsp.a(altera_avalon_cfi_flash_amd.o)
                0x0309b6f8                alt_program_amd
                0x0309b760                alt_erase_block_amd
 .text          0x0309bb58      0x460 ../integrated_sw_bsp/\libhal_bsp.a(altera_avalon_cfi_flash_intel.o)
                0x0309bb58                alt_program_intel
                0x0309bbdc                alt_erase_block_intel
 .text          0x0309bfb8      0x238 ../integrated_sw_bsp/\libhal_bsp.a(altera_avalon_spi.o)
                0x0309bfb8                alt_avalon_spi_command
 .text          0x0309c1f0        0x0 ../integrated_sw_bsp/\libhal_bsp.a(alt_exception_entry.o)
 .text          0x0309c1f0       0x14 c:/altera/13.0sp1/nios2eds/bin/gnu/h-i686-mingw32/bin/../lib/gcc/nios2-elf/4.1.2/../../../../nios2-elf/lib\libc.a(lib_a-atexit.o)
                0x0309c1f0                atexit
 .text          0x0309c204        0x0 c:/altera/13.0sp1/nios2eds/bin/gnu/h-i686-mingw32/bin/../lib/gcc/nios2-elf/4.1.2/../../../../nios2-elf/lib\libc.a(lib_a-ctype_.o)
 .text          0x0309c204       0x38 c:/altera/13.0sp1/nios2eds/bin/gnu/h-i686-mingw32/bin/../lib/gcc/nios2-elf/4.1.2/../../../../nios2-elf/lib\libc.a(lib_a-exit.o)
                0x0309c204                exit
 .text          0x0309c23c       0x74 c:/altera/13.0sp1/nios2eds/bin/gnu/h-i686-mingw32/bin/../lib/gcc/nios2-elf/4.1.2/../../../../nios2-elf/lib\libc.a(lib_a-memcmp.o)
                0x0309c23c                memcmp
 .text          0x0309c2b0      0x134 c:/altera/13.0sp1/nios2eds/bin/gnu/h-i686-mingw32/bin/../lib/gcc/nios2-elf/4.1.2/../../../../nios2-elf/lib\libc.a(lib_a-__atexit.o)
                0x0309c2b0                __register_exitproc
 .text          0x0309c3e4      0x1b4 c:/altera/13.0sp1/nios2eds/bin/gnu/h-i686-mingw32/bin/../lib/gcc/nios2-elf/4.1.2/../../../../nios2-elf/lib\libc.a(lib_a-__call_atexit.o)
                0x0309c3e8                __call_exitprocs
 .text          0x0309c598       0x60 ../integrated_sw_bsp/\libhal_bsp.a(alt_exit.o)
                0x0309c5d8                _exit
 *(.gnu.warning.*)
 *(.fini)
                0x0309c5f8                PROVIDE (__etext, ABSOLUTE (.))
                0x0309c5f8                PROVIDE (_etext, ABSOLUTE (.))
                0x0309c5f8                PROVIDE (etext, ABSOLUTE (.))
 *(.eh_frame_hdr)
                0x0309c5f8                . = ALIGN (0x4)
                0x0309c5f8                PROVIDE (__preinit_array_start, ABSOLUTE (.))
 *(.preinit_array)
                0x0309c5f8                PROVIDE (__preinit_array_end, ABSOLUTE (.))
                0x0309c5f8                PROVIDE (__init_array_start, ABSOLUTE (.))
 *(.init_array)
                0x0309c5f8                PROVIDE (__init_array_end, ABSOLUTE (.))
                0x0309c5f8                PROVIDE (__fini_array_start, ABSOLUTE (.))
 *(.fini_array)
                0x0309c5f8                PROVIDE (__fini_array_end, ABSOLUTE (.))
 *(.eh_frame)
 *(.gcc_except_table)
 *(.dynamic)
                0x0309c5f8                PROVIDE (__CTOR_LIST__, ABSOLUTE (.))
 *(.ctors)
 *(SORT(.ctors.*))
 .ctors.65535   0x0309c5f8        0x4 c:/altera/13.0sp1/nios2eds/bin/gnu/h-i686-mingw32/bin/../lib/gcc/nios2-elf/4.1.2/../../../../nios2-elf/lib\libc.a(lib_a-__call_atexit.o)
                0x0309c5fc                PROVIDE (__CTOR_END__, ABSOLUTE (.))
                0x0309c5fc                PROVIDE (__DTOR_LIST__, ABSOLUTE (.))
 *(.dtors)
 *(SORT(.dtors.*))
                0x0309c5fc                PROVIDE (__DTOR_END__, ABSOLUTE (.))
 *(.jcr)
                0x0309c5fc                . = ALIGN (0x4)

.rodata         0x02000000    0x5f51c
                0x02000000                PROVIDE (__ram_rodata_start, ABSOLUTE (.))
                0x02000000                . = ALIGN (0x4)
 *(.rodata .rodata.* .gnu.linkonce.r.*)
 .rodata        0x02000000      0x1f4 obj/default/I2C.o
 .rodata        0x020001f4       0x30 obj/default/LCD.o
 .rodata        0x02000224       0x10 obj/default/debug.o
 .rodata        0x02000234      0x2b4 obj/default/flash.o
 .rodata        0x020004e8    0x448f0 obj/default/gesture.o
                0x020004e8                gesture_bmp
 .rodata        0x02044dd8      0x140 obj/default/gui.o
                0x02044dd8                xdata
                0x02044dfc                ydata
 .rodata        0x02044f18       0x30 obj/default/gui_vpg.o
 .rodata        0x02044f48       0x78 obj/default/main.o
 .rodata        0x02044fc0      0x14c obj/default/multi_touch.o
 .rodata        0x0204510c       0xec obj/default/sensor.o
                0x0204510c                voltageTable
                0x0204512c                reffVTable
                0x0204514c                currentTable
                0x02045190                reffITable
                0x020451d4                testTable
 .rodata        0x020451f8     0x77f2 obj/default/tahomabold_20.o
 .rodata        0x0204c9ea    0x12520 obj/default/tahomabold_32.o
 *fill*         0x0205ef0a        0x2 00
 .rodata.str1.4
                0x0205ef0c        0x5 c:/altera/13.0sp1/nios2eds/bin/gnu/h-i686-mingw32/bin/../lib/gcc/nios2-elf/4.1.2/../../../../nios2-elf/lib\libm.a(lib_a-w_sqrt.o)
                                  0x8 (size before relaxing)
 *fill*         0x0205ef11        0x3 00
 .rodata        0x0205ef14       0x10 c:/altera/13.0sp1/nios2eds/bin/gnu/h-i686-mingw32/bin/../lib/gcc/nios2-elf/4.1.2\libgcc.a(_thenan_sf.o)
                0x0205ef14                __thenan_sf
 .rodata        0x0205ef24       0x14 c:/altera/13.0sp1/nios2eds/bin/gnu/h-i686-mingw32/bin/../lib/gcc/nios2-elf/4.1.2\libgcc.a(_thenan_df.o)
                0x0205ef24                __thenan_df
 .rodata        0x0205ef38      0x100 c:/altera/13.0sp1/nios2eds/bin/gnu/h-i686-mingw32/bin/../lib/gcc/nios2-elf/4.1.2\libgcc.a(_clz.o)
                0x0205ef38                __clz_tab
 .rodata.str1.4
                0x0205f038        0x2 c:/altera/13.0sp1/nios2eds/bin/gnu/h-i686-mingw32/bin/../lib/gcc/nios2-elf/4.1.2/../../../../nios2-elf/lib\libc.a(lib_a-impure.o)
                                  0x4 (size before relaxing)
 *fill*         0x0205f03a        0x2 00
 .rodata.str1.4
                0x0205f03c        0x2 c:/altera/13.0sp1/nios2eds/bin/gnu/h-i686-mingw32/bin/../lib/gcc/nios2-elf/4.1.2/../../../../nios2-elf/lib\libc.a(lib_a-puts.o)
                                  0x4 (size before relaxing)
 *fill*         0x0205f03e        0x2 00
 .rodata.str1.4
                0x0205f040       0x5e c:/altera/13.0sp1/nios2eds/bin/gnu/h-i686-mingw32/bin/../lib/gcc/nios2-elf/4.1.2/../../../../nios2-elf/lib\libc.a(lib_a-vfprintf.o)
                                 0x60 (size before relaxing)
 .rodata        0x0205f09e       0x20 c:/altera/13.0sp1/nios2eds/bin/gnu/h-i686-mingw32/bin/../lib/gcc/nios2-elf/4.1.2/../../../../nios2-elf/lib\libc.a(lib_a-vfprintf.o)
 *fill*         0x0205f0be        0x2 00
 .rodata.str1.4
                0x0205f0c0       0x10 c:/altera/13.0sp1/nios2eds/bin/gnu/h-i686-mingw32/bin/../lib/gcc/nios2-elf/4.1.2/../../../../nios2-elf/lib\libc.a(lib_a-dtoa.o)
                                 0x14 (size before relaxing)
 .rodata.str1.4
                0x0205f0d0       0x10 c:/altera/13.0sp1/nios2eds/bin/gnu/h-i686-mingw32/bin/../lib/gcc/nios2-elf/4.1.2/../../../../nios2-elf/lib\libc.a(lib_a-locale.o)
                                 0x18 (size before relaxing)
 .rodata        0x0205f0e0       0x30 c:/altera/13.0sp1/nios2eds/bin/gnu/h-i686-mingw32/bin/../lib/gcc/nios2-elf/4.1.2/../../../../nios2-elf/lib\libc.a(lib_a-locale.o)
 .rodata        0x0205f110      0x124 c:/altera/13.0sp1/nios2eds/bin/gnu/h-i686-mingw32/bin/../lib/gcc/nios2-elf/4.1.2/../../../../nios2-elf/lib\libc.a(lib_a-mprec.o)
                0x0205f110                __mprec_tens
                0x0205f1d8                __mprec_bigtens
                0x0205f200                __mprec_tinytens
 .rodata        0x0205f234        0xc ../integrated_sw_bsp/\libhal_bsp.a(alt_dev.o)
 .rodata        0x0205f240       0x10 ../integrated_sw_bsp/\libhal_bsp.a(alt_main.o)
 .rodata        0x0205f250       0x48 ../integrated_sw_bsp/\libhal_bsp.a(alt_sys_init.o)
 .rodata        0x0205f298      0x281 c:/altera/13.0sp1/nios2eds/bin/gnu/h-i686-mingw32/bin/../lib/gcc/nios2-elf/4.1.2/../../../../nios2-elf/lib\libc.a(lib_a-ctype_.o)
                0x0205f298                _ctype_
 *(.rodata1)
                0x0205f51c                . = ALIGN (0x4)
 *fill*         0x0205f519        0x3 00
                0x0205f51c                PROVIDE (__ram_rodata_end, ABSOLUTE (.))
                0x02000000                PROVIDE (__flash_rodata_start, LOADADDR (.rodata))

.rwdata         0x0205f51c     0x38d8
                0x0205f51c                PROVIDE (__ram_rwdata_start, ABSOLUTE (.))
                0x0205f51c                . = ALIGN (0x4)
 *(.got.plt)
 *(.got)
 *(.data1)
 *(.data .data.* .gnu.linkonce.d.*)
 .data          0x0205f51c        0x0 ../integrated_sw_bsp//obj/HAL/src/crt0.o
 .data          0x0205f51c        0x0 obj/default/I2C.o
 .data          0x0205f51c        0x0 obj/default/LCD.o
 .data          0x0205f51c        0x0 obj/default/debug.o
 .data          0x0205f51c        0x0 obj/default/flash.o
 .data          0x0205f51c        0x0 obj/default/geometry.o
 .data          0x0205f51c        0x0 obj/default/gesture.o
 .data          0x0205f51c        0x0 obj/default/gui.o
 .data          0x0205f51c        0x0 obj/default/gui_vpg.o
 .data          0x0205f51c        0x0 obj/default/main.o
 .data          0x0205f51c        0x0 obj/default/multi_touch.o
 .data          0x0205f51c        0x0 obj/default/plotter.o
 .data          0x0205f51c        0x0 obj/default/queue.o
 .data          0x0205f51c        0x0 obj/default/sensor.o
 .data          0x0205f51c      0x415 obj/default/simple_graphics.o
                0x0205f51c                cour10_font_array
 .data          0x0205f931        0x0 obj/default/simple_text.o
 *fill*         0x0205f931        0x3 00
 .data          0x0205f934      0xbc0 obj/default/tahomabold_20.o
                0x0205f934                tahomabold_20
 .data          0x020604f4      0xbc0 obj/default/tahomabold_32.o
                0x020604f4                tahomabold_32
 .data          0x020610b4        0x0 obj/default/vip_fr.o
 .data          0x020610b4        0x0 c:/altera/13.0sp1/nios2eds/bin/gnu/h-i686-mingw32/bin/../lib/gcc/nios2-elf/4.1.2/../../../../nios2-elf/lib\libm.a(lib_a-w_sqrt.o)
 .data          0x020610b4        0x0 c:/altera/13.0sp1/nios2eds/bin/gnu/h-i686-mingw32/bin/../lib/gcc/nios2-elf/4.1.2/../../../../nios2-elf/lib\libm.a(lib_a-e_sqrt.o)
 .data          0x020610b4        0x0 c:/altera/13.0sp1/nios2eds/bin/gnu/h-i686-mingw32/bin/../lib/gcc/nios2-elf/4.1.2/../../../../nios2-elf/lib\libm.a(lib_a-s_isnand.o)
 .data          0x020610b4        0x0 c:/altera/13.0sp1/nios2eds/bin/gnu/h-i686-mingw32/bin/../lib/gcc/nios2-elf/4.1.2/../../../../nios2-elf/lib\libm.a(lib_a-s_lib_ver.o)
 .data          0x020610b4        0x0 c:/altera/13.0sp1/nios2eds/bin/gnu/h-i686-mingw32/bin/../lib/gcc/nios2-elf/4.1.2/../../../../nios2-elf/lib\libm.a(lib_a-s_matherr.o)
 .data          0x020610b4        0x0 c:/altera/13.0sp1/nios2eds/bin/gnu/h-i686-mingw32/bin/../lib/gcc/nios2-elf/4.1.2\libgcc.a(_mul_sf.o)
 .data          0x020610b4        0x0 c:/altera/13.0sp1/nios2eds/bin/gnu/h-i686-mingw32/bin/../lib/gcc/nios2-elf/4.1.2\libgcc.a(_div_sf.o)
 .data          0x020610b4        0x0 c:/altera/13.0sp1/nios2eds/bin/gnu/h-i686-mingw32/bin/../lib/gcc/nios2-elf/4.1.2\libgcc.a(_si_to_sf.o)
 .data          0x020610b4        0x0 c:/altera/13.0sp1/nios2eds/bin/gnu/h-i686-mingw32/bin/../lib/gcc/nios2-elf/4.1.2\libgcc.a(_sf_to_si.o)
 .data          0x020610b4        0x0 c:/altera/13.0sp1/nios2eds/bin/gnu/h-i686-mingw32/bin/../lib/gcc/nios2-elf/4.1.2\libgcc.a(_thenan_sf.o)
 .data          0x020610b4        0x0 c:/altera/13.0sp1/nios2eds/bin/gnu/h-i686-mingw32/bin/../lib/gcc/nios2-elf/4.1.2\libgcc.a(_addsub_df.o)
 .data          0x020610b4        0x0 c:/altera/13.0sp1/nios2eds/bin/gnu/h-i686-mingw32/bin/../lib/gcc/nios2-elf/4.1.2\libgcc.a(_mul_df.o)
 .data          0x020610b4        0x0 c:/altera/13.0sp1/nios2eds/bin/gnu/h-i686-mingw32/bin/../lib/gcc/nios2-elf/4.1.2\libgcc.a(_div_df.o)
 .data          0x020610b4        0x0 c:/altera/13.0sp1/nios2eds/bin/gnu/h-i686-mingw32/bin/../lib/gcc/nios2-elf/4.1.2\libgcc.a(_lt_df.o)
 .data          0x020610b4        0x0 c:/altera/13.0sp1/nios2eds/bin/gnu/h-i686-mingw32/bin/../lib/gcc/nios2-elf/4.1.2\libgcc.a(_si_to_df.o)
 .data          0x020610b4        0x0 c:/altera/13.0sp1/nios2eds/bin/gnu/h-i686-mingw32/bin/../lib/gcc/nios2-elf/4.1.2\libgcc.a(_df_to_si.o)
 .data          0x020610b4        0x0 c:/altera/13.0sp1/nios2eds/bin/gnu/h-i686-mingw32/bin/../lib/gcc/nios2-elf/4.1.2\libgcc.a(_thenan_df.o)
 .data          0x020610b4        0x0 c:/altera/13.0sp1/nios2eds/bin/gnu/h-i686-mingw32/bin/../lib/gcc/nios2-elf/4.1.2\libgcc.a(lib2-divmod.o)
 .data          0x020610b4        0x0 c:/altera/13.0sp1/nios2eds/bin/gnu/h-i686-mingw32/bin/../lib/gcc/nios2-elf/4.1.2\libgcc.a(_muldi3.o)
 .data          0x020610b4        0x0 c:/altera/13.0sp1/nios2eds/bin/gnu/h-i686-mingw32/bin/../lib/gcc/nios2-elf/4.1.2\libgcc.a(_clzsi2.o)
 .data          0x020610b4        0x0 c:/altera/13.0sp1/nios2eds/bin/gnu/h-i686-mingw32/bin/../lib/gcc/nios2-elf/4.1.2\libgcc.a(_pack_sf.o)
 .data          0x020610b4        0x0 c:/altera/13.0sp1/nios2eds/bin/gnu/h-i686-mingw32/bin/../lib/gcc/nios2-elf/4.1.2\libgcc.a(_unpack_sf.o)
 .data          0x020610b4        0x0 c:/altera/13.0sp1/nios2eds/bin/gnu/h-i686-mingw32/bin/../lib/gcc/nios2-elf/4.1.2\libgcc.a(_pack_df.o)
 .data          0x020610b4        0x0 c:/altera/13.0sp1/nios2eds/bin/gnu/h-i686-mingw32/bin/../lib/gcc/nios2-elf/4.1.2\libgcc.a(_unpack_df.o)
 .data          0x020610b4        0x0 c:/altera/13.0sp1/nios2eds/bin/gnu/h-i686-mingw32/bin/../lib/gcc/nios2-elf/4.1.2\libgcc.a(_fpcmp_parts_df.o)
 .data          0x020610b4        0x0 c:/altera/13.0sp1/nios2eds/bin/gnu/h-i686-mingw32/bin/../lib/gcc/nios2-elf/4.1.2\libgcc.a(_clz.o)
 .data          0x020610b4        0x0 c:/altera/13.0sp1/nios2eds/bin/gnu/h-i686-mingw32/bin/../lib/gcc/nios2-elf/4.1.2/../../../../nios2-elf/lib\libc.a(lib_a-errno.o)
 .data          0x020610b4        0x0 c:/altera/13.0sp1/nios2eds/bin/gnu/h-i686-mingw32/bin/../lib/gcc/nios2-elf/4.1.2/../../../../nios2-elf/lib\libc.a(lib_a-fclose.o)
 .data          0x020610b4        0x0 c:/altera/13.0sp1/nios2eds/bin/gnu/h-i686-mingw32/bin/../lib/gcc/nios2-elf/4.1.2/../../../../nios2-elf/lib\libc.a(lib_a-fflush.o)
 .data          0x020610b4        0x0 c:/altera/13.0sp1/nios2eds/bin/gnu/h-i686-mingw32/bin/../lib/gcc/nios2-elf/4.1.2/../../../../nios2-elf/lib\libc.a(lib_a-findfp.o)
 .data          0x020610b4        0x0 c:/altera/13.0sp1/nios2eds/bin/gnu/h-i686-mingw32/bin/../lib/gcc/nios2-elf/4.1.2/../../../../nios2-elf/lib\libc.a(lib_a-fopen.o)
 .data          0x020610b4        0x0 c:/altera/13.0sp1/nios2eds/bin/gnu/h-i686-mingw32/bin/../lib/gcc/nios2-elf/4.1.2/../../../../nios2-elf/lib\libc.a(lib_a-freer.o)
 .data          0x020610b4        0x0 c:/altera/13.0sp1/nios2eds/bin/gnu/h-i686-mingw32/bin/../lib/gcc/nios2-elf/4.1.2/../../../../nios2-elf/lib\libc.a(lib_a-fseek.o)
 .data          0x020610b4        0x0 c:/altera/13.0sp1/nios2eds/bin/gnu/h-i686-mingw32/bin/../lib/gcc/nios2-elf/4.1.2/../../../../nios2-elf/lib\libc.a(lib_a-fstatr.o)
 .data          0x020610b4        0x0 c:/altera/13.0sp1/nios2eds/bin/gnu/h-i686-mingw32/bin/../lib/gcc/nios2-elf/4.1.2/../../../../nios2-elf/lib\libc.a(lib_a-fwalk.o)
 .data          0x020610b4        0x0 c:/altera/13.0sp1/nios2eds/bin/gnu/h-i686-mingw32/bin/../lib/gcc/nios2-elf/4.1.2/../../../../nios2-elf/lib\libc.a(lib_a-fwrite.o)
 .data          0x020610b4      0x400 c:/altera/13.0sp1/nios2eds/bin/gnu/h-i686-mingw32/bin/../lib/gcc/nios2-elf/4.1.2/../../../../nios2-elf/lib\libc.a(lib_a-impure.o)
 .data          0x020614b4        0x0 c:/altera/13.0sp1/nios2eds/bin/gnu/h-i686-mingw32/bin/../lib/gcc/nios2-elf/4.1.2/../../../../nios2-elf/lib\libc.a(lib_a-int_errno.o)
 .data          0x020614b4        0x0 c:/altera/13.0sp1/nios2eds/bin/gnu/h-i686-mingw32/bin/../lib/gcc/nios2-elf/4.1.2/../../../../nios2-elf/lib\libc.a(lib_a-makebuf.o)
 .data          0x020614b4        0x0 c:/altera/13.0sp1/nios2eds/bin/gnu/h-i686-mingw32/bin/../lib/gcc/nios2-elf/4.1.2/../../../../nios2-elf/lib\libc.a(lib_a-malloc.o)
 .data          0x020614b4      0x408 c:/altera/13.0sp1/nios2eds/bin/gnu/h-i686-mingw32/bin/../lib/gcc/nios2-elf/4.1.2/../../../../nios2-elf/lib\libc.a(lib_a-mallocr.o)
                0x020614b4                __malloc_av_
 .data          0x020618bc        0x0 c:/altera/13.0sp1/nios2eds/bin/gnu/h-i686-mingw32/bin/../lib/gcc/nios2-elf/4.1.2/../../../../nios2-elf/lib\libc.a(lib_a-memcpy.o)
 .data          0x020618bc        0x0 c:/altera/13.0sp1/nios2eds/bin/gnu/h-i686-mingw32/bin/../lib/gcc/nios2-elf/4.1.2/../../../../nios2-elf/lib\libc.a(lib_a-memset.o)
 .data          0x020618bc        0x0 c:/altera/13.0sp1/nios2eds/bin/gnu/h-i686-mingw32/bin/../lib/gcc/nios2-elf/4.1.2/../../../../nios2-elf/lib\libc.a(lib_a-openr.o)
 .data          0x020618bc        0x0 c:/altera/13.0sp1/nios2eds/bin/gnu/h-i686-mingw32/bin/../lib/gcc/nios2-elf/4.1.2/../../../../nios2-elf/lib\libc.a(lib_a-printf.o)
 .data          0x020618bc        0x0 c:/altera/13.0sp1/nios2eds/bin/gnu/h-i686-mingw32/bin/../lib/gcc/nios2-elf/4.1.2/../../../../nios2-elf/lib\libc.a(lib_a-putchar.o)
 .data          0x020618bc        0x0 c:/altera/13.0sp1/nios2eds/bin/gnu/h-i686-mingw32/bin/../lib/gcc/nios2-elf/4.1.2/../../../../nios2-elf/lib\libc.a(lib_a-puts.o)
 .data          0x020618bc        0x0 c:/altera/13.0sp1/nios2eds/bin/gnu/h-i686-mingw32/bin/../lib/gcc/nios2-elf/4.1.2/../../../../nios2-elf/lib\libc.a(lib_a-refill.o)
 .data          0x020618bc        0x0 c:/altera/13.0sp1/nios2eds/bin/gnu/h-i686-mingw32/bin/../lib/gcc/nios2-elf/4.1.2/../../../../nios2-elf/lib\libc.a(lib_a-sbrkr.o)
 .data          0x020618bc        0x0 c:/altera/13.0sp1/nios2eds/bin/gnu/h-i686-mingw32/bin/../lib/gcc/nios2-elf/4.1.2/../../../../nios2-elf/lib\libc.a(lib_a-sprintf.o)
 .data          0x020618bc        0x0 c:/altera/13.0sp1/nios2eds/bin/gnu/h-i686-mingw32/bin/../lib/gcc/nios2-elf/4.1.2/../../../../nios2-elf/lib\libc.a(lib_a-stdio.o)
 .data          0x020618bc        0x0 c:/altera/13.0sp1/nios2eds/bin/gnu/h-i686-mingw32/bin/../lib/gcc/nios2-elf/4.1.2/../../../../nios2-elf/lib\libc.a(lib_a-strcpy.o)
 .data          0x020618bc        0x0 c:/altera/13.0sp1/nios2eds/bin/gnu/h-i686-mingw32/bin/../lib/gcc/nios2-elf/4.1.2/../../../../nios2-elf/lib\libc.a(lib_a-strlen.o)
 .data          0x020618bc        0x0 c:/altera/13.0sp1/nios2eds/bin/gnu/h-i686-mingw32/bin/../lib/gcc/nios2-elf/4.1.2/../../../../nios2-elf/lib\libc.a(lib_a-vfprintf.o)
 .data          0x020618bc        0x0 c:/altera/13.0sp1/nios2eds/bin/gnu/h-i686-mingw32/bin/../lib/gcc/nios2-elf/4.1.2/../../../../nios2-elf/lib\libc.a(lib_a-vsnprintf.o)
 .data          0x020618bc        0x0 c:/altera/13.0sp1/nios2eds/bin/gnu/h-i686-mingw32/bin/../lib/gcc/nios2-elf/4.1.2/../../../../nios2-elf/lib\libc.a(lib_a-writer.o)
 .data          0x020618bc        0x0 c:/altera/13.0sp1/nios2eds/bin/gnu/h-i686-mingw32/bin/../lib/gcc/nios2-elf/4.1.2/../../../../nios2-elf/lib\libc.a(lib_a-wsetup.o)
 .data          0x020618bc        0x0 c:/altera/13.0sp1/nios2eds/bin/gnu/h-i686-mingw32/bin/../lib/gcc/nios2-elf/4.1.2/../../../../nios2-elf/lib\libc.a(lib_a-closer.o)
 .data          0x020618bc        0x0 c:/altera/13.0sp1/nios2eds/bin/gnu/h-i686-mingw32/bin/../lib/gcc/nios2-elf/4.1.2/../../../../nios2-elf/lib\libc.a(lib_a-dtoa.o)
 .data          0x020618bc        0x0 c:/altera/13.0sp1/nios2eds/bin/gnu/h-i686-mingw32/bin/../lib/gcc/nios2-elf/4.1.2/../../../../nios2-elf/lib\libc.a(lib_a-flags.o)
 .data          0x020618bc        0x0 c:/altera/13.0sp1/nios2eds/bin/gnu/h-i686-mingw32/bin/../lib/gcc/nios2-elf/4.1.2/../../../../nios2-elf/lib\libc.a(lib_a-fvwrite.o)
 .data          0x020618bc        0x0 c:/altera/13.0sp1/nios2eds/bin/gnu/h-i686-mingw32/bin/../lib/gcc/nios2-elf/4.1.2/../../../../nios2-elf/lib\libc.a(lib_a-isattyr.o)
 .data          0x020618bc        0xc c:/altera/13.0sp1/nios2eds/bin/gnu/h-i686-mingw32/bin/../lib/gcc/nios2-elf/4.1.2/../../../../nios2-elf/lib\libc.a(lib_a-locale.o)
                0x020618bc                __lc_ctype
 .data          0x020618c8        0x0 c:/altera/13.0sp1/nios2eds/bin/gnu/h-i686-mingw32/bin/../lib/gcc/nios2-elf/4.1.2/../../../../nios2-elf/lib\libc.a(lib_a-lseekr.o)
 .data          0x020618c8        0x0 c:/altera/13.0sp1/nios2eds/bin/gnu/h-i686-mingw32/bin/../lib/gcc/nios2-elf/4.1.2/../../../../nios2-elf/lib\libc.a(lib_a-memchr.o)
 .data          0x020618c8        0x0 c:/altera/13.0sp1/nios2eds/bin/gnu/h-i686-mingw32/bin/../lib/gcc/nios2-elf/4.1.2/../../../../nios2-elf/lib\libc.a(lib_a-memmove.o)
 .data          0x020618c8        0x0 c:/altera/13.0sp1/nios2eds/bin/gnu/h-i686-mingw32/bin/../lib/gcc/nios2-elf/4.1.2/../../../../nios2-elf/lib\libc.a(lib_a-mprec.o)
 .data          0x020618c8        0x0 c:/altera/13.0sp1/nios2eds/bin/gnu/h-i686-mingw32/bin/../lib/gcc/nios2-elf/4.1.2/../../../../nios2-elf/lib\libc.a(lib_a-putc.o)
 .data          0x020618c8        0x0 c:/altera/13.0sp1/nios2eds/bin/gnu/h-i686-mingw32/bin/../lib/gcc/nios2-elf/4.1.2/../../../../nios2-elf/lib\libc.a(lib_a-readr.o)
 .data          0x020618c8        0x0 c:/altera/13.0sp1/nios2eds/bin/gnu/h-i686-mingw32/bin/../lib/gcc/nios2-elf/4.1.2/../../../../nios2-elf/lib\libc.a(lib_a-reallocr.o)
 .data          0x020618c8        0x0 c:/altera/13.0sp1/nios2eds/bin/gnu/h-i686-mingw32/bin/../lib/gcc/nios2-elf/4.1.2/../../../../nios2-elf/lib\libc.a(lib_a-s_isinfd.o)
 .data          0x020618c8        0x0 c:/altera/13.0sp1/nios2eds/bin/gnu/h-i686-mingw32/bin/../lib/gcc/nios2-elf/4.1.2/../../../../nios2-elf/lib\libc.a(lib_a-strcmp.o)
 .data          0x020618c8        0x0 c:/altera/13.0sp1/nios2eds/bin/gnu/h-i686-mingw32/bin/../lib/gcc/nios2-elf/4.1.2/../../../../nios2-elf/lib\libc.a(lib_a-wbuf.o)
 .data          0x020618c8        0x0 c:/altera/13.0sp1/nios2eds/bin/gnu/h-i686-mingw32/bin/../lib/gcc/nios2-elf/4.1.2/../../../../nios2-elf/lib\libc.a(lib_a-callocr.o)
 .data          0x020618c8        0x0 c:/altera/13.0sp1/nios2eds/bin/gnu/h-i686-mingw32/bin/../lib/gcc/nios2-elf/4.1.2\libgcc.a(_udivdi3.o)
 .data          0x020618c8        0x0 c:/altera/13.0sp1/nios2eds/bin/gnu/h-i686-mingw32/bin/../lib/gcc/nios2-elf/4.1.2\libgcc.a(_umoddi3.o)
 .data          0x020618c8        0x0 c:/altera/13.0sp1/nios2eds/bin/gnu/h-i686-mingw32/bin/../lib/gcc/nios2-elf/4.1.2\libgcc.a(_eq_df.o)
 .data          0x020618c8        0x0 c:/altera/13.0sp1/nios2eds/bin/gnu/h-i686-mingw32/bin/../lib/gcc/nios2-elf/4.1.2\libgcc.a(_ne_df.o)
 .data          0x020618c8        0x0 c:/altera/13.0sp1/nios2eds/bin/gnu/h-i686-mingw32/bin/../lib/gcc/nios2-elf/4.1.2\libgcc.a(_gt_df.o)
 .data          0x020618c8        0x0 c:/altera/13.0sp1/nios2eds/bin/gnu/h-i686-mingw32/bin/../lib/gcc/nios2-elf/4.1.2\libgcc.a(_ge_df.o)
 .data          0x020618c8        0x0 c:/altera/13.0sp1/nios2eds/bin/gnu/h-i686-mingw32/bin/../lib/gcc/nios2-elf/4.1.2\libgcc.a(_usi_to_df.o)
 .data          0x020618c8        0x0 ../integrated_sw_bsp/\libhal_bsp.a(alt_close.o)
 .data          0x020618c8        0x0 ../integrated_sw_bsp/\libhal_bsp.a(alt_dcache_flush.o)
 .data          0x020618c8        0x0 ../integrated_sw_bsp/\libhal_bsp.a(alt_dcache_flush_all.o)
 .data          0x020618c8      0x1a8 ../integrated_sw_bsp/\libhal_bsp.a(alt_dev.o)
                0x020618c8                alt_dev_null
                0x020618f0                alt_fd_list
 .data          0x02061a70        0x0 ../integrated_sw_bsp/\libhal_bsp.a(alt_errno.o)
 .data          0x02061a70        0x0 ../integrated_sw_bsp/\libhal_bsp.a(alt_flash_dev.o)
 .data          0x02061a70        0x0 ../integrated_sw_bsp/\libhal_bsp.a(alt_fstat.o)
 .data          0x02061a70        0x0 ../integrated_sw_bsp/\libhal_bsp.a(alt_irq_register.o)
 .data          0x02061a70        0x0 ../integrated_sw_bsp/\libhal_bsp.a(alt_irq_vars.o)
 .data          0x02061a70        0x0 ../integrated_sw_bsp/\libhal_bsp.a(alt_isatty.o)
 .data          0x02061a70        0x0 ../integrated_sw_bsp/\libhal_bsp.a(alt_lseek.o)
 .data          0x02061a70        0x0 ../integrated_sw_bsp/\libhal_bsp.a(alt_main.o)
 .data          0x02061a70        0x0 ../integrated_sw_bsp/\libhal_bsp.a(alt_malloc_lock.o)
 .data          0x02061a70        0x0 ../integrated_sw_bsp/\libhal_bsp.a(alt_open.o)
 .data          0x02061a70        0x0 ../integrated_sw_bsp/\libhal_bsp.a(alt_read.o)
 .data          0x02061a70        0x0 ../integrated_sw_bsp/\libhal_bsp.a(alt_release_fd.o)
 .data          0x02061a70        0x0 ../integrated_sw_bsp/\libhal_bsp.a(alt_sbrk.o)
 .data          0x02061a70        0x0 ../integrated_sw_bsp/\libhal_bsp.a(alt_tick.o)
 .data          0x02061a70        0x0 ../integrated_sw_bsp/\libhal_bsp.a(alt_usleep.o)
 .data          0x02061a70        0x0 ../integrated_sw_bsp/\libhal_bsp.a(alt_write.o)
 .data          0x02061a70     0x1320 ../integrated_sw_bsp/\libhal_bsp.a(alt_sys_init.o)
 .data          0x02062d90        0x0 ../integrated_sw_bsp/\libhal_bsp.a(altera_avalon_cfi_flash.o)
 .data          0x02062d90        0x0 ../integrated_sw_bsp/\libhal_bsp.a(altera_avalon_cfi_flash_table.o)
 .data          0x02062d90        0x0 ../integrated_sw_bsp/\libhal_bsp.a(altera_avalon_epcs_flash_controller.o)
 .data          0x02062d90        0x0 ../integrated_sw_bsp/\libhal_bsp.a(altera_avalon_jtag_uart_fd.o)
 .data          0x02062d90        0x0 ../integrated_sw_bsp/\libhal_bsp.a(altera_avalon_jtag_uart_init.o)
 .data          0x02062d90        0x0 ../integrated_sw_bsp/\libhal_bsp.a(altera_avalon_jtag_uart_ioctl.o)
 .data          0x02062d90        0x0 ../integrated_sw_bsp/\libhal_bsp.a(altera_avalon_jtag_uart_read.o)
 .data          0x02062d90        0x0 ../integrated_sw_bsp/\libhal_bsp.a(altera_avalon_jtag_uart_write.o)
 .data          0x02062d90        0x0 ../integrated_sw_bsp/\libhal_bsp.a(altera_avalon_lcd_16207.o)
 .data          0x02062d90        0x0 ../integrated_sw_bsp/\libhal_bsp.a(altera_avalon_lcd_16207_fd.o)
 .data          0x02062d90        0x0 ../integrated_sw_bsp/\libhal_bsp.a(altera_avalon_timer_sc.o)
 .data          0x02062d90        0x0 ../integrated_sw_bsp/\libhal_bsp.a(epcs_commands.o)
 .data          0x02062d90        0x0 ../integrated_sw_bsp/\libhal_bsp.a(alt_alarm_start.o)
 .data          0x02062d90        0x0 ../integrated_sw_bsp/\libhal_bsp.a(alt_busy_sleep.o)
 .data          0x02062d90        0x0 ../integrated_sw_bsp/\libhal_bsp.a(alt_dev_llist_insert.o)
 .data          0x02062d90        0x0 ../integrated_sw_bsp/\libhal_bsp.a(alt_do_ctors.o)
 .data          0x02062d90        0x0 ../integrated_sw_bsp/\libhal_bsp.a(alt_do_dtors.o)
 .data          0x02062d90        0x0 ../integrated_sw_bsp/\libhal_bsp.a(alt_find_dev.o)
 .data          0x02062d90        0x0 ../integrated_sw_bsp/\libhal_bsp.a(alt_find_file.o)
 .data          0x02062d90        0x0 ../integrated_sw_bsp/\libhal_bsp.a(alt_get_fd.o)
 .data          0x02062d90        0x0 ../integrated_sw_bsp/\libhal_bsp.a(alt_io_redirect.o)
 .data          0x02062d90        0x0 ../integrated_sw_bsp/\libhal_bsp.a(alt_irq_entry.o)
 .data          0x02062d90        0x0 ../integrated_sw_bsp/\libhal_bsp.a(alt_irq_handler.o)
 .data          0x02062d90        0x0 ../integrated_sw_bsp/\libhal_bsp.a(altera_nios2_qsys_irq.o)
 .data          0x02062d90        0x0 ../integrated_sw_bsp/\libhal_bsp.a(altera_avalon_cfi_flash_amd.o)
 .data          0x02062d90        0x0 ../integrated_sw_bsp/\libhal_bsp.a(altera_avalon_cfi_flash_intel.o)
 .data          0x02062d90        0x0 ../integrated_sw_bsp/\libhal_bsp.a(altera_avalon_spi.o)
 .data          0x02062d90        0x0 ../integrated_sw_bsp/\libhal_bsp.a(alt_exception_entry.o)
 .data          0x02062d90        0x0 c:/altera/13.0sp1/nios2eds/bin/gnu/h-i686-mingw32/bin/../lib/gcc/nios2-elf/4.1.2/../../../../nios2-elf/lib\libc.a(lib_a-atexit.o)
 .data          0x02062d90        0x0 c:/altera/13.0sp1/nios2eds/bin/gnu/h-i686-mingw32/bin/../lib/gcc/nios2-elf/4.1.2/../../../../nios2-elf/lib\libc.a(lib_a-ctype_.o)
 .data          0x02062d90        0x0 c:/altera/13.0sp1/nios2eds/bin/gnu/h-i686-mingw32/bin/../lib/gcc/nios2-elf/4.1.2/../../../../nios2-elf/lib\libc.a(lib_a-exit.o)
 .data          0x02062d90        0x0 c:/altera/13.0sp1/nios2eds/bin/gnu/h-i686-mingw32/bin/../lib/gcc/nios2-elf/4.1.2/../../../../nios2-elf/lib\libc.a(lib_a-memcmp.o)
 .data          0x02062d90        0x0 c:/altera/13.0sp1/nios2eds/bin/gnu/h-i686-mingw32/bin/../lib/gcc/nios2-elf/4.1.2/../../../../nios2-elf/lib\libc.a(lib_a-__atexit.o)
 .data          0x02062d90        0x0 c:/altera/13.0sp1/nios2eds/bin/gnu/h-i686-mingw32/bin/../lib/gcc/nios2-elf/4.1.2/../../../../nios2-elf/lib\libc.a(lib_a-__call_atexit.o)
 .data          0x02062d90        0x0 ../integrated_sw_bsp/\libhal_bsp.a(alt_exit.o)
                0x0206ad90                _gp = ABSOLUTE ((. + 0x8000))
                0x0206ad90                PROVIDE (gp, _gp)
 *(.rwdata .rwdata.*)
 *(.sdata .sdata.* .gnu.linkonce.s.*)
 .sdata         0x02062d90        0xc obj/default/gui.o
                0x02062d90                arr_lengths
                0x02062d94                res_opts_count
                0x02062d98                wind_opts_count
 .sdata         0x02062d9c        0x4 obj/default/simple_graphics.o
                0x02062d9c                cour10_font
 .sdata         0x02062da0        0x4 c:/altera/13.0sp1/nios2eds/bin/gnu/h-i686-mingw32/bin/../lib/gcc/nios2-elf/4.1.2/../../../../nios2-elf/lib\libm.a(lib_a-s_lib_ver.o)
                0x02062da0                __fdlib_version
 .sdata         0x02062da4        0x8 c:/altera/13.0sp1/nios2eds/bin/gnu/h-i686-mingw32/bin/../lib/gcc/nios2-elf/4.1.2/../../../../nios2-elf/lib\libc.a(lib_a-impure.o)
                0x02062da4                _impure_ptr
                0x02062da8                _global_impure_ptr
 .sdata         0x02062dac        0x8 c:/altera/13.0sp1/nios2eds/bin/gnu/h-i686-mingw32/bin/../lib/gcc/nios2-elf/4.1.2/../../../../nios2-elf/lib\libc.a(lib_a-mallocr.o)
                0x02062dac                __malloc_trim_threshold
                0x02062db0                __malloc_sbrk_base
 .sdata         0x02062db4        0x8 c:/altera/13.0sp1/nios2eds/bin/gnu/h-i686-mingw32/bin/../lib/gcc/nios2-elf/4.1.2/../../../../nios2-elf/lib\libc.a(lib_a-locale.o)
                0x02062db4                __mb_cur_max
 .sdata         0x02062dbc       0x14 ../integrated_sw_bsp/\libhal_bsp.a(alt_dev.o)
                0x02062dbc                alt_fs_list
                0x02062dc4                alt_dev_list
                0x02062dcc                alt_max_fd
 .sdata         0x02062dd0        0x4 ../integrated_sw_bsp/\libhal_bsp.a(alt_errno.o)
                0x02062dd0                alt_errno
 .sdata         0x02062dd4        0x8 ../integrated_sw_bsp/\libhal_bsp.a(alt_flash_dev.o)
                0x02062dd4                alt_flash_dev_list
 .sdata         0x02062ddc        0x4 ../integrated_sw_bsp/\libhal_bsp.a(alt_irq_vars.o)
                0x02062ddc                alt_priority_mask
 .sdata         0x02062de0        0x4 ../integrated_sw_bsp/\libhal_bsp.a(alt_sbrk.o)
 .sdata         0x02062de4        0x8 ../integrated_sw_bsp/\libhal_bsp.a(alt_tick.o)
                0x02062de4                alt_alarm_list
 .sdata         0x02062dec        0x4 ../integrated_sw_bsp/\libhal_bsp.a(altera_avalon_lcd_16207.o)
 .sdata         0x02062df0        0x4 c:/altera/13.0sp1/nios2eds/bin/gnu/h-i686-mingw32/bin/../lib/gcc/nios2-elf/4.1.2/../../../../nios2-elf/lib\libc.a(lib_a-ctype_.o)
                0x02062df0                __ctype_ptr
 *(.sdata2 .sdata2.* .gnu.linkonce.s2.*)
                0x02062df4                . = ALIGN (0x4)
                0x02062df4                _edata = ABSOLUTE (.)
                0x02062df4                PROVIDE (edata, ABSOLUTE (.))
                0x02062df4                PROVIDE (__ram_rwdata_end, ABSOLUTE (.))
                0x0205f51c                PROVIDE (__flash_rwdata_start, LOADADDR (.rwdata))

.bss            0x02062df4      0x368
                0x02062df4                __bss_start = ABSOLUTE (.)
                0x02062df4                PROVIDE (__sbss_start, ABSOLUTE (.))
                0x02062df4                PROVIDE (___sbss_start, ABSOLUTE (.))
 *(.dynsbss)
 *(.sbss .sbss.* .gnu.linkonce.sb.*)
 .sbss          0x02062df4        0x4 obj/default/LCD.o
 .sbss          0x02062df8        0x4 obj/default/gui.o
                0x02062df8                isHigh
 .sbss          0x02062dfc        0x4 c:/altera/13.0sp1/nios2eds/bin/gnu/h-i686-mingw32/bin/../lib/gcc/nios2-elf/4.1.2/../../../../nios2-elf/lib\libc.a(lib_a-int_errno.o)
                0x02062dfc                errno
 .sbss          0x02062e00        0xc c:/altera/13.0sp1/nios2eds/bin/gnu/h-i686-mingw32/bin/../lib/gcc/nios2-elf/4.1.2/../../../../nios2-elf/lib\libc.a(lib_a-mallocr.o)
                0x02062e00                __malloc_top_pad
                0x02062e04                __malloc_max_sbrked_mem
                0x02062e08                __malloc_max_total_mem
 .sbss          0x02062e0c        0xc c:/altera/13.0sp1/nios2eds/bin/gnu/h-i686-mingw32/bin/../lib/gcc/nios2-elf/4.1.2/../../../../nios2-elf/lib\libc.a(lib_a-locale.o)
                0x02062e0c                __nlocale_changed
                0x02062e10                __mlocale_changed
                0x02062e14                _PathLocale
 .sbss          0x02062e18        0x4 ../integrated_sw_bsp/\libhal_bsp.a(alt_irq_vars.o)
                0x02062e18                alt_irq_active
 .sbss          0x02062e1c        0xc ../integrated_sw_bsp/\libhal_bsp.a(alt_main.o)
                0x02062e1c                alt_argc
                0x02062e20                alt_argv
                0x02062e24                alt_envp
 .sbss          0x02062e28        0x8 ../integrated_sw_bsp/\libhal_bsp.a(alt_tick.o)
                0x02062e28                _alt_tick_rate
                0x02062e2c                _alt_nticks
 *(.sbss2 .sbss2.* .gnu.linkonce.sb2.*)
 *(.scommon)
                0x02062e30                PROVIDE (__sbss_end, ABSOLUTE (.))
                0x02062e30                PROVIDE (___sbss_end, ABSOLUTE (.))
 *(.dynbss)
 *(.bss .bss.* .gnu.linkonce.b.*)
 .bss           0x02062e30        0x0 ../integrated_sw_bsp//obj/HAL/src/crt0.o
 .bss           0x02062e30        0x0 obj/default/I2C.o
 .bss           0x02062e30        0x0 obj/default/LCD.o
 .bss           0x02062e30        0x0 obj/default/debug.o
 .bss           0x02062e30        0x0 obj/default/flash.o
 .bss           0x02062e30        0x0 obj/default/geometry.o
 .bss           0x02062e30        0x0 obj/default/gesture.o
 .bss           0x02062e30        0x0 obj/default/gui.o
 .bss           0x02062e30        0x0 obj/default/gui_vpg.o
 .bss           0x02062e30        0x0 obj/default/main.o
 .bss           0x02062e30        0x0 obj/default/multi_touch.o
 .bss           0x02062e30        0x0 obj/default/plotter.o
 .bss           0x02062e30        0x0 obj/default/queue.o
 .bss           0x02062e30        0x0 obj/default/sensor.o
 .bss           0x02062e30        0x0 obj/default/simple_graphics.o
 .bss           0x02062e30        0x0 obj/default/simple_text.o
 .bss           0x02062e30        0x0 obj/default/tahomabold_20.o
 .bss           0x02062e30        0x0 obj/default/tahomabold_32.o
 .bss           0x02062e30        0x0 obj/default/vip_fr.o
 .bss           0x02062e30        0x0 c:/altera/13.0sp1/nios2eds/bin/gnu/h-i686-mingw32/bin/../lib/gcc/nios2-elf/4.1.2/../../../../nios2-elf/lib\libm.a(lib_a-w_sqrt.o)
 .bss           0x02062e30        0x0 c:/altera/13.0sp1/nios2eds/bin/gnu/h-i686-mingw32/bin/../lib/gcc/nios2-elf/4.1.2/../../../../nios2-elf/lib\libm.a(lib_a-e_sqrt.o)
 .bss           0x02062e30        0x0 c:/altera/13.0sp1/nios2eds/bin/gnu/h-i686-mingw32/bin/../lib/gcc/nios2-elf/4.1.2/../../../../nios2-elf/lib\libm.a(lib_a-s_isnand.o)
 .bss           0x02062e30        0x0 c:/altera/13.0sp1/nios2eds/bin/gnu/h-i686-mingw32/bin/../lib/gcc/nios2-elf/4.1.2/../../../../nios2-elf/lib\libm.a(lib_a-s_lib_ver.o)
 .bss           0x02062e30        0x0 c:/altera/13.0sp1/nios2eds/bin/gnu/h-i686-mingw32/bin/../lib/gcc/nios2-elf/4.1.2/../../../../nios2-elf/lib\libm.a(lib_a-s_matherr.o)
 .bss           0x02062e30        0x0 c:/altera/13.0sp1/nios2eds/bin/gnu/h-i686-mingw32/bin/../lib/gcc/nios2-elf/4.1.2\libgcc.a(_mul_sf.o)
 .bss           0x02062e30        0x0 c:/altera/13.0sp1/nios2eds/bin/gnu/h-i686-mingw32/bin/../lib/gcc/nios2-elf/4.1.2\libgcc.a(_div_sf.o)
 .bss           0x02062e30        0x0 c:/altera/13.0sp1/nios2eds/bin/gnu/h-i686-mingw32/bin/../lib/gcc/nios2-elf/4.1.2\libgcc.a(_si_to_sf.o)
 .bss           0x02062e30        0x0 c:/altera/13.0sp1/nios2eds/bin/gnu/h-i686-mingw32/bin/../lib/gcc/nios2-elf/4.1.2\libgcc.a(_sf_to_si.o)
 .bss           0x02062e30        0x0 c:/altera/13.0sp1/nios2eds/bin/gnu/h-i686-mingw32/bin/../lib/gcc/nios2-elf/4.1.2\libgcc.a(_thenan_sf.o)
 .bss           0x02062e30        0x0 c:/altera/13.0sp1/nios2eds/bin/gnu/h-i686-mingw32/bin/../lib/gcc/nios2-elf/4.1.2\libgcc.a(_addsub_df.o)
 .bss           0x02062e30        0x0 c:/altera/13.0sp1/nios2eds/bin/gnu/h-i686-mingw32/bin/../lib/gcc/nios2-elf/4.1.2\libgcc.a(_mul_df.o)
 .bss           0x02062e30        0x0 c:/altera/13.0sp1/nios2eds/bin/gnu/h-i686-mingw32/bin/../lib/gcc/nios2-elf/4.1.2\libgcc.a(_div_df.o)
 .bss           0x02062e30        0x0 c:/altera/13.0sp1/nios2eds/bin/gnu/h-i686-mingw32/bin/../lib/gcc/nios2-elf/4.1.2\libgcc.a(_lt_df.o)
 .bss           0x02062e30        0x0 c:/altera/13.0sp1/nios2eds/bin/gnu/h-i686-mingw32/bin/../lib/gcc/nios2-elf/4.1.2\libgcc.a(_si_to_df.o)
 .bss           0x02062e30        0x0 c:/altera/13.0sp1/nios2eds/bin/gnu/h-i686-mingw32/bin/../lib/gcc/nios2-elf/4.1.2\libgcc.a(_df_to_si.o)
 .bss           0x02062e30        0x0 c:/altera/13.0sp1/nios2eds/bin/gnu/h-i686-mingw32/bin/../lib/gcc/nios2-elf/4.1.2\libgcc.a(_thenan_df.o)
 .bss           0x02062e30        0x0 c:/altera/13.0sp1/nios2eds/bin/gnu/h-i686-mingw32/bin/../lib/gcc/nios2-elf/4.1.2\libgcc.a(lib2-divmod.o)
 .bss           0x02062e30        0x0 c:/altera/13.0sp1/nios2eds/bin/gnu/h-i686-mingw32/bin/../lib/gcc/nios2-elf/4.1.2\libgcc.a(_muldi3.o)
 .bss           0x02062e30        0x0 c:/altera/13.0sp1/nios2eds/bin/gnu/h-i686-mingw32/bin/../lib/gcc/nios2-elf/4.1.2\libgcc.a(_clzsi2.o)
 .bss           0x02062e30        0x0 c:/altera/13.0sp1/nios2eds/bin/gnu/h-i686-mingw32/bin/../lib/gcc/nios2-elf/4.1.2\libgcc.a(_pack_sf.o)
 .bss           0x02062e30        0x0 c:/altera/13.0sp1/nios2eds/bin/gnu/h-i686-mingw32/bin/../lib/gcc/nios2-elf/4.1.2\libgcc.a(_unpack_sf.o)
 .bss           0x02062e30        0x0 c:/altera/13.0sp1/nios2eds/bin/gnu/h-i686-mingw32/bin/../lib/gcc/nios2-elf/4.1.2\libgcc.a(_pack_df.o)
 .bss           0x02062e30        0x0 c:/altera/13.0sp1/nios2eds/bin/gnu/h-i686-mingw32/bin/../lib/gcc/nios2-elf/4.1.2\libgcc.a(_unpack_df.o)
 .bss           0x02062e30        0x0 c:/altera/13.0sp1/nios2eds/bin/gnu/h-i686-mingw32/bin/../lib/gcc/nios2-elf/4.1.2\libgcc.a(_fpcmp_parts_df.o)
 .bss           0x02062e30        0x0 c:/altera/13.0sp1/nios2eds/bin/gnu/h-i686-mingw32/bin/../lib/gcc/nios2-elf/4.1.2\libgcc.a(_clz.o)
 .bss           0x02062e30        0x0 c:/altera/13.0sp1/nios2eds/bin/gnu/h-i686-mingw32/bin/../lib/gcc/nios2-elf/4.1.2/../../../../nios2-elf/lib\libc.a(lib_a-errno.o)
 .bss           0x02062e30        0x0 c:/altera/13.0sp1/nios2eds/bin/gnu/h-i686-mingw32/bin/../lib/gcc/nios2-elf/4.1.2/../../../../nios2-elf/lib\libc.a(lib_a-fclose.o)
 .bss           0x02062e30        0x0 c:/altera/13.0sp1/nios2eds/bin/gnu/h-i686-mingw32/bin/../lib/gcc/nios2-elf/4.1.2/../../../../nios2-elf/lib\libc.a(lib_a-fflush.o)
 .bss           0x02062e30        0x0 c:/altera/13.0sp1/nios2eds/bin/gnu/h-i686-mingw32/bin/../lib/gcc/nios2-elf/4.1.2/../../../../nios2-elf/lib\libc.a(lib_a-findfp.o)
 .bss           0x02062e30        0x0 c:/altera/13.0sp1/nios2eds/bin/gnu/h-i686-mingw32/bin/../lib/gcc/nios2-elf/4.1.2/../../../../nios2-elf/lib\libc.a(lib_a-fopen.o)
 .bss           0x02062e30        0x0 c:/altera/13.0sp1/nios2eds/bin/gnu/h-i686-mingw32/bin/../lib/gcc/nios2-elf/4.1.2/../../../../nios2-elf/lib\libc.a(lib_a-freer.o)
 .bss           0x02062e30        0x0 c:/altera/13.0sp1/nios2eds/bin/gnu/h-i686-mingw32/bin/../lib/gcc/nios2-elf/4.1.2/../../../../nios2-elf/lib\libc.a(lib_a-fseek.o)
 .bss           0x02062e30        0x0 c:/altera/13.0sp1/nios2eds/bin/gnu/h-i686-mingw32/bin/../lib/gcc/nios2-elf/4.1.2/../../../../nios2-elf/lib\libc.a(lib_a-fstatr.o)
 .bss           0x02062e30        0x0 c:/altera/13.0sp1/nios2eds/bin/gnu/h-i686-mingw32/bin/../lib/gcc/nios2-elf/4.1.2/../../../../nios2-elf/lib\libc.a(lib_a-fwalk.o)
 .bss           0x02062e30        0x0 c:/altera/13.0sp1/nios2eds/bin/gnu/h-i686-mingw32/bin/../lib/gcc/nios2-elf/4.1.2/../../../../nios2-elf/lib\libc.a(lib_a-fwrite.o)
 .bss           0x02062e30        0x0 c:/altera/13.0sp1/nios2eds/bin/gnu/h-i686-mingw32/bin/../lib/gcc/nios2-elf/4.1.2/../../../../nios2-elf/lib\libc.a(lib_a-impure.o)
 .bss           0x02062e30        0x0 c:/altera/13.0sp1/nios2eds/bin/gnu/h-i686-mingw32/bin/../lib/gcc/nios2-elf/4.1.2/../../../../nios2-elf/lib\libc.a(lib_a-int_errno.o)
 .bss           0x02062e30        0x0 c:/altera/13.0sp1/nios2eds/bin/gnu/h-i686-mingw32/bin/../lib/gcc/nios2-elf/4.1.2/../../../../nios2-elf/lib\libc.a(lib_a-makebuf.o)
 .bss           0x02062e30        0x0 c:/altera/13.0sp1/nios2eds/bin/gnu/h-i686-mingw32/bin/../lib/gcc/nios2-elf/4.1.2/../../../../nios2-elf/lib\libc.a(lib_a-malloc.o)
 .bss           0x02062e30       0x28 c:/altera/13.0sp1/nios2eds/bin/gnu/h-i686-mingw32/bin/../lib/gcc/nios2-elf/4.1.2/../../../../nios2-elf/lib\libc.a(lib_a-mallocr.o)
                0x02062e30                __malloc_current_mallinfo
 .bss           0x02062e58        0x0 c:/altera/13.0sp1/nios2eds/bin/gnu/h-i686-mingw32/bin/../lib/gcc/nios2-elf/4.1.2/../../../../nios2-elf/lib\libc.a(lib_a-memcpy.o)
 .bss           0x02062e58        0x0 c:/altera/13.0sp1/nios2eds/bin/gnu/h-i686-mingw32/bin/../lib/gcc/nios2-elf/4.1.2/../../../../nios2-elf/lib\libc.a(lib_a-memset.o)
 .bss           0x02062e58        0x0 c:/altera/13.0sp1/nios2eds/bin/gnu/h-i686-mingw32/bin/../lib/gcc/nios2-elf/4.1.2/../../../../nios2-elf/lib\libc.a(lib_a-openr.o)
 .bss           0x02062e58        0x0 c:/altera/13.0sp1/nios2eds/bin/gnu/h-i686-mingw32/bin/../lib/gcc/nios2-elf/4.1.2/../../../../nios2-elf/lib\libc.a(lib_a-printf.o)
 .bss           0x02062e58        0x0 c:/altera/13.0sp1/nios2eds/bin/gnu/h-i686-mingw32/bin/../lib/gcc/nios2-elf/4.1.2/../../../../nios2-elf/lib\libc.a(lib_a-putchar.o)
 .bss           0x02062e58        0x0 c:/altera/13.0sp1/nios2eds/bin/gnu/h-i686-mingw32/bin/../lib/gcc/nios2-elf/4.1.2/../../../../nios2-elf/lib\libc.a(lib_a-puts.o)
 .bss           0x02062e58        0x0 c:/altera/13.0sp1/nios2eds/bin/gnu/h-i686-mingw32/bin/../lib/gcc/nios2-elf/4.1.2/../../../../nios2-elf/lib\libc.a(lib_a-refill.o)
 .bss           0x02062e58        0x0 c:/altera/13.0sp1/nios2eds/bin/gnu/h-i686-mingw32/bin/../lib/gcc/nios2-elf/4.1.2/../../../../nios2-elf/lib\libc.a(lib_a-sbrkr.o)
 .bss           0x02062e58        0x0 c:/altera/13.0sp1/nios2eds/bin/gnu/h-i686-mingw32/bin/../lib/gcc/nios2-elf/4.1.2/../../../../nios2-elf/lib\libc.a(lib_a-sprintf.o)
 .bss           0x02062e58        0x0 c:/altera/13.0sp1/nios2eds/bin/gnu/h-i686-mingw32/bin/../lib/gcc/nios2-elf/4.1.2/../../../../nios2-elf/lib\libc.a(lib_a-stdio.o)
 .bss           0x02062e58        0x0 c:/altera/13.0sp1/nios2eds/bin/gnu/h-i686-mingw32/bin/../lib/gcc/nios2-elf/4.1.2/../../../../nios2-elf/lib\libc.a(lib_a-strcpy.o)
 .bss           0x02062e58        0x0 c:/altera/13.0sp1/nios2eds/bin/gnu/h-i686-mingw32/bin/../lib/gcc/nios2-elf/4.1.2/../../../../nios2-elf/lib\libc.a(lib_a-strlen.o)
 .bss           0x02062e58        0x0 c:/altera/13.0sp1/nios2eds/bin/gnu/h-i686-mingw32/bin/../lib/gcc/nios2-elf/4.1.2/../../../../nios2-elf/lib\libc.a(lib_a-vfprintf.o)
 .bss           0x02062e58        0x0 c:/altera/13.0sp1/nios2eds/bin/gnu/h-i686-mingw32/bin/../lib/gcc/nios2-elf/4.1.2/../../../../nios2-elf/lib\libc.a(lib_a-vsnprintf.o)
 .bss           0x02062e58        0x0 c:/altera/13.0sp1/nios2eds/bin/gnu/h-i686-mingw32/bin/../lib/gcc/nios2-elf/4.1.2/../../../../nios2-elf/lib\libc.a(lib_a-writer.o)
 .bss           0x02062e58        0x0 c:/altera/13.0sp1/nios2eds/bin/gnu/h-i686-mingw32/bin/../lib/gcc/nios2-elf/4.1.2/../../../../nios2-elf/lib\libc.a(lib_a-wsetup.o)
 .bss           0x02062e58        0x0 c:/altera/13.0sp1/nios2eds/bin/gnu/h-i686-mingw32/bin/../lib/gcc/nios2-elf/4.1.2/../../../../nios2-elf/lib\libc.a(lib_a-closer.o)
 .bss           0x02062e58        0x0 c:/altera/13.0sp1/nios2eds/bin/gnu/h-i686-mingw32/bin/../lib/gcc/nios2-elf/4.1.2/../../../../nios2-elf/lib\libc.a(lib_a-dtoa.o)
 .bss           0x02062e58        0x0 c:/altera/13.0sp1/nios2eds/bin/gnu/h-i686-mingw32/bin/../lib/gcc/nios2-elf/4.1.2/../../../../nios2-elf/lib\libc.a(lib_a-flags.o)
 .bss           0x02062e58        0x0 c:/altera/13.0sp1/nios2eds/bin/gnu/h-i686-mingw32/bin/../lib/gcc/nios2-elf/4.1.2/../../../../nios2-elf/lib\libc.a(lib_a-fvwrite.o)
 .bss           0x02062e58        0x0 c:/altera/13.0sp1/nios2eds/bin/gnu/h-i686-mingw32/bin/../lib/gcc/nios2-elf/4.1.2/../../../../nios2-elf/lib\libc.a(lib_a-isattyr.o)
 .bss           0x02062e58        0x0 c:/altera/13.0sp1/nios2eds/bin/gnu/h-i686-mingw32/bin/../lib/gcc/nios2-elf/4.1.2/../../../../nios2-elf/lib\libc.a(lib_a-locale.o)
 .bss           0x02062e58        0x0 c:/altera/13.0sp1/nios2eds/bin/gnu/h-i686-mingw32/bin/../lib/gcc/nios2-elf/4.1.2/../../../../nios2-elf/lib\libc.a(lib_a-lseekr.o)
 .bss           0x02062e58        0x0 c:/altera/13.0sp1/nios2eds/bin/gnu/h-i686-mingw32/bin/../lib/gcc/nios2-elf/4.1.2/../../../../nios2-elf/lib\libc.a(lib_a-memchr.o)
 .bss           0x02062e58        0x0 c:/altera/13.0sp1/nios2eds/bin/gnu/h-i686-mingw32/bin/../lib/gcc/nios2-elf/4.1.2/../../../../nios2-elf/lib\libc.a(lib_a-memmove.o)
 .bss           0x02062e58        0x0 c:/altera/13.0sp1/nios2eds/bin/gnu/h-i686-mingw32/bin/../lib/gcc/nios2-elf/4.1.2/../../../../nios2-elf/lib\libc.a(lib_a-mprec.o)
 .bss           0x02062e58        0x0 c:/altera/13.0sp1/nios2eds/bin/gnu/h-i686-mingw32/bin/../lib/gcc/nios2-elf/4.1.2/../../../../nios2-elf/lib\libc.a(lib_a-putc.o)
 .bss           0x02062e58        0x0 c:/altera/13.0sp1/nios2eds/bin/gnu/h-i686-mingw32/bin/../lib/gcc/nios2-elf/4.1.2/../../../../nios2-elf/lib\libc.a(lib_a-readr.o)
 .bss           0x02062e58        0x0 c:/altera/13.0sp1/nios2eds/bin/gnu/h-i686-mingw32/bin/../lib/gcc/nios2-elf/4.1.2/../../../../nios2-elf/lib\libc.a(lib_a-reallocr.o)
 .bss           0x02062e58        0x0 c:/altera/13.0sp1/nios2eds/bin/gnu/h-i686-mingw32/bin/../lib/gcc/nios2-elf/4.1.2/../../../../nios2-elf/lib\libc.a(lib_a-s_isinfd.o)
 .bss           0x02062e58        0x0 c:/altera/13.0sp1/nios2eds/bin/gnu/h-i686-mingw32/bin/../lib/gcc/nios2-elf/4.1.2/../../../../nios2-elf/lib\libc.a(lib_a-strcmp.o)
 .bss           0x02062e58        0x0 c:/altera/13.0sp1/nios2eds/bin/gnu/h-i686-mingw32/bin/../lib/gcc/nios2-elf/4.1.2/../../../../nios2-elf/lib\libc.a(lib_a-wbuf.o)
 .bss           0x02062e58        0x0 c:/altera/13.0sp1/nios2eds/bin/gnu/h-i686-mingw32/bin/../lib/gcc/nios2-elf/4.1.2/../../../../nios2-elf/lib\libc.a(lib_a-callocr.o)
 .bss           0x02062e58        0x0 c:/altera/13.0sp1/nios2eds/bin/gnu/h-i686-mingw32/bin/../lib/gcc/nios2-elf/4.1.2\libgcc.a(_udivdi3.o)
 .bss           0x02062e58        0x0 c:/altera/13.0sp1/nios2eds/bin/gnu/h-i686-mingw32/bin/../lib/gcc/nios2-elf/4.1.2\libgcc.a(_umoddi3.o)
 .bss           0x02062e58        0x0 c:/altera/13.0sp1/nios2eds/bin/gnu/h-i686-mingw32/bin/../lib/gcc/nios2-elf/4.1.2\libgcc.a(_eq_df.o)
 .bss           0x02062e58        0x0 c:/altera/13.0sp1/nios2eds/bin/gnu/h-i686-mingw32/bin/../lib/gcc/nios2-elf/4.1.2\libgcc.a(_ne_df.o)
 .bss           0x02062e58        0x0 c:/altera/13.0sp1/nios2eds/bin/gnu/h-i686-mingw32/bin/../lib/gcc/nios2-elf/4.1.2\libgcc.a(_gt_df.o)
 .bss           0x02062e58        0x0 c:/altera/13.0sp1/nios2eds/bin/gnu/h-i686-mingw32/bin/../lib/gcc/nios2-elf/4.1.2\libgcc.a(_ge_df.o)
 .bss           0x02062e58        0x0 c:/altera/13.0sp1/nios2eds/bin/gnu/h-i686-mingw32/bin/../lib/gcc/nios2-elf/4.1.2\libgcc.a(_usi_to_df.o)
 .bss           0x02062e58        0x0 ../integrated_sw_bsp/\libhal_bsp.a(alt_close.o)
 .bss           0x02062e58        0x0 ../integrated_sw_bsp/\libhal_bsp.a(alt_dcache_flush.o)
 .bss           0x02062e58        0x0 ../integrated_sw_bsp/\libhal_bsp.a(alt_dcache_flush_all.o)
 .bss           0x02062e58        0x0 ../integrated_sw_bsp/\libhal_bsp.a(alt_dev.o)
 .bss           0x02062e58        0x0 ../integrated_sw_bsp/\libhal_bsp.a(alt_errno.o)
 .bss           0x02062e58        0x0 ../integrated_sw_bsp/\libhal_bsp.a(alt_flash_dev.o)
 .bss           0x02062e58        0x0 ../integrated_sw_bsp/\libhal_bsp.a(alt_fstat.o)
 .bss           0x02062e58        0x0 ../integrated_sw_bsp/\libhal_bsp.a(alt_irq_register.o)
 .bss           0x02062e58        0x0 ../integrated_sw_bsp/\libhal_bsp.a(alt_irq_vars.o)
 .bss           0x02062e58        0x0 ../integrated_sw_bsp/\libhal_bsp.a(alt_isatty.o)
 .bss           0x02062e58        0x0 ../integrated_sw_bsp/\libhal_bsp.a(alt_lseek.o)
 .bss           0x02062e58        0x0 ../integrated_sw_bsp/\libhal_bsp.a(alt_main.o)
 .bss           0x02062e58        0x0 ../integrated_sw_bsp/\libhal_bsp.a(alt_malloc_lock.o)
 .bss           0x02062e58        0x0 ../integrated_sw_bsp/\libhal_bsp.a(alt_open.o)
 .bss           0x02062e58        0x0 ../integrated_sw_bsp/\libhal_bsp.a(alt_read.o)
 .bss           0x02062e58        0x0 ../integrated_sw_bsp/\libhal_bsp.a(alt_release_fd.o)
 .bss           0x02062e58        0x0 ../integrated_sw_bsp/\libhal_bsp.a(alt_sbrk.o)
 .bss           0x02062e58        0x0 ../integrated_sw_bsp/\libhal_bsp.a(alt_tick.o)
 .bss           0x02062e58        0x0 ../integrated_sw_bsp/\libhal_bsp.a(alt_usleep.o)
 .bss           0x02062e58        0x0 ../integrated_sw_bsp/\libhal_bsp.a(alt_write.o)
 .bss           0x02062e58        0x0 ../integrated_sw_bsp/\libhal_bsp.a(alt_sys_init.o)
 .bss           0x02062e58        0x0 ../integrated_sw_bsp/\libhal_bsp.a(altera_avalon_cfi_flash.o)
 .bss           0x02062e58        0x0 ../integrated_sw_bsp/\libhal_bsp.a(altera_avalon_cfi_flash_table.o)
 .bss           0x02062e58        0x0 ../integrated_sw_bsp/\libhal_bsp.a(altera_avalon_epcs_flash_controller.o)
 .bss           0x02062e58        0x0 ../integrated_sw_bsp/\libhal_bsp.a(altera_avalon_jtag_uart_fd.o)